D/SensorManager( 2283): unregisterListener::  Listener= com.android.server.PowerManagerService$17@42722dd0
D/SensorService( 2283): SensorDevice::activate  (enable 1, disable 0) = 0
D/SensorService( 2283): activating sensor disable handle=3 
D/SensorService( 2283): activating sensor disable, Done!
D/SensorService( 2283): SensorDevice::activating sensor handle=3 ns=200000000 
D/SensorManager( 2283): unregisterListener::  Listener= com.android.server.PowerManagerService$18@4260e490
I/SensorManager( 2283): Set min delay = 200000
I/SensorManager( 2283): Before sending... delay = 200000
D/Sensors ( 2283): Remain listener = android.view.WindowOrientationListener$SensorEventListenerImpl@42c85b80
I/Sensors ( 2283): sendDelay --- 200000000
I/SensorService( 2283): info.selectDelay() ns=200000000  
D/iNemoSensor( 2283): setDelay(): handle(0), en(200000000)
I/iNemoSensor( 2283): skip update_delay wanted_accel = 200000000 current delay = 200000000
D/SensorService( 2283): SensorDevice::setDelay, Return(true 1, false 0) =  1
D/SensorManager( 2283): JNI - sendDelay
D/lights  ( 2283): button : 2 +
D/lights  ( 2283): button : 2 -
E/lights  ( 2283): write_int failed to open /sys/class/leds/keyboard-backlight/brightness
I/power   ( 2283): *** acquire_dvfs_lock : lockType : 1  freq : 1400000 
D/lights  ( 2283): LCD : 18 +
D/lights  ( 2283): LCD : 18 -
D/WindowManager( 2283): mSetIgnore
D/KeyguardViewMediator( 2283): onScreenTurnedOff(3)
D/KeyguardViewMediator( 2283): setting alarm to turn off keyguard, seq = 1
D/SensorManager( 2283): unregisterListener::  Listener= android.view.WindowOrientationListener$SensorEventListenerImpl@42c85b80
D/Sensors ( 2283): Remain listener = Sending .. normal delay 200ms
I/Sensors ( 2283): sendDelay --- 200000000
I/SensorService( 2283): info.selectDelay() ns=200000000  
D/iNemoSensor( 2283): setDelay(): handle(0), en(200000000)
I/iNemoSensor( 2283): skip update_delay wanted_accel = 200000000 current delay = 200000000
D/SensorService( 2283): SensorDevice::setDelay, Return(true 1, false 0) =  1
D/SensorManager( 2283): JNI - sendDelay
I/SensorManager( 2283): Set normal delay = true
I/iNemoSensor( 2283): enable(): handle(0), en(0), what(0)
D/AkmSensor( 2283): akm_disable_sensor: Accel is disabled. (orien = 0)
I/AkmSensor( 2283): enable_accelerometer, mEnabled = 1, enable = 0
D/iNemoSensor( 2283): enable(): MASK_ACC (0) MASK_MAG (0) MASK_GYR (0)
D/iNemoSensor( 2283): enable(): mEnAcc(0) mEnMag(0) mEnGyr(0)
D/SensorService( 2283): SensorDevice::activate  (enable 1, disable 0) = 0
D/SensorService( 2283): activating sensor disable handle=0 
D/SensorService( 2283): activating sensor disable, Done!
D/SensorService( 2283): SensorDevice::activating sensor handle=0 ns=200000000 
D/iNemoSensor( 2283): setDelay(): handle(0), en(200000000)
D/lights  ( 2283): LCD : 17 +
D/lights  ( 2283): LCD : 17 -
D/Launcher.HomeFragment( 2945): onPause
D/Launcher( 2945): onPause, Launcher: 1113232192
D/widget  ( 2945): [MSC_HERO_Accu_JB]>>> WC:1028 [0:0]  onPause 
D/lights  ( 2283): LCD : 16 +
D/lights  ( 2283): LCD : 16 -
D/Launcher.HomeFragment( 2945): onStop
D/Launcher( 2945): onStop, Launcher: 1113232192
D/lights  ( 2283): LCD : 15 +
D/lights  ( 2283): LCD : 15 -
D/SurfaceFlinger( 1905): About to give-up screen, flinger = 0x415dad78
D/lights  ( 2283): LCD : 14 +
D/lights  ( 2283): LCD : 14 -
D/SecTVOutService( 1905): virtual void android::SecTVOutService::setSuspendMode(uint32_t) TV suspend mode = 1
D/SecTVOutService( 1905): virtual void android::SecTVOutService::setHdmiStatus(uint32_t) HDMI cable status = 0
D/lights  ( 2283): LCD : 12 +
D/lights  ( 2283): LCD : 12 -
D/SensorService( 2283): info.rates.add, set DEFAULT_EVENTS_PERIOD
D/SensorService( 2283): SensorDevice::activate  (enable 1, disable 0) = 1
D/SensorService( 2283): activating sensor enable handle=3 
D/SensorService( 2283): activating sensor enable, Done!
D/SensorService( 2283): SensorDevice::activating sensor handle=3 ns=200000000 
I/SensorService( 2283): info.selectDelay() ns=200000000  
D/SensorService( 2283): SensorDevice::setDelay, Return(true 1, false 0) =  1
D/SensorManager( 2283): registerListener :: handle = 3  name= CM36651 Light sensor delay= 200000 Listener= com.android.server.LightsService$4@42c4ed28
I/sCloud_Push_Service( 5879): ==============Push Client Ver.1.4.6 END===============
D/lights  ( 2283): LCD : 10 +
D/lights  ( 2283): LCD : 10 -
W/IInputConnectionWrapper( 2945): getSelectedText on inactive InputConnection
W/IInputConnectionWrapper( 2945): setComposingText on inactive InputConnection
D/lights  ( 2283): LCD : 8 +
D/lights  ( 2283): LCD : 8 -
I/AudioHardwareTinyALSA( 7438): setParameters(screen_state=off)
I/audio_wfd_hw( 7438): adev_set_parameters() screen_state=off
D/tms_audio_hw/AudioTmsIpc( 7438): adev_set_parameters : Enter 
D/tms_audio_hw/AudioTmsIpc( 7438): adev_set_parameters : Exit 
D/SensorManager( 2283): registerListener :: handle = 3  name= CM36651 Light sensor delay= 200000 Listener= com.android.server.LightsService$4@42c4ed28
D/lights  ( 2283): LCD : 7 +
D/lights  ( 2283): LCD : 7 -
D/lights  ( 2283): LCD : 5 +
D/lights  ( 2283): LCD : 5 -
D/lights  ( 2283): LCD : 3 +
D/lights  ( 2283): LCD : 3 -
D/lights  ( 2283): LCD : 2 +
D/lights  ( 2283): LCD : 2 -
D/dalvikvm( 2283): GC_CONCURRENT freed 2029K, 42% free 22027K/37511K, paused 6ms+11ms, total 127ms
D/dalvikvm( 2283): WAIT_FOR_CONCURRENT_GC blocked 59ms
D/dalvikvm( 2283): WAIT_FOR_CONCURRENT_GC blocked 58ms
D/lights  ( 2283): LCD : 0 +
D/lights  ( 2283): LCD : 0 -
I/power   ( 2283): *** release_dvfs_lock : lockType : 1 
V/SecCamera-JNI-Cpp( 2283): release camera
V/SecCamera-JNI-Cpp( 2283): release camera
I/Launcher.StuckInEdit( 2945): exitWidgetResizeMode State NORMAL
D/com.samsung.app( 3277): [MSC_HERO_Accu_JB]>>> WCS:251 [0:0]  BR act = androidintentactionSCREEN_OFF
D/SensorManager( 2283): unregisterListener::  Listener= com.android.server.LightsService$4@42c4ed28
D/SensorService( 2283): SensorDevice::activate  (enable 1, disable 0) = 0
D/SensorService( 2283): activating sensor disable handle=3 
D/SensorService( 2283): activating sensor disable, Done!
D/SensorService( 2283): SensorDevice::activating sensor handle=3 ns=200000000 
D/lights  ( 2283): write pattern : g_led_info = 8
D/lights  ( 2283): led_pattern : 1 +
D/lights  ( 2283): led_pattern : 1 -
D/dalvikvm( 3847): GC_CONCURRENT freed 2075K, 12% free 21547K/24327K, paused 22ms+8ms, total 144ms
D/dalvikvm( 3847): WAIT_FOR_CONCURRENT_GC blocked 121ms
D/AbsListView( 3847): [unregisterDoubleTapMotionListener]
I/MotionRecognitionManager( 3847):   .unregisterListener : / listener count = 0->0, listener=android.widget.AbsListView$4@427e36e0
D/WindowManager( 2283): mUnSetIgnore, show = false
W/IdleConnectionHandler( 3847): Removing a connection that never existed!
W/IdleConnectionHandler( 3847): Removing a connection that never existed!
W/IdleConnectionHandler( 3847): Removing a connection that never existed!
W/IdleConnectionHandler( 3847): Removing a connection that never existed!
W/IdleConnectionHandler( 3847): Removing a connection that never existed!
W/IdleConnectionHandler( 3847): Removing a connection that never existed!
W/IdleConnectionHandler( 3847): Removing a connection that never existed!
W/IdleConnectionHandler( 3847): Removing a connection that never existed!
W/IdleConnectionHandler( 3847): Removing a connection that never existed!
W/IdleConnectionHandler( 3847): Removing a connection that never existed!
D/KeyguardViewMediator( 2283): received DELAYED_KEYGUARD_ACTION with seq = 1, mDelayedShowingSequence = 1
D/KeyguardViewMediator( 2283): Not factory mode
D/LockPatternUtils( 2283): isPcwEnable = 10
D/KeyguardViewMediator( 2283): doKeyguard: showing the lock screen
D/KeyguardViewMediator( 2283): showLocked
D/KeyguardViewMediator( 2283): handleShow
D/LockPatternKeyguardView( 2283): phone state: 0
V/LockPatternKeyguardView( 2283): Set visibility on com.android.internal.policy.impl.LockPatternKeyguardView$4@43610368 to 0
E/LockPatternKeyguardView( 2283): mIsVoiceUnlockOn=false
D/LockPatternKeyguardView( 2283): mIsTalkbackDrvModeOn=false
D/LockPatternUtils( 2283): isPcwEnable = 10
D/CircleLockScreen( 2283): drv mode off
D/CircleLockScreen( 2283): mTalkbackEnabled =false
D/CircleLockScreen( 2283): explore by touch mode off
V/SoundPoolThread( 2283): beginThread
V/SoundPoolThread( 2283): run
V/SoundPoolThread( 2283): Got message m=2, mData=1
V/MediaPlayer( 2283): decode(347, 21000008, 11571)
V/MediaPlayerService( 7438): decode(30, 21000008, 11571)
V/MediaPlayerService( 7438): player type = 3
V/MediaPlayerService( 7438):  create StagefrightPlayer
V/AwesomePlayer( 7438): setDefault
V/AwesomePlayer( 7438): constructor
V/AwesomePlayer( 7438): setDefault
I/AwesomePlayer( 7438): reset
I/AwesomePlayer( 7438): cancel player events
V/AwesomePlayer( 7438): mAudioTrackVector clear
V/StagefrightPlayer( 7438): StagefrightPlayer
V/AwesomePlayer( 7438): setListener
V/StagefrightPlayer( 7438): initCheck
V/StagefrightPlayer( 7438): setDataSource(30, 21000008, 11571)
V/AwesomePlayer( 7438): setDataSource (32, 21000008, 11571)
I/AwesomePlayer( 7438): cancel player events
V/AwesomePlayer( 7438): mAudioTrackVector clear
V/AwesomePlayer( 7438): track of type 'audio/vorbis' does not publish bitrate
V/AwesomePlayer( 7438): mBitrate = -1 bits/sec
W/AwesomePlayer( 7438): couldn't get userdata - Weather
W/AwesomePlayer( 7438): couldn't get userdata - Authorization 
W/AwesomePlayer( 7438): couldn't get userdata - SnapShot 
V/AwesomePlayer( 7438): current audio track (0)
V/AwesomePlayer( 7438): current audio track (0) is added to vector[0]
V/AwesomePlayer( 7438): setDataSource_l: Audio(1), Video(0)
I/AwesomePlayer( 7438): AwesomePlayer::setDataSource_l():: This is not a DRM content
V/MediaPlayerService( 7438): prepare
V/AwesomePlayer( 7438): prepareAsync
V/MediaPlayerService( 7438): wait for prepare
V/AwesomePlayer( 7438): onPrepareAsyncEvent
V/AwesomePlayer( 7438): notifyListner_l() msg (5-MEDIA_SET_VIDEO_SIZE), ext1 (0), ext2 (0)
V/AudioCache( 7438): notify(0x42061990, 5, 0, 0)
V/AudioCache( 7438): ignored
V/AwesomePlayer( 7438): notifyListner_l() msg (1-MEDIA_PREPARED), ext1 (0), ext2 (0)
V/AudioCache( 7438): notify(0x42061990, 1, 0, 0)
V/AudioCache( 7438): prepared
V/AudioCache( 7438): wait - success
V/MediaPlayerService( 7438): start
V/StagefrightPlayer( 7438): start
V/AwesomePlayer( 7438): play
V/AwesomePlayer( 7438): AwesomePlayer::play_l():: This is not a DRM content
I/AudioPlayer( 7438):  Audioplayer kKeyAudioPCMFormat:1, 2, 0
I/AudioPlayer( 7438):  Audioplayer1 (2, 1)
V/AudioCache( 7438): open(44100, 2, 0x0, 1, 4)
V/MediaPlayerService( 7438): wait for playback complete
D/CircleMissedEventWidget( 2283): portrait mode
V/AudioCache( 7438): write(0x42239008, 4096)
V/AudioCache( 7438): memcpy(0x42f8c000, 0x42239008, 4096)
V/AudioCache( 7438): write(0x42239008, 4096)
V/AudioCache( 7438): memcpy(0x42f8d000, 0x42239008, 4096)
V/AudioCache( 7438): write(0x42239008, 4096)
V/AudioCache( 7438): memcpy(0x42f8e000, 0x42239008, 4096)
V/AudioCache( 7438): write(0x42239008, 4096)
V/AudioCache( 7438): memcpy(0x42f8f000, 0x42239008, 4096)
V/AudioCache( 7438): write(0x42239008, 4096)
V/AudioCache( 7438): memcpy(0x42f90000, 0x42239008, 4096)
V/AudioCache( 7438): write(0x42239008, 4096)
V/AudioCache( 7438): memcpy(0x42f91000, 0x42239008, 4096)
V/AudioCache( 7438): write(0x42239008, 4096)
V/AudioCache( 7438): memcpy(0x42f92000, 0x42239008, 4096)
V/AudioCache( 7438): write(0x42239008, 4096)
V/AudioCache( 7438): memcpy(0x42f93000, 0x42239008, 4096)
V/AudioCache( 7438): write(0x42239008, 4096)
V/AudioCache( 7438): memcpy(0x42f94000, 0x42239008, 4096)
V/AudioCache( 7438): write(0x42239008, 4096)
V/AudioCache( 7438): memcpy(0x42f95000, 0x42239008, 4096)
V/AudioCache( 7438): write(0x42239008, 4096)
V/AudioCache( 7438): memcpy(0x42f96000, 0x42239008, 4096)
V/AudioCache( 7438): write(0x42239008, 4096)
V/AudioCache( 7438): memcpy(0x42f97000, 0x42239008, 4096)
V/AudioCache( 7438): write(0x42239008, 4096)
V/AudioCache( 7438): memcpy(0x42f98000, 0x42239008, 4096)
V/AudioCache( 7438): write(0x42239008, 4096)
V/AudioCache( 7438): memcpy(0x42f99000, 0x42239008, 4096)
V/AudioCache( 7438): write(0x42239008, 4096)
V/AudioCache( 7438): memcpy(0x42f9a000, 0x42239008, 4096)
V/AudioCache( 7438): write(0x42239008, 4096)
V/AudioCache( 7438): memcpy(0x42f9b000, 0x42239008, 4096)
V/AudioCache( 7438): write(0x42239008, 4096)
V/AudioCache( 7438): memcpy(0x42f9c000, 0x42239008, 4096)
V/AudioCache( 7438): write(0x42239008, 4096)
V/AudioCache( 7438): memcpy(0x42f9d000, 0x42239008, 4096)
V/AudioCache( 7438): write(0x42239008, 4096)
V/AudioCache( 7438): memcpy(0x42f9e000, 0x42239008, 4096)
V/AudioCache( 7438): write(0x42239008, 4096)
V/AudioCache( 7438): memcpy(0x42f9f000, 0x42239008, 4096)
V/AudioCache( 7438): write(0x42239008, 4096)
V/AudioCache( 7438): memcpy(0x42fa0000, 0x42239008, 4096)
V/AudioCache( 7438): write(0x42239008, 4096)
V/AudioCache( 7438): memcpy(0x42fa1000, 0x42239008, 4096)
V/AudioCache( 7438): write(0x42239008, 4096)
V/AudioCache( 7438): memcpy(0x42fa2000, 0x42239008, 4096)
V/AudioCache( 7438): write(0x42239008, 4096)
V/AudioCache( 7438): memcpy(0x42fa3000, 0x42239008, 4096)
D/CircleMissedEventWidget( 2283): explore by touch mode off
V/AudioCache( 7438): write(0x42239008, 4096)
V/AudioCache( 7438): memcpy(0x42fa4000, 0x42239008, 4096)
E/OMXCodec( 7438): [OMX.google.vorbis.decoder] err = -1011
V/AudioCache( 7438): write(0x42239008, 4096)
V/AudioCache( 7438): memcpy(0x42fa5000, 0x42239008, 4096)
V/AudioCache( 7438): write(0x42239008, 4096)
V/AudioCache( 7438): memcpy(0x42fa6000, 0x42239008, 4096)
V/AudioCache( 7438): write(0x42239008, 4096)
V/AudioCache( 7438): memcpy(0x42fa7000, 0x42239008, 4096)
V/AudioCache( 7438): write(0x42239008, 4096)
V/AudioCache( 7438): memcpy(0x42fa8000, 0x42239008, 4096)
V/AudioCache( 7438): write(0x42239008, 1256)
V/AudioCache( 7438): memcpy(0x42fa9000, 0x42239008, 1256)
V/AwesomePlayer( 7438): MEDIA_PLAYBACK_COMPLETE
V/AwesomePlayer( 7438): notifyListner_l() msg (2-MEDIA_PLAYBACK_COMPLETE), ext1 (0), ext2 (0)
V/AudioCache( 7438): notify(0x42061990, 2, 0, 0)
V/AudioCache( 7438): playback complete - thread will wake up later
V/AudioCache( 7438): wait - success
V/StagefrightPlayer( 7438): reset
I/AwesomePlayer( 7438): reset
I/AwesomePlayer( 7438): cancel player events
V/AwesomePlayer( 7438): mAudioTrackVector clear
I/OMXCodec( 7438): [OMX.google.vorbis.decoder] stop() sendCommand(0x7, OMX_CommandStateSet, OMX_StateIdle)
I/OMXCodec( 7438): [OMX.google.vorbis.decoder] stopped in state 1
V/StagefrightPlayer( 7438): ~StagefrightPlayer
V/StagefrightPlayer( 7438): reset
I/AwesomePlayer( 7438): reset
I/AwesomePlayer( 7438): cancel player events
V/AwesomePlayer( 7438): mAudioTrackVector clear
I/AwesomePlayer( 7438): reset
I/AwesomePlayer( 7438): cancel player events
V/AwesomePlayer( 7438): mAudioTrackVector clear
V/AwesomePlayer( 7438): ~AwesomePlayer()
V/SoundPoolThread( 2283): Got message m=2, mData=2
V/MediaPlayer( 2283): decode(348, 21484576, 20394)
V/MediaPlayerService( 7438): decode(32, 21484576, 20394)
V/MediaPlayerService( 7438): player type = 3
V/MediaPlayerService( 7438):  create StagefrightPlayer
V/AwesomePlayer( 7438): setDefault
V/AwesomePlayer( 7438): constructor
V/AwesomePlayer( 7438): setDefault
I/AwesomePlayer( 7438): reset
I/AwesomePlayer( 7438): cancel player events
V/AwesomePlayer( 7438): mAudioTrackVector clear
V/StagefrightPlayer( 7438): StagefrightPlayer
V/AwesomePlayer( 7438): setListener
V/StagefrightPlayer( 7438): initCheck
V/StagefrightPlayer( 7438): setDataSource(32, 21484576, 20394)
V/AwesomePlayer( 7438): setDataSource (34, 21484576, 20394)
I/AwesomePlayer( 7438): cancel player events
V/AwesomePlayer( 7438): mAudioTrackVector clear
V/AwesomePlayer( 7438): track of type 'audio/vorbis' does not publish bitrate
V/AwesomePlayer( 7438): mBitrate = -1 bits/sec
W/AwesomePlayer( 7438): couldn't get userdata - Weather
W/AwesomePlayer( 7438): couldn't get userdata - Authorization 
W/AwesomePlayer( 7438): couldn't get userdata - SnapShot 
V/AwesomePlayer( 7438): current audio track (0)
V/AwesomePlayer( 7438): current audio track (0) is added to vector[0]
V/AwesomePlayer( 7438): setDataSource_l: Audio(1), Video(0)
I/AwesomePlayer( 7438): AwesomePlayer::setDataSource_l():: This is not a DRM content
V/MediaPlayerService( 7438): prepare
V/AwesomePlayer( 7438): prepareAsync
V/MediaPlayerService( 7438): wait for prepare
V/AwesomePlayer( 7438): onPrepareAsyncEvent
V/AwesomePlayer( 7438): notifyListner_l() msg (5-MEDIA_SET_VIDEO_SIZE), ext1 (0), ext2 (0)
V/AudioCache( 7438): notify(0x41c692a8, 5, 0, 0)
V/AudioCache( 7438): ignored
V/AwesomePlayer( 7438): notifyListner_l() msg (1-MEDIA_PREPARED), ext1 (0), ext2 (0)
V/AudioCache( 7438): notify(0x41c692a8, 1, 0, 0)
V/AudioCache( 7438): prepared
V/AudioCache( 7438): wait - success
V/MediaPlayerService( 7438): start
V/StagefrightPlayer( 7438): start
V/AwesomePlayer( 7438): play
V/AwesomePlayer( 7438): AwesomePlayer::play_l():: This is not a DRM content
I/AudioPlayer( 7438):  Audioplayer kKeyAudioPCMFormat:1, 1, 0
I/AudioPlayer( 7438):  Audioplayer1 (1, 1)
V/AudioCache( 7438): open(48000, 1, 0x0, 1, 4)
V/MediaPlayerService( 7438): wait for playback complete
V/AudioCache( 7438): write(0x41c16008, 2048)
V/AudioCache( 7438): memcpy(0x432fb000, 0x41c16008, 2048)
V/AudioCache( 7438): write(0x41c16008, 2048)
V/AudioCache( 7438): memcpy(0x432fb800, 0x41c16008, 2048)
V/AudioCache( 7438): write(0x41c16008, 2048)
V/AudioCache( 7438): memcpy(0x432fc000, 0x41c16008, 2048)
V/AudioCache( 7438): write(0x41c16008, 2048)
V/AudioCache( 7438): memcpy(0x432fc800, 0x41c16008, 2048)
V/AudioCache( 7438): write(0x41c16008, 2048)
V/AudioCache( 7438): memcpy(0x432fd000, 0x41c16008, 2048)
V/AudioCache( 7438): write(0x41c16008, 2048)
V/AudioCache( 7438): memcpy(0x432fd800, 0x41c16008, 2048)
V/AudioCache( 7438): write(0x41c16008, 2048)
V/AudioCache( 7438): memcpy(0x432fe000, 0x41c16008, 2048)
V/AudioCache( 7438): write(0x41c16008, 2048)
V/AudioCache( 7438): memcpy(0x432fe800, 0x41c16008, 2048)
E/CircleShortcutWidget( 2283): density = 320
D/CircleShortcutWidget( 2283): explore by touch mode off
E/CircleShortcutWidget( 2283): pkg name =com.android.contacts, activityName=com.android.contacts.activities.DialtactsActivity
V/AudioCache( 7438): write(0x41c16008, 2048)
V/AudioCache( 7438): memcpy(0x432ff000, 0x41c16008, 2048)
V/AudioCache( 7438): write(0x41c16008, 2048)
V/AudioCache( 7438): memcpy(0x432ff800, 0x41c16008, 2048)
V/AudioCache( 7438): write(0x41c16008, 2048)
V/AudioCache( 7438): memcpy(0x43300000, 0x41c16008, 2048)
V/AudioCache( 7438): write(0x41c16008, 2048)
V/AudioCache( 7438): memcpy(0x43300800, 0x41c16008, 2048)
V/AudioCache( 7438): write(0x41c16008, 2048)
V/AudioCache( 7438): memcpy(0x43301000, 0x41c16008, 2048)
V/AudioCache( 7438): write(0x41c16008, 2048)
V/AudioCache( 7438): memcpy(0x43301800, 0x41c16008, 2048)
D/CircleShortcutWidget( 2283): mIconWidth =96
V/AudioCache( 7438): write(0x41c16008, 2048)
V/AudioCache( 7438): memcpy(0x43302000, 0x41c16008, 2048)
V/AudioCache( 7438): write(0x41c16008, 2048)
V/AudioCache( 7438): memcpy(0x43302800, 0x41c16008, 2048)
V/AudioCache( 7438): write(0x41c16008, 2048)
V/AudioCache( 7438): memcpy(0x43303000, 0x41c16008, 2048)
V/AudioCache( 7438): write(0x41c16008, 2048)
V/AudioCache( 7438): memcpy(0x43303800, 0x41c16008, 2048)
V/AudioCache( 7438): write(0x41c16008, 2048)
V/AudioCache( 7438): memcpy(0x43304000, 0x41c16008, 2048)
V/AudioCache( 7438): write(0x41c16008, 2048)
V/AudioCache( 7438): memcpy(0x43304800, 0x41c16008, 2048)
V/AudioCache( 7438): write(0x41c16008, 2048)
V/AudioCache( 7438): memcpy(0x43305000, 0x41c16008, 2048)
V/AudioCache( 7438): write(0x41c16008, 2048)
V/AudioCache( 7438): memcpy(0x43305800, 0x41c16008, 2048)
V/AudioCache( 7438): write(0x41c16008, 2048)
V/AudioCache( 7438): memcpy(0x43306000, 0x41c16008, 2048)
V/AudioCache( 7438): write(0x41c16008, 2048)
V/AudioCache( 7438): memcpy(0x43306800, 0x41c16008, 2048)
V/AudioCache( 7438): write(0x41c16008, 2048)
V/AudioCache( 7438): memcpy(0x43307000, 0x41c16008, 2048)
V/AudioCache( 7438): write(0x41c16008, 2048)
V/AudioCache( 7438): memcpy(0x43307800, 0x41c16008, 2048)
V/AudioCache( 7438): write(0x41c16008, 2048)
V/AudioCache( 7438): memcpy(0x43308000, 0x41c16008, 2048)
V/AudioCache( 7438): write(0x41c16008, 2048)
V/AudioCache( 7438): memcpy(0x43308800, 0x41c16008, 2048)
V/AudioCache( 7438): write(0x41c16008, 2048)
V/AudioCache( 7438): memcpy(0x43309000, 0x41c16008, 2048)
V/AudioCache( 7438): write(0x41c16008, 2048)
V/AudioCache( 7438): memcpy(0x43309800, 0x41c16008, 2048)
V/AudioCache( 7438): write(0x41c16008, 2048)
V/AudioCache( 7438): memcpy(0x4330a000, 0x41c16008, 2048)
V/AudioCache( 7438): write(0x41c16008, 2048)
V/AudioCache( 7438): memcpy(0x4330a800, 0x41c16008, 2048)
V/AudioCache( 7438): write(0x41c16008, 2048)
V/AudioCache( 7438): memcpy(0x4330b000, 0x41c16008, 2048)
V/AudioCache( 7438): write(0x41c16008, 2048)
V/AudioCache( 7438): memcpy(0x4330b800, 0x41c16008, 2048)
V/AudioCache( 7438): write(0x41c16008, 2048)
V/AudioCache( 7438): memcpy(0x4330c000, 0x41c16008, 2048)
V/AudioCache( 7438): write(0x41c16008, 2048)
V/AudioCache( 7438): memcpy(0x4330c800, 0x41c16008, 2048)
V/AudioCache( 7438): write(0x41c16008, 2048)
V/AudioCache( 7438): memcpy(0x4330d000, 0x41c16008, 2048)
V/AudioCache( 7438): write(0x41c16008, 2048)
V/AudioCache( 7438): memcpy(0x4330d800, 0x41c16008, 2048)
V/AudioCache( 7438): write(0x41c16008, 2048)
V/AudioCache( 7438): memcpy(0x4330e000, 0x41c16008, 2048)
V/AudioCache( 7438): write(0x41c16008, 2048)
V/AudioCache( 7438): memcpy(0x4330e800, 0x41c16008, 2048)
V/AudioCache( 7438): write(0x41c16008, 2048)
V/AudioCache( 7438): memcpy(0x4330f000, 0x41c16008, 2048)
V/AudioCache( 7438): write(0x41c16008, 2048)
V/AudioCache( 7438): memcpy(0x4330f800, 0x41c16008, 2048)
V/AudioCache( 7438): write(0x41c16008, 2048)
V/AudioCache( 7438): memcpy(0x43310000, 0x41c16008, 2048)
E/OMXCodec( 7438): [OMX.google.vorbis.decoder] err = -1011
V/AudioCache( 7438): write(0x41c16008, 2048)
V/AudioCache( 7438): memcpy(0x43310800, 0x41c16008, 2048)
V/AudioCache( 7438): write(0x41c16008, 2048)
V/AudioCache( 7438): memcpy(0x43311000, 0x41c16008, 2048)
V/AudioCache( 7438): write(0x41c16008, 2048)
V/AudioCache( 7438): memcpy(0x43311800, 0x41c16008, 2048)
V/AudioCache( 7438): write(0x41c16008, 2048)
V/AudioCache( 7438): memcpy(0x43312000, 0x41c16008, 2048)
V/AudioCache( 7438): write(0x41c16008, 824)
V/AudioCache( 7438): memcpy(0x43312800, 0x41c16008, 824)
V/AwesomePlayer( 7438): MEDIA_PLAYBACK_COMPLETE
V/AwesomePlayer( 7438): notifyListner_l() msg (2-MEDIA_PLAYBACK_COMPLETE), ext1 (0), ext2 (0)
V/AudioCache( 7438): notify(0x41c692a8, 2, 0, 0)
V/AudioCache( 7438): playback complete - thread will wake up later
V/AudioCache( 7438): wait - success
V/StagefrightPlayer( 7438): reset
I/AwesomePlayer( 7438): reset
I/AwesomePlayer( 7438): cancel player events
V/AwesomePlayer( 7438): mAudioTrackVector clear
I/OMXCodec( 7438): [OMX.google.vorbis.decoder] stop() sendCommand(0x8, OMX_CommandStateSet, OMX_StateIdle)
I/OMXCodec( 7438): [OMX.google.vorbis.decoder] stopped in state 1
V/StagefrightPlayer( 7438): ~StagefrightPlayer
V/StagefrightPlayer( 7438): reset
I/AwesomePlayer( 7438): reset
I/AwesomePlayer( 7438): cancel player events
V/AwesomePlayer( 7438): mAudioTrackVector clear
I/AwesomePlayer( 7438): reset
I/AwesomePlayer( 7438): cancel player events
V/AwesomePlayer( 7438): mAudioTrackVector clear
V/AwesomePlayer( 7438): ~AwesomePlayer()
D/CircleShortcutWidget( 2283): BitmapDrawable
E/CircleShortcutWidget( 2283): pkg name =com.sec.chaton, activityName=com.sec.chaton.HomeActivity
D/CircleShortcutWidget( 2283): mIconWidth =96
D/CircleShortcutWidget( 2283): BitmapDrawable
E/CircleShortcutWidget( 2283): pkg name =com.google.android.googlequicksearchbox, activityName=com.google.android.googlequicksearchbox.SearchActivity
D/CircleShortcutWidget( 2283): mIconWidth =96
D/CircleShortcutWidget( 2283): BitmapDrawable
E/CircleShortcutWidget( 2283): pkg name =com.android.browser, activityName=com.android.browser.BrowserActivity
D/CircleShortcutWidget( 2283): mIconWidth =96
D/CircleShortcutWidget( 2283): BitmapDrawable
E/CircleShortcutWidget( 2283): pkg name =com.sec.android.app.camera, activityName=com.sec.android.app.camera.Camera
D/CircleShortcutWidget( 2283): mIconWidth =96
D/CircleShortcutWidget( 2283): BitmapDrawable
D/CircleLockScreen( 2283): cursor.getInt(0) = 0
D/CircleLockScreen( 2283): cursor.getInt(0) = 0
D/CircleLockScreen( 2283): cursor.getInt(0) = 0
D/CircleLockScreen( 2283): mChecked = 111
D/CircleLockScreen( 2283): onRefreshBatteryInfo() showPatteryInfo: true pluggedIn: true batteryLevel: 5
D/ClockWidget( 2283): refreshTime()
D/ClockWidget( 2283): TTS Message = Sono le 9:59, Luned, Ottobre 28
D/ClockWidget( 2283): refreshTime()
D/ClockWidget( 2283): TTS Message = Sono le 9:59, Luned, Ottobre 28
W/LockPatternKeyguardView( 2283): Couldn't find transport control widget
D/LockPatternUtils( 2283): isPcwEnable = 10
D/dalvikvm( 2283): JIT code cache reset in 3 ms (1048508 bytes 1/0)
D/dalvikvm( 2283): GC_FOR_ALLOC freed 569K, 38% free 23343K/37511K, paused 93ms, total 102ms
I/dalvikvm-heap( 2283): Grow heap (frag case) to 29.615MB for 6553616-byte allocation
D/dalvikvm( 2283): GC_CONCURRENT freed 49K, 33% free 29694K/43975K, paused 13ms+7ms, total 215ms
D/dalvikvm( 2283): WAIT_FOR_CONCURRENT_GC blocked 20ms
D/LockPatternKeyguardView( 2283): max failed attempt for device disable :0
D/LockPatternUtils( 2283): isPcwEnable = 10
D/LockPatternUtils( 2283): isPcwEnable = 10
W/LockPatternKeyguardView( 2283): no unlock screen when trying to enable fallback
D/ClockWidget( 2283): refreshTime()
D/ClockWidget( 2283): TTS Message = Sono le 9:59, Luned, Ottobre 28
D/ClockWidget( 2283): isServiceEnable = false cityId = cityId:213655
D/ClockWidget( 2283): Weather Demon is not running, Set visibility to GONE
V/KeyguardViewManager( 2283): KGVM: Set visibility on com.android.internal.policy.impl.KeyguardViewManager$KeyguardViewHost@42d92ff0 to 6291456
D/KeyguardViewMediator( 2283): adjustUserActivityLocked mShowing: true mHidden: false
D/LockPatternUtils( 2283): isPcwEnable = 10
D/LockPatternUtils( 2283): isPcwEnable = 10
D/LockPatternUtils( 2283): isPcwEnable = 10
D/KeyguardViewMediator( 2283): adjustStatusBarLocked: mShowing=true mHidden=false isSecure=false --> flags=0x1000000
E/KeyguardViewMediator( 2283): 2. Lockscreen lock
E/KeyguardViewMediator( 2283): Phone is boot completed. so can broadcast
I/Choreographer( 2283): Skipped 67 frames!  The application may be doing too much work on its main thread.
I/SurfaceFlinger( 1905): id=14(4) createSurf 0x437645fc (720x1230),1 flag=0, Leyguard
D/KeyguardViewMediator( 2283): setHidden false
I/SurfaceFlinger( 1905): id=15(5) createSurf 0x43515ee4 (720x1230),3 flag=400, TurfaceView
D/KeyguardViewMediator( 2283): setHidden false
D/dalvikvm( 2283): GC_FOR_ALLOC freed 43K, 33% free 29718K/43975K, paused 94ms, total 96ms
I/dalvikvm-heap( 2283): Grow heap (frag case) to 35.840MB for 6553616-byte allocation
D/dalvikvm( 2283): GC_CONCURRENT freed 11K, 29% free 36106K/50439K, paused 14ms+11ms, total 173ms
E/LockPatternKeyguardView( 2283): !!! callback setLockScreenReady
E/CircleUnlockRippleRenderer( 2283): CircleUnlockRippleRenderer setLockScreenReady
D/KeyguardViewMediator( 2283): setHidden false
D/LockPatternUtils( 2283): isPcwEnable = 10
D/LockPatternUtils( 2283): isPcwEnable = 10
D/LockPatternUtils( 2283): isPcwEnable = 10
D/KeyguardViewMediator( 2283): adjustStatusBarLocked: mShowing=true mHidden=false isSecure=false --> flags=0x1000000
V/LockPatternKeyguardView( 2283): Set visibility on com.android.internal.policy.impl.LockPatternKeyguardView$4@43610368 to 8388608
D/LockPatternKeyguardView( 2283): focused
D/CircleLockScreen( 2283): focused
D/KeyguardViewMediator( 2283): setHidden false
D/KeyguardViewMediator( 2283): setHidden false
V/LockPatternKeyguardView( 2283): *** dispatchDraw() time: 687571
D/KeyguardViewMediator( 2283): setHidden false
D/KeyguardViewMediator( 2283): setHidden false
E/Watchdog( 2283): !@Sync 23
E/MtpService( 5459): In MTPAPP onReceive:android.intent.action.BATTERY_CHANGED
E/MtpService( 5459): battPlugged Type : 2
D/SensorService( 2283): info.rates.add, set DEFAULT_EVENTS_PERIOD
D/SensorService( 2283): SensorDevice::activate  (enable 1, disable 0) = 1
D/SensorService( 2283): activating sensor enable handle=3 
D/SensorService( 2283): activating sensor enable, Done!
D/SensorService( 2283): SensorDevice::activating sensor handle=3 ns=200000000 
I/SensorService( 2283): info.selectDelay() ns=200000000  
D/SensorService( 2283): SensorDevice::setDelay, Return(true 1, false 0) =  1
D/SensorManager( 2283): registerListener :: handle = 3  name= CM36651 Light sensor delay= 200000 Listener= com.android.server.LightsService$4@42c4ed28
D/SensorManager( 2283): unregisterListener::  Listener= com.android.server.LightsService$4@42c4ed28
D/SensorService( 2283): SensorDevice::activate  (enable 1, disable 0) = 0
D/SensorService( 2283): activating sensor disable handle=3 
D/SensorService( 2283): activating sensor disable, Done!
D/SensorService( 2283): SensorDevice::activating sensor handle=3 ns=200000000 
D/lights  ( 2283): write pattern : g_led_info = 8
D/lights  ( 2283): led_pattern : 1 +
D/lights  ( 2283): led_pattern : 1 -
E/Watchdog( 2283): !@Sync 24
D/ClockAlarmWidgetService( 5393): [ClockAlarmWidgetService] onReceive: action = android.intent.action.TIME_TICK
E/ClockAlarmWidget( 5393): [AlarmWidgetIdManager] getListItem() : itemIndex=0, widgetID:1
E/ClockAlarmWidget( 5393): [AlarmWidgetIdManager] getListItem() : ItemIndex exceed ListItemCount. itemIndex=1
E/ClockAlarmWidget( 5393): [AlarmWidgetIdManager] getListItem() : itemIndex=1, widgetID:1
D/ClockAlarmDataProvider( 5393): getAlarm() - too many same ID alarm data. nCount: 0
D/ClockWidget( 2283): refreshTime()
D/ClockWidget( 2283): TTS Message = Sono le 10:0, Luned, Ottobre 28
D/dalvikvm( 2283): GC_CONCURRENT freed 7676K, 40% free 30394K/50439K, paused 37ms+10ms, total 215ms
D/dalvikvm( 5902): GC_CONCURRENT freed 416K, 8% free 12710K/13767K, paused 8ms+9ms, total 90ms
E/MtpService( 5459): In MTPAPP onReceive:android.intent.action.BATTERY_CHANGED
E/MtpService( 5459): battPlugged Type : 2
D/SensorService( 2283): info.rates.add, set DEFAULT_EVENTS_PERIOD
D/SensorService( 2283): SensorDevice::activate  (enable 1, disable 0) = 1
D/SensorService( 2283): activating sensor enable handle=3 
D/SensorService( 2283): activating sensor enable, Done!
D/SensorService( 2283): SensorDevice::activating sensor handle=3 ns=200000000 
I/SensorService( 2283): info.selectDelay() ns=200000000  
D/SensorService( 2283): SensorDevice::setDelay, Return(true 1, false 0) =  1
D/SensorManager( 2283): registerListener :: handle = 3  name= CM36651 Light sensor delay= 200000 Listener= com.android.server.LightsService$4@42c4ed28
D/SensorManager( 2283): unregisterListener::  Listener= com.android.server.LightsService$4@42c4ed28
D/SensorService( 2283): SensorDevice::activate  (enable 1, disable 0) = 0
D/SensorService( 2283): activating sensor disable handle=3 
D/SensorService( 2283): activating sensor disable, Done!
D/SensorService( 2283): SensorDevice::activating sensor handle=3 ns=200000000 
D/lights  ( 2283): write pattern : g_led_info = 8
D/lights  ( 2283): led_pattern : 1 +
D/lights  ( 2283): led_pattern : 1 -
E/Watchdog( 2283): !@Sync 25
E/MtpService( 5459): In MTPAPP onReceive:android.intent.action.BATTERY_CHANGED
E/MtpService( 5459): battPlugged Type : 2
D/SensorService( 2283): info.rates.add, set DEFAULT_EVENTS_PERIOD
D/SensorService( 2283): SensorDevice::activate  (enable 1, disable 0) = 1
D/SensorService( 2283): activating sensor enable handle=3 
D/SensorService( 2283): activating sensor enable, Done!
D/SensorService( 2283): SensorDevice::activating sensor handle=3 ns=200000000 
I/SensorService( 2283): info.selectDelay() ns=200000000  
D/SensorService( 2283): SensorDevice::setDelay, Return(true 1, false 0) =  1
D/SensorManager( 2283): registerListener :: handle = 3  name= CM36651 Light sensor delay= 200000 Listener= com.android.server.LightsService$4@42c4ed28
E/SPPClientService( 5902): [PushClientService] onStartCommand. F:false, D:false, E:false, T:false, S:false, R:false
D/SensorManager( 2283): unregisterListener::  Listener= com.android.server.LightsService$4@42c4ed28
D/SensorService( 2283): SensorDevice::activate  (enable 1, disable 0) = 0
D/SensorService( 2283): activating sensor disable handle=3 
D/SensorService( 2283): activating sensor disable, Done!
D/SensorService( 2283): SensorDevice::activating sensor handle=3 ns=200000000 
D/lights  ( 2283): write pattern : g_led_info = 8
D/lights  ( 2283): led_pattern : 1 +
D/lights  ( 2283): led_pattern : 1 -
E/Watchdog( 2283): !@Sync 26
D/ClockAlarmWidgetService( 5393): [ClockAlarmWidgetService] onReceive: action = android.intent.action.TIME_TICK
E/ClockAlarmWidget( 5393): [AlarmWidgetIdManager] getListItem() : itemIndex=0, widgetID:1
E/ClockAlarmWidget( 5393): [AlarmWidgetIdManager] getListItem() : ItemIndex exceed ListItemCount. itemIndex=1
E/ClockAlarmWidget( 5393): [AlarmWidgetIdManager] getListItem() : itemIndex=1, widgetID:1
D/ClockAlarmDataProvider( 5393): getAlarm() - too many same ID alarm data. nCount: 0
D/ClockWidget( 2283): refreshTime()
D/ClockWidget( 2283): TTS Message = Sono le 10:1, Luned, Ottobre 28
W/SignalStrength( 2596): getGsmLevel=3
W/SignalStrength( 2596): getLevel=3 (SignalStrength: 11 -1 -1 -1 -1 -1 -1 -1 -1 -1 -1 -1 gsm|lte 3)
W/SignalStrength( 2596): getGsmLevel=3
W/SignalStrength( 2596): getLevel=3 (SignalStrength: 11 -1 -1 -1 -1 -1 -1 -1 -1 -1 -1 -1 gsm|lte 3)
W/SignalStrength( 2283): getGsmLevel=3
W/SignalStrength( 2283): getLevel=3 (SignalStrength: 11 -1 -1 -1 -1 -1 -1 -1 -1 -1 -1 -1 gsm|lte 3)
W/SignalStrength( 2283): getGsmDbm=-91
W/SignalStrength( 2283): getDbm=-91
W/SignalStrength( 2283): getGsmAsuLevel=11
W/SignalStrength( 2283): getAsuLevel=11
E/MtpService( 5459): In MTPAPP onReceive:android.intent.action.BATTERY_CHANGED
E/MtpService( 5459): battPlugged Type : 2
D/CircleLockScreen( 2283): onRefreshBatteryInfo() showPatteryInfo: true pluggedIn: true batteryLevel: 6
D/SensorService( 2283): info.rates.add, set DEFAULT_EVENTS_PERIOD
D/SensorService( 2283): SensorDevice::activate  (enable 1, disable 0) = 1
D/SensorService( 2283): activating sensor enable handle=3 
D/SensorService( 2283): activating sensor enable, Done!
D/SensorService( 2283): SensorDevice::activating sensor handle=3 ns=200000000 
I/SensorService( 2283): info.selectDelay() ns=200000000  
D/SensorService( 2283): SensorDevice::setDelay, Return(true 1, false 0) =  1
D/SensorManager( 2283): registerListener :: handle = 3  name= CM36651 Light sensor delay= 200000 Listener= com.android.server.LightsService$4@42c4ed28
D/SensorManager( 2283): unregisterListener::  Listener= com.android.server.LightsService$4@42c4ed28
D/SensorService( 2283): SensorDevice::activate  (enable 1, disable 0) = 0
D/SensorService( 2283): activating sensor disable handle=3 
D/SensorService( 2283): activating sensor disable, Done!
D/SensorService( 2283): SensorDevice::activating sensor handle=3 ns=200000000 
D/lights  ( 2283): write pattern : g_led_info = 8
D/lights  ( 2283): led_pattern : 1 +
D/lights  ( 2283): led_pattern : 1 -
E/Watchdog( 2283): !@Sync 27
E/MtpService( 5459): In MTPAPP onReceive:android.intent.action.BATTERY_CHANGED
E/MtpService( 5459): battPlugged Type : 2
D/SensorService( 2283): info.rates.add, set DEFAULT_EVENTS_PERIOD
D/SensorService( 2283): SensorDevice::activate  (enable 1, disable 0) = 1
D/SensorService( 2283): activating sensor enable handle=3 
D/SensorService( 2283): activating sensor enable, Done!
D/SensorService( 2283): SensorDevice::activating sensor handle=3 ns=200000000 
I/SensorService( 2283): info.selectDelay() ns=200000000  
D/SensorService( 2283): SensorDevice::setDelay, Return(true 1, false 0) =  1
D/SensorManager( 2283): registerListener :: handle = 3  name= CM36651 Light sensor delay= 200000 Listener= com.android.server.LightsService$4@42c4ed28
D/SensorManager( 2283): unregisterListener::  Listener= com.android.server.LightsService$4@42c4ed28
D/SensorService( 2283): SensorDevice::activate  (enable 1, disable 0) = 0
D/SensorService( 2283): activating sensor disable handle=3 
D/SensorService( 2283): activating sensor disable, Done!
D/SensorService( 2283): SensorDevice::activating sensor handle=3 ns=200000000 
D/lights  ( 2283): write pattern : g_led_info = 8
D/lights  ( 2283): led_pattern : 1 +
D/lights  ( 2283): led_pattern : 1 -
E/Watchdog( 2283): !@Sync 28
D/ClockAlarmWidgetService( 5393): [ClockAlarmWidgetService] onReceive: action = android.intent.action.TIME_TICK
E/ClockAlarmWidget( 5393): [AlarmWidgetIdManager] getListItem() : itemIndex=0, widgetID:1
E/ClockAlarmWidget( 5393): [AlarmWidgetIdManager] getListItem() : ItemIndex exceed ListItemCount. itemIndex=1
E/ClockAlarmWidget( 5393): [AlarmWidgetIdManager] getListItem() : itemIndex=1, widgetID:1
D/ClockAlarmDataProvider( 5393): getAlarm() - too many same ID alarm data. nCount: 0
D/ClockWidget( 2283): refreshTime()
D/ClockWidget( 2283): TTS Message = Sono le 10:2, Luned, Ottobre 28
E/MtpService( 5459): In MTPAPP onReceive:android.intent.action.BATTERY_CHANGED
E/MtpService( 5459): battPlugged Type : 2
D/SensorService( 2283): info.rates.add, set DEFAULT_EVENTS_PERIOD
D/SensorService( 2283): SensorDevice::activate  (enable 1, disable 0) = 1
D/SensorService( 2283): activating sensor enable handle=3 
D/SensorService( 2283): activating sensor enable, Done!
D/SensorService( 2283): SensorDevice::activating sensor handle=3 ns=200000000 
I/SensorService( 2283): info.selectDelay() ns=200000000  
D/SensorService( 2283): SensorDevice::setDelay, Return(true 1, false 0) =  1
D/SensorManager( 2283): registerListener :: handle = 3  name= CM36651 Light sensor delay= 200000 Listener= com.android.server.LightsService$4@42c4ed28
D/SensorManager( 2283): unregisterListener::  Listener= com.android.server.LightsService$4@42c4ed28
D/SensorService( 2283): SensorDevice::activate  (enable 1, disable 0) = 0
D/SensorService( 2283): activating sensor disable handle=3 
D/SensorService( 2283): activating sensor disable, Done!
D/SensorService( 2283): SensorDevice::activating sensor handle=3 ns=200000000 
D/lights  ( 2283): write pattern : g_led_info = 8
D/lights  ( 2283): led_pattern : 1 +
D/lights  ( 2283): led_pattern : 1 -
E/Watchdog( 2283): !@Sync 29
D/dalvikvm( 2283): WAIT_FOR_CONCURRENT_GC blocked 0ms
D/dalvikvm( 2283): GC_EXPLICIT freed 825K, 40% free 30523K/50439K, paused 23ms+11ms, total 197ms
D/dalvikvm( 5751): GC_CONCURRENT freed 580K, 8% free 15068K/16263K, paused 13ms+19ms, total 148ms
W/SignalStrength( 2596): getGsmLevel=3
W/SignalStrength( 2596): getLevel=3 (SignalStrength: 10 -1 -1 -1 -1 -1 -1 -1 -1 -1 -1 -1 gsm|lte 3)
W/SignalStrength( 2596): getGsmLevel=3
W/SignalStrength( 2596): getLevel=3 (SignalStrength: 10 -1 -1 -1 -1 -1 -1 -1 -1 -1 -1 -1 gsm|lte 3)
W/SignalStrength( 2283): getGsmLevel=3
W/SignalStrength( 2283): getLevel=3 (SignalStrength: 10 -1 -1 -1 -1 -1 -1 -1 -1 -1 -1 -1 gsm|lte 3)
W/SignalStrength( 2283): getGsmDbm=-93
W/SignalStrength( 2283): getDbm=-93
W/SignalStrength( 2283): getGsmAsuLevel=10
W/SignalStrength( 2283): getAsuLevel=10
E/MtpService( 5459): In MTPAPP onReceive:android.intent.action.BATTERY_CHANGED
E/MtpService( 5459): battPlugged Type : 2
D/SensorService( 2283): info.rates.add, set DEFAULT_EVENTS_PERIOD
D/SensorService( 2283): SensorDevice::activate  (enable 1, disable 0) = 1
D/SensorService( 2283): activating sensor enable handle=3 
D/SensorService( 2283): activating sensor enable, Done!
D/SensorService( 2283): SensorDevice::activating sensor handle=3 ns=200000000 
I/SensorService( 2283): info.selectDelay() ns=200000000  
D/SensorService( 2283): SensorDevice::setDelay, Return(true 1, false 0) =  1
D/SensorManager( 2283): registerListener :: handle = 3  name= CM36651 Light sensor delay= 200000 Listener= com.android.server.LightsService$4@42c4ed28
D/SensorManager( 2283): unregisterListener::  Listener= com.android.server.LightsService$4@42c4ed28
D/SensorService( 2283): SensorDevice::activate  (enable 1, disable 0) = 0
D/SensorService( 2283): activating sensor disable handle=3 
D/SensorService( 2283): activating sensor disable, Done!
D/SensorService( 2283): SensorDevice::activating sensor handle=3 ns=200000000 
D/lights  ( 2283): write pattern : g_led_info = 8
D/lights  ( 2283): led_pattern : 1 +
D/lights  ( 2283): led_pattern : 1 -
E/Watchdog( 2283): !@Sync 30
D/ClockAlarmWidgetService( 5393): [ClockAlarmWidgetService] onReceive: action = android.intent.action.TIME_TICK
E/ClockAlarmWidget( 5393): [AlarmWidgetIdManager] getListItem() : itemIndex=0, widgetID:1
E/ClockAlarmWidget( 5393): [AlarmWidgetIdManager] getListItem() : ItemIndex exceed ListItemCount. itemIndex=1
E/ClockAlarmWidget( 5393): [AlarmWidgetIdManager] getListItem() : itemIndex=1, widgetID:1
D/ClockAlarmDataProvider( 5393): getAlarm() - too many same ID alarm data. nCount: 0
D/ClockWidget( 2283): refreshTime()
D/ClockWidget( 2283): TTS Message = Sono le 10:3, Luned, Ottobre 28
D/CircleShortcutWidget( 2283): badge data changed!!
E/Watchdog( 2283): !@Sync 31
E/MtpService( 5459): In MTPAPP onReceive:android.intent.action.BATTERY_CHANGED
E/MtpService( 5459): battPlugged Type : 2
D/CircleLockScreen( 2283): onRefreshBatteryInfo() showPatteryInfo: true pluggedIn: true batteryLevel: 7
D/GCM     ( 2826): Ignoring attempt to send heartbeat on dead connection.
E/WifiHW  ( 2283): ##################### set firmware type 0 #####################
D/WifiStateMachine( 2283): setWifiEnabled : WifiNative.setFwType(0)
D/dalvikvm( 3050): WAIT_FOR_CONCURRENT_GC blocked 0ms
D/SensorService( 2283): info.rates.add, set DEFAULT_EVENTS_PERIOD
D/SensorService( 2283): SensorDevice::activate  (enable 1, disable 0) = 1
D/SensorService( 2283): activating sensor enable handle=3 
D/SensorService( 2283): activating sensor enable, Done!
D/SensorService( 2283): SensorDevice::activating sensor handle=3 ns=200000000 
I/SensorService( 2283): info.selectDelay() ns=200000000  
D/SensorService( 2283): SensorDevice::setDelay, Return(true 1, false 0) =  1
D/SensorManager( 2283): registerListener :: handle = 3  name= CM36651 Light sensor delay= 200000 Listener= com.android.server.LightsService$4@42c4ed28
D/dalvikvm( 3050): GC_EXPLICIT freed 336K, 10% free 12936K/14279K, paused 71ms+6ms, total 140ms
D/SensorManager( 2283): unregisterListener::  Listener= com.android.server.LightsService$4@42c4ed28
D/SensorService( 2283): SensorDevice::activate  (enable 1, disable 0) = 0
D/SensorService( 2283): activating sensor disable handle=3 
D/SensorService( 2283): activating sensor disable, Done!
D/SensorService( 2283): SensorDevice::activating sensor handle=3 ns=200000000 
D/lights  ( 2283): write pattern : g_led_info = 8
D/lights  ( 2283): led_pattern : 1 +
D/lights  ( 2283): led_pattern : 1 -
E/WifiHW  ( 2283): ##################### set firmware type 0 #####################
D/WifiStateMachine( 2283): setWifiEnabled : WifiNative.setFwType(0)
D/dalvikvm( 3050): GC_CONCURRENT freed 308K, 9% free 13032K/14279K, paused 15ms+6ms, total 94ms
E/Watchdog( 2283): !@Sync 32
D/ClockAlarmWidgetService( 5393): [ClockAlarmWidgetService] onReceive: action = android.intent.action.TIME_TICK
E/ClockAlarmWidget( 5393): [AlarmWidgetIdManager] getListItem() : itemIndex=0, widgetID:1
E/ClockAlarmWidget( 5393): [AlarmWidgetIdManager] getListItem() : ItemIndex exceed ListItemCount. itemIndex=1
E/ClockAlarmWidget( 5393): [AlarmWidgetIdManager] getListItem() : itemIndex=1, widgetID:1
D/ClockAlarmDataProvider( 5393): getAlarm() - too many same ID alarm data. nCount: 0
D/ClockWidget( 2283): refreshTime()
D/ClockWidget( 2283): TTS Message = Sono le 10:4, Luned, Ottobre 28
E/MtpService( 5459): In MTPAPP onReceive:android.intent.action.BATTERY_CHANGED
E/MtpService( 5459): battPlugged Type : 2
D/SensorService( 2283): info.rates.add, set DEFAULT_EVENTS_PERIOD
D/SensorService( 2283): SensorDevice::activate  (enable 1, disable 0) = 1
D/SensorService( 2283): activating sensor enable handle=3 
D/SensorService( 2283): activating sensor enable, Done!
D/SensorService( 2283): SensorDevice::activating sensor handle=3 ns=200000000 
I/SensorService( 2283): info.selectDelay() ns=200000000  
D/SensorService( 2283): SensorDevice::setDelay, Return(true 1, false 0) =  1
D/SensorManager( 2283): registerListener :: handle = 3  name= CM36651 Light sensor delay= 200000 Listener= com.android.server.LightsService$4@42c4ed28
D/SensorManager( 2283): unregisterListener::  Listener= com.android.server.LightsService$4@42c4ed28
D/SensorService( 2283): SensorDevice::activate  (enable 1, disable 0) = 0
D/SensorService( 2283): activating sensor disable handle=3 
D/SensorService( 2283): activating sensor disable, Done!
D/SensorService( 2283): SensorDevice::activating sensor handle=3 ns=200000000 
D/lights  ( 2283): write pattern : g_led_info = 8
D/lights  ( 2283): led_pattern : 1 +
D/lights  ( 2283): led_pattern : 1 -
E/Watchdog( 2283): !@Sync 33
E/MtpService( 5459): In MTPAPP onReceive:android.intent.action.BATTERY_CHANGED
E/MtpService( 5459): battPlugged Type : 2
D/SensorService( 2283): info.rates.add, set DEFAULT_EVENTS_PERIOD
D/SensorService( 2283): SensorDevice::activate  (enable 1, disable 0) = 1
D/SensorService( 2283): activating sensor enable handle=3 
D/SensorService( 2283): activating sensor enable, Done!
D/SensorService( 2283): SensorDevice::activating sensor handle=3 ns=200000000 
I/SensorService( 2283): info.selectDelay() ns=200000000  
D/SensorService( 2283): SensorDevice::setDelay, Return(true 1, false 0) =  1
D/SensorManager( 2283): registerListener :: handle = 3  name= CM36651 Light sensor delay= 200000 Listener= com.android.server.LightsService$4@42c4ed28
D/SensorManager( 2283): unregisterListener::  Listener= com.android.server.LightsService$4@42c4ed28
D/SensorService( 2283): SensorDevice::activate  (enable 1, disable 0) = 0
D/SensorService( 2283): activating sensor disable handle=3 
D/SensorService( 2283): activating sensor disable, Done!
D/SensorService( 2283): SensorDevice::activating sensor handle=3 ns=200000000 
D/lights  ( 2283): write pattern : g_led_info = 8
D/lights  ( 2283): led_pattern : 1 +
D/lights  ( 2283): led_pattern : 1 -
E/Watchdog( 2283): !@Sync 34
D/ClockAlarmWidgetService( 5393): [ClockAlarmWidgetService] onReceive: action = android.intent.action.TIME_TICK
E/ClockAlarmWidget( 5393): [AlarmWidgetIdManager] getListItem() : itemIndex=0, widgetID:1
E/ClockAlarmWidget( 5393): [AlarmWidgetIdManager] getListItem() : ItemIndex exceed ListItemCount. itemIndex=1
E/ClockAlarmWidget( 5393): [AlarmWidgetIdManager] getListItem() : itemIndex=1, widgetID:1
D/ClockAlarmDataProvider( 5393): getAlarm() - too many same ID alarm data. nCount: 0
D/ClockWidget( 2283): refreshTime()
D/ClockWidget( 2283): TTS Message = Sono le 10:5, Luned, Ottobre 28
E/MtpService( 5459): In MTPAPP onReceive:android.intent.action.BATTERY_CHANGED
E/MtpService( 5459): battPlugged Type : 2
D/SensorService( 2283): info.rates.add, set DEFAULT_EVENTS_PERIOD
D/SensorService( 2283): SensorDevice::activate  (enable 1, disable 0) = 1
D/SensorService( 2283): activating sensor enable handle=3 
D/SensorService( 2283): activating sensor enable, Done!
D/SensorService( 2283): SensorDevice::activating sensor handle=3 ns=200000000 
I/SensorService( 2283): info.selectDelay() ns=200000000  
D/SensorService( 2283): SensorDevice::setDelay, Return(true 1, false 0) =  1
D/SensorManager( 2283): registerListener :: handle = 3  name= CM36651 Light sensor delay= 200000 Listener= com.android.server.LightsService$4@42c4ed28
D/SensorManager( 2283): unregisterListener::  Listener= com.android.server.LightsService$4@42c4ed28
D/SensorService( 2283): SensorDevice::activate  (enable 1, disable 0) = 0
D/SensorService( 2283): activating sensor disable handle=3 
D/SensorService( 2283): activating sensor disable, Done!
D/SensorService( 2283): SensorDevice::activating sensor handle=3 ns=200000000 
D/lights  ( 2283): write pattern : g_led_info = 8
D/lights  ( 2283): led_pattern : 1 +
D/lights  ( 2283): led_pattern : 1 -
E/Watchdog( 2283): !@Sync 35
E/MtpService( 5459): In MTPAPP onReceive:android.intent.action.BATTERY_CHANGED
E/MtpService( 5459): battPlugged Type : 2
D/CircleLockScreen( 2283): onRefreshBatteryInfo() showPatteryInfo: true pluggedIn: true batteryLevel: 8
D/SensorService( 2283): info.rates.add, set DEFAULT_EVENTS_PERIOD
D/SensorService( 2283): SensorDevice::activate  (enable 1, disable 0) = 1
D/SensorService( 2283): activating sensor enable handle=3 
D/SensorService( 2283): activating sensor enable, Done!
D/SensorService( 2283): SensorDevice::activating sensor handle=3 ns=200000000 
I/SensorService( 2283): info.selectDelay() ns=200000000  
D/SensorService( 2283): SensorDevice::setDelay, Return(true 1, false 0) =  1
D/SensorManager( 2283): registerListener :: handle = 3  name= CM36651 Light sensor delay= 200000 Listener= com.android.server.LightsService$4@42c4ed28
D/SensorManager( 2283): unregisterListener::  Listener= com.android.server.LightsService$4@42c4ed28
D/SensorService( 2283): SensorDevice::activate  (enable 1, disable 0) = 0
D/SensorService( 2283): activating sensor disable handle=3 
D/SensorService( 2283): activating sensor disable, Done!
D/SensorService( 2283): SensorDevice::activating sensor handle=3 ns=200000000 
D/lights  ( 2283): write pattern : g_led_info = 8
D/lights  ( 2283): led_pattern : 1 +
D/lights  ( 2283): led_pattern : 1 -
E/Watchdog( 2283): !@Sync 36
D/ClockAlarmWidgetService( 5393): [ClockAlarmWidgetService] onReceive: action = android.intent.action.TIME_TICK
E/ClockAlarmWidget( 5393): [AlarmWidgetIdManager] getListItem() : itemIndex=0, widgetID:1
E/ClockAlarmWidget( 5393): [AlarmWidgetIdManager] getListItem() : ItemIndex exceed ListItemCount. itemIndex=1
E/ClockAlarmWidget( 5393): [AlarmWidgetIdManager] getListItem() : itemIndex=1, widgetID:1
D/ClockAlarmDataProvider( 5393): getAlarm() - too many same ID alarm data. nCount: 0
