D/dalvikvm( 3847): GC_EXPLICIT freed 3114K, 18% free 19949K/24327K, paused 4ms+5ms, total 79ms
D/dalvikvm( 2283): WAIT_FOR_CONCURRENT_GC blocked 0ms
D/dalvikvm( 2283): GC_EXPLICIT freed 266K, 40% free 30493K/50439K, paused 3ms+6ms, total 99ms
D/dalvikvm( 9929): GC_CONCURRENT freed 333K, 6% free 14713K/15623K, paused 12ms+2ms, total 196ms
D/dalvikvm( 9929): WAIT_FOR_CONCURRENT_GC blocked 51ms
D/dalvikvm( 9929): WAIT_FOR_CONCURRENT_GC blocked 15ms
E/MtpService( 5459): In MTPAPP onReceive:android.intent.action.BATTERY_CHANGED
E/MtpService( 5459): battPlugged Type : 2
D/SensorService( 2283): info.rates.add, set DEFAULT_EVENTS_PERIOD
D/SensorService( 2283): SensorDevice::activate  (enable 1, disable 0) = 1
D/SensorService( 2283): activating sensor enable handle=3 
D/SensorService( 2283): activating sensor enable, Done!
D/SensorService( 2283): SensorDevice::activating sensor handle=3 ns=200000000 
I/SensorService( 2283): info.selectDelay() ns=200000000  
D/SensorService( 2283): SensorDevice::setDelay, Return(true 1, false 0) =  1
D/SensorManager( 2283): registerListener :: handle = 3  name= CM36651 Light sensor delay= 200000 Listener= com.android.server.LightsService$4@42c4ed28
E/SPPClientService( 5902): [PushClientService] onStartCommand. F:false, D:false, E:false, T:false, S:false, R:false
D/SensorManager( 2283): unregisterListener::  Listener= com.android.server.LightsService$4@42c4ed28
D/SensorService( 2283): SensorDevice::activate  (enable 1, disable 0) = 0
D/SensorService( 2283): activating sensor disable handle=3 
D/SensorService( 2283): activating sensor disable, Done!
D/SensorService( 2283): SensorDevice::activating sensor handle=3 ns=200000000 
D/lights  ( 2283): write pattern : g_led_info = 8
D/lights  ( 2283): led_pattern : 1 +
D/lights  ( 2283): led_pattern : 1 -
I/dalvikvm( 9953): Turning on JNI app bug workarounds for target SDK version 10...
E/Trace   ( 9953): error opening trace file: No such file or directory (2)
D/dalvikvm( 9953): WAIT_FOR_CONCURRENT_GC blocked 0ms
I/FactoryTestApp( 9953): [Class] FtClientCPO , [Method] onCreate , [Message] Create FtClientCPO service
D/FactoryTestApp( 9953): [Class] XMLDataStorage , [Method] parseXML , [Message] is Live Demo : false
D/FactoryTestApp( 9953): [Class] XMLDataStorage , [Method] parseXML , [Message] modelXML=gt-i9300.dat
D/FactoryTestApp( 9953): [Class] XMLDataStorage , [Method] parseXML , [Message] deviceXML=m0.dat
D/FactoryTestApp( 9953): [Class] XMLDataStorage , [Method] parseXML , [Message] nameXML=m0xx.dat
I/FactoryTestApp( 9953): [Class] XMLDataStorage , [Method] parseAsset , [Message] Convert dat file: gt-i9300.dat
D/dalvikvm( 9953): GC_CONCURRENT freed 275K, 7% free 12331K/13191K, paused 20ms+2ms, total 50ms
D/dalvikvm( 9953): WAIT_FOR_CONCURRENT_GC blocked 6ms
D/FactoryTestApp( 9953): [Class] XMLDataStorage , [Method] parseAsset , [Message] Decode base file: factory.dat
D/dalvikvm( 9953): GC_CONCURRENT freed 430K, 8% free 12415K/13447K, paused 15ms+1ms, total 29ms
D/dalvikvm( 9953): WAIT_FOR_CONCURRENT_GC blocked 14ms
D/dalvikvm( 9953): GC_FOR_ALLOC freed <1K, 8% free 12415K/13447K, paused 13ms, total 13ms
I/dalvikvm-heap( 9953): Grow heap (frag case) to 12.817MB for 136370-byte allocation
D/dalvikvm( 9953): GC_FOR_ALLOC freed 88K, 9% free 12459K/13639K, paused 12ms, total 12ms
D/dalvikvm( 9953): GC_FOR_ALLOC freed 200K, 9% free 12526K/13639K, paused 11ms, total 11ms
D/CircleShortcutWidget( 2283): badge data changed!!
D/dalvikvm( 9953): GC_CONCURRENT freed 465K, 9% free 12525K/13639K, paused 27ms+33ms, total 77ms
D/FactoryTestApp( 9953): [Class] XMLDataStorage , [Method] redefinitionById , [Message] id=MODEL_NAME
D/FactoryTestApp( 9953): [Class] XMLDataStorage , [Method] redefinitionById , [Message] id=MODEL_NUMBER
D/FactoryTestApp( 9953): [Class] XMLDataStorage , [Method] redefinitionById , [Message] id=MODEL_HARDWARE_REVISION
D/FactoryTestApp( 9953): [Class] XMLDataStorage , [Method] redefinitionById , [Message] id=MODEL_COMMUNICATION_MODE
D/FactoryTestApp( 9953): [Class] XMLDataStorage , [Method] redefinitionById , [Message] id=CHIPSET_MANUFACTURE
D/FactoryTestApp( 9953): [Class] XMLDataStorage , [Method] redefinitionById , [Message] id=CHIPSET_NAME
D/FactoryTestApp( 9953): [Class] XMLDataStorage , [Method] redefinitionById , [Message] id=DEVICE_TYPE
D/FactoryTestApp( 9953): [Class] XMLDataStorage , [Method] redefinitionById , [Message] id=PANEL_TYPE
D/FactoryTestApp( 9953): [Class] XMLDataStorage , [Method] redefinitionById , [Message] id=TSP_MANUFACTURE
D/FactoryTestApp( 9953): [Class] XMLDataStorage , [Method] redefinitionById , [Message] id=SENSOR_NAME_ACCELEROMETER
D/FactoryTestApp( 9953): [Class] XMLDataStorage , [Method] redefinitionById , [Message] id=SENSOR_NAME_MAGNETIC
D/FactoryTestApp( 9953): [Class] XMLDataStorage , [Method] redefinitionById , [Message] id=SENSOR_NAME_GYROSCOPE
D/FactoryTestApp( 9953): [Class] XMLDataStorage , [Method] redefinitionById , [Message] id=REAR_CAMERA_TYPE
D/FactoryTestApp( 9953): [Class] XMLDataStorage , [Method] redefinitionById , [Message] id=SPEAKER_COUNT
D/FactoryTestApp( 9953): [Class] XMLDataStorage , [Method] redefinitionById , [Message] id=MIC_COUNT
D/FactoryTestApp( 9953): [Class] XMLDataStorage , [Method] redefinitionById , [Message] id=SUPPORT_VIBRATOR
D/FactoryTestApp( 9953): [Class] XMLDataStorage , [Method] redefinitionById , [Message] id=SUPPORT_LTE
D/FactoryTestApp( 9953): [Class] XMLDataStorage , [Method] redefinitionById , [Message] id=SUPPORT_DMB
D/FactoryTestApp( 9953): [Class] XMLDataStorage , [Method] redefinitionById , [Message] id=SUPPORT_QWERTY_KEY
D/FactoryTestApp( 9953): [Class] XMLDataStorage , [Method] redefinitionById , [Message] id=SUPPORT_FRONT_CAMERA
D/FactoryTestApp( 9953): [Class] XMLDataStorage , [Method] redefinitionById , [Message] id=SUPPORT_RCV
D/FactoryTestApp( 9953): [Class] XMLDataStorage , [Method] redefinitionById , [Message] id=FACTORY_TEST_APO
D/FactoryTestApp( 9953): [Class] XMLDataStorage , [Method] redefinitionById , [Message] id=SUPPORT_BOOST_MEDIASCAN
D/FactoryTestApp( 9953): [Class] XMLDataStorage , [Method] redefinitionById , [Message] id=NEED_NOTI_AUDIO_MANAGER
D/FactoryTestApp( 9953): [Class] XMLDataStorage , [Method] redefinitionById , [Message] id=SETUPWIZARD_INDEX_LIST
D/FactoryTestApp( 9953): [Class] XMLDataStorage , [Method] redefinitionById , [Message] id=KEY_TEST_VOLUME_UP
D/FactoryTestApp( 9953): [Class] XMLDataStorage , [Method] redefinitionById , [Message] id=KEY_TEST_VOLUME_DOWN
D/FactoryTestApp( 9953): [Class] XMLDataStorage , [Method] redefinitionById , [Message] id=KEY_TEST_POWER
D/FactoryTestApp( 9953): [Class] XMLDataStorage , [Method] redefinitionById , [Message] id=KEY_TEST_MENU
D/FactoryTestApp( 9953): [Class] XMLDataStorage , [Method] redefinitionById , [Message] id=KEY_TEST_HOME
D/FactoryTestApp( 9953): [Class] XMLDataStorage , [Method] redefinitionById , [Message] id=KEY_TEST_BACK
E/SPPClientService( 5902): [b] sendPingReq
D/FactoryTestApp( 9953): [Class] XMLDataStorage , [Method] redefinitionById , [Message] id=KEY_TEST_SEARCH
D/FactoryTestApp( 9953): [Class] XMLDataStorage , [Method] redefinitionById , [Message] id=KEY_TEST_FOCUS
D/FactoryTestApp( 9953): [Class] XMLDataStorage , [Method] redefinitionById , [Message] id=KEY_TEST_CAMERA
D/dalvikvm( 9953): GC_CONCURRENT freed 382K, 8% free 12640K/13639K, paused 12ms+19ms, total 51ms
D/FactoryTestApp( 9953): [Class] XMLDataStorage , [Method] redefinitionById , [Message] id=KEY_TEST_F1
D/FactoryTestApp( 9953): [Class] XMLDataStorage , [Method] redefinitionById , [Message] id=KEY_TEST_VIEW_TABLE
D/FactoryTestApp( 9953): [Class] XMLDataStorage , [Method] redefinitionById , [Message] id=IS_TSP_STANDARD
D/FactoryTestApp( 9953): [Class] XMLDataStorage , [Method] redefinitionById , [Message] id=IS_SENSOR_TEST_ACC_REVERSE
D/FactoryTestApp( 9953): [Class] XMLDataStorage , [Method] redefinitionById , [Message] id=SENSOR_TEST_ACC_BIT
D/FactoryTestApp( 9953): [Class] XMLDataStorage , [Method] redefinitionById , [Message] id=IS_PROXIMITY_TEST_MOTOR_FEEDBACK
D/FactoryTestApp( 9953): [Class] XMLDataStorage , [Method] redefinitionById , [Message] id=IS_IRLED_TEST_SPLIT_COMMAND
D/FactoryTestApp( 9953): [Class] XMLDataStorage , [Method] redefinitionById , [Message] id=AT_GPSSTEST
D/FactoryTestApp( 9953): [Class] XMLDataStorage , [Method] redefinitionById , [Message] id=AT_BATTEST_RESET_WHEN_READ
D/FactoryTestApp( 9953): [Class] XMLDataStorage , [Method] redefinitionById , [Message] id=SYS_INFO_OUT_POSITION
D/FactoryTestApp( 9953): [Class] XMLDataStorage , [Method] redefinitionById , [Message] id=TSP_X_AXIS_CHANNEL
D/FactoryTestApp( 9953): [Class] XMLDataStorage , [Method] redefinitionById , [Message] id=TSP_Y_AXIS_CHANNEL
D/FactoryTestApp( 9953): [Class] XMLDataStorage , [Method] redefinitionById , [Message] id=TSP_SELFTEST_MIN
D/FactoryTestApp( 9953): [Class] XMLDataStorage , [Method] redefinitionById , [Message] id=TSP_SELFTEST_MAX
D/FactoryTestApp( 9953): [Class] XMLDataStorage , [Method] redefinitionById , [Message] id=TOUCH_KEY_SPEC_MAX
D/FactoryTestApp( 9953): [Class] XMLDataStorage , [Method] redefinitionById , [Message] id=TOUCH_KEY_SPEC_MIN
D/FactoryTestApp( 9953): [Class] XMLDataStorage , [Method] redefinitionById , [Message] id=BOOT_VERSION
D/FactoryTestApp( 9953): [Class] XMLDataStorage , [Method] redefinitionById , [Message] id=PHONE_VERSION
D/FactoryTestApp( 9953): [Class] XMLDataStorage , [Method] redefinitionById , [Message] id=BATTERY_VOLT
D/FactoryTestApp( 9953): [Class] XMLDataStorage , [Method] redefinitionById , [Message] id=BATTERY_UPDATE_BEFORE_READ
D/FactoryTestApp( 9953): [Class] XMLDataStorage , [Method] redefinitionById , [Message] id=BATTERY_VOLT_AVER
D/FactoryTestApp( 9953): [Class] XMLDataStorage , [Method] redefinitionById , [Message] id=CAMERA_REAR_TYPE
W/Bundle  ( 9412): Key user_list expected long[] but value was a [Ljava.lang.Object;.  The default value <null> was returned.
W/Bundle  ( 9412): Attempt to cast generated internal exception:
W/Bundle  ( 9412): java.lang.ClassCastException: java.lang.Object[] cannot be cast to long[]
W/Bundle  ( 9412): 	at android.os.Bundle.getLongArray(Bundle.java:1458)
W/Bundle  ( 9412): 	at android.content.Intent.getLongArrayExtra(Intent.java:4603)
W/Bundle  ( 9412): 	at com.sec.spp.push.dlc.sender.DlcRequestReceiver.onReceive(Unknown Source)
W/Bundle  ( 9412): 	at android.app.ActivityThread.handleReceiver(ActivityThread.java:2270)
W/Bundle  ( 9412): 	at android.app.ActivityThread.access$1500(ActivityThread.java:140)
W/Bundle  ( 9412): 	at android.app.ActivityThread$H.handleMessage(ActivityThread.java:1303)
W/Bundle  ( 9412): 	at android.os.Handler.dispatchMessage(Handler.java:99)
W/Bundle  ( 9412): 	at android.os.Looper.loop(Looper.java:137)
W/Bundle  ( 9412): 	at android.app.ActivityThread.main(ActivityThread.java:4898)
W/Bundle  ( 9412): 	at java.lang.reflect.Method.invokeNative(Native Method)
W/Bundle  ( 9412): 	at java.lang.reflect.Method.invoke(Method.java:511)
W/Bundle  ( 9412): 	at com.android.internal.os.ZygoteInit$MethodAndArgsCaller.run(ZygoteInit.java:1006)
W/Bundle  ( 9412): 	at com.android.internal.os.ZygoteInit.main(ZygoteInit.java:773)
W/Bundle  ( 9412): 	at dalvik.system.NativeStart.main(Native Method)
D/FactoryTestApp( 9953): [Class] XMLDataStorage , [Method] redefinitionById , [Message] id=CAMERA_FRONT_TYPE
D/FactoryTestApp( 9953): [Class] XMLDataStorage , [Method] redefinitionById , [Message] id=TSP_COMMAND_CMD
E/SPPClientService( 5902): [b] __PingReply__
D/FactoryTestApp( 9953): [Class] XMLDataStorage , [Method] redefinitionById , [Message] id=TSP_COMMAND_STATUS
D/FactoryTestApp( 9953): [Class] XMLDataStorage , [Method] redefinitionById , [Message] id=TSP_COMMAND_RESULT
D/FactoryTestApp( 9953): [Class] XMLDataStorage , [Method] redefinitionById , [Message] id=TOUCH_KEY_SENSITIVITY_POWER
D/FactoryTestApp( 9953): [Class] XMLDataStorage , [Method] redefinitionById , [Message] id=LED_RED
D/FactoryTestApp( 9953): [Class] XMLDataStorage , [Method] redefinitionById , [Message] id=LED_GREEN
D/dalvikvm( 9953): GC_CONCURRENT freed 564K, 9% free 12598K/13767K, paused 20ms+11ms, total 54ms
D/FactoryTestApp( 9953): [Class] XMLDataStorage , [Method] redefinitionById , [Message] id=LED_BLUE
D/FactoryTestApp( 9953): [Class] XMLDataStorage , [Method] redefinitionById , [Message] id=BAROMETE_DELTA
D/FactoryTestApp( 9953): [Class] XMLDataStorage , [Method] redefinitionById , [Message] id=BAROMETE_VENDOR
D/FactoryTestApp( 9953): [Class] XMLDataStorage , [Method] redefinitionById , [Message] id=TESTSIM_NOTI
I/FactoryTestApp( 9953): [Class] FtClientCPO , [Method] connectToSecPhoneService , [Message] Create sendMessenger - com.sec.phone.SecPhoneService
I/FactoryTestApp( 9953): [Class] FtClientCPO , [Method] onCreate , [Message] FtClientCPO => mBroadcastReceiver registered
I/FactoryTestApp( 9953): [Class] FtClientCPO , [Method] onBind , [Message] start
I/FactoryTestApp( 9953): [Class] FtClientCPO , [Method] onServiceConnected , [Message] connected done
D/FactoryTestApp( 9953): [Class] ResponseWriterCPO , [Method] ResponseWriter , [Message] Create ResponseWriterCPO
D/FactoryTestApp( 9953): [Class] AtParserCPO , [Method] registerAllHandler , [Message] Register IPC command handler
I/FactoryTestApp( 9953): [Class] ModuleAudio , [Method] ModuleAudio , [Message] Create ModuleAudio
I/FactoryTestApp( 9953): [Class] ModuleAudio , [Method] getSystemService , [Message] service=audio
D/FactoryTestApp( 9953): [Class] Support , [Method] Values.getString , [Message] id=MODEL_COMMUNICATION_MODE, value=gsm
D/FactoryTestApp( 9953): [Class] Support , [Method] Values.getBoolean , [Message] id=SUPPORT_PACKET_LOOPBACK, value=false
D/FactoryTestApp( 9953): [Class] Support , [Method] Values.getString , [Message] id=CHIPSET_NAME, value=Pegasus
D/FactoryTestApp( 9953): [Class] Support , [Method] Values.getString , [Message] id=CHIPSET_NAME, value=Pegasus
D/FactoryTestApp( 9953): [Class] Support , [Method] Values.getString , [Message] id=CHIPSET_NAME, value=Pegasus
D/FactoryTestApp( 9953): [Class] Support , [Method] Values.getString , [Message] id=CHIPSET_NAME, value=Pegasus
D/FactoryTestApp( 9953): [Class] Support , [Method] Values.getString , [Message] id=CHIPSET_NAME_CP, value=#DEFAULT
I/FactoryTestApp( 9953): [Class] ModuleCommon , [Method] ModuleCommon , [Message] Create ModuleCommon
D/FactoryTestApp( 9953): [Class] Support , [Method] Values.getString , [Message] id=EFS_FACTORYAPP_ROOT_PATH, value=/efs/FactoryApp/
I/FactoryTestApp( 9953): [Class] ModuleCommunication , [Method] ModuleCommunication , [Message] Create ModuleCommunication
D/FactoryTestApp( 9953): [Class] ModuleCommunication , [Method] registerReceiver , [Message] mContext=android.app.Application@42551450
D/FactoryTestApp( 9953): [Class] ModuleCommunication , [Method] registerReceiver , [Message] mContext=android.app.Application@42551450
D/FactoryTestApp( 9953): [Class] ModuleCommunication , [Method] registerReceiver , [Message] mContext=android.app.Application@42551450
D/FactoryTestApp( 9953): [Class] Support , [Method] Values.getInt , [Message] id=TSP_X_AXIS_CHANNEL, value=14
D/FactoryTestApp( 9953): [Class] Support , [Method] Values.getInt , [Message] id=TSP_Y_AXIS_CHANNEL, value=26
D/FactoryTestApp( 9953): [Class] Support , [Method] Values.getString , [Message] id=CHIPSET_NAME, value=Pegasus
D/FactoryTestApp( 9953): [Class] Support , [Method] Values.getString , [Message] id=CHIPSET_NAME, value=Pegasus
D/FactoryTestApp( 9953): [Class] Support , [Method] Values.getString , [Message] id=CHIPSET_NAME, value=Pegasus
D/FactoryTestApp( 9953): [Class] Support , [Method] Values.getString , [Message] id=CHIPSET_NAME, value=Pegasus
D/FactoryTestApp( 9953): [Class] Support , [Method] Values.getString , [Message] id=CHIPSET_NAME, value=Pegasus
I/FactoryTestApp( 9953): [Class] ModuleDevice , [Method] ModuleDevice , [Message] Create ModuleDevice
I/FactoryTestApp( 9953): [Class] ModuleDevice , [Method] getSystemService , [Message] service=vibrator
I/FactoryTestApp( 9953): [Class] ModuleDevice , [Method] getSystemService , [Message] service=storage
D/FactoryTestApp( 9953): [Class] ModuleDevice , [Method] registerReceiver , [Message] mContext=android.app.Application@42551450
I/FactoryTestApp( 9953): [Class] ModuleDevice , [Method] ModuleDevice , [Message] registerReceiver OK
I/FactoryTestApp( 9953): [Class] ModuleDevice , [Method] isMountedStorage , [Message] path : /storage/extSdCard
I/FactoryTestApp( 9953): [Class] ModuleDevice , [Method] isMountedStorage , [Message] Environment.MEDIA_MOUNTED : mounted
I/FactoryTestApp( 9953): [Class] ModuleDevice , [Method] isMountedStorage , [Message] state : mounted
I/FactoryTestApp( 9953): [Class] ModuleDevice , [Method] isMountedStorage , [Message] path : /storage/UsbDriveA
I/FactoryTestApp( 9953): [Class] ModuleDevice , [Method] isMountedStorage , [Message] Environment.MEDIA_MOUNTED : mounted
I/FactoryTestApp( 9953): [Class] ModuleDevice , [Method] isMountedStorage , [Message] state : removed
I/FactoryTestApp( 9953): [Class] ModuleDevice , [Method] isMountedStorage , [Message] path : /storage/UsbDriveB
I/FactoryTestApp( 9953): [Class] ModuleDevice , [Method] isMountedStorage , [Message] Environment.MEDIA_MOUNTED : mounted
I/FactoryTestApp( 9953): [Class] ModuleDevice , [Method] isMountedStorage , [Message] state : removed
I/FactoryTestApp( 9953): [Class] ModuleDFT , [Method] ModuleDFT , [Message] Create ModuleDFT
I/FactoryTestApp( 9953): [Class] ModulePower , [Method] ModulePower , [Message] Create ModulePower
I/FactoryTestApp( 9953): [Class] ModuleSensor , [Method] ModuleSensor
D/FactoryTestApp( 9953): [Class] Support , [Method] Values.getString , [Message] id=SENSOR_NAME_GYROSCOPE, value=STMICRO_TABLET
D/FactoryTestApp( 9953): [Class] SensorDeviceInfo , [Method] getSensorName , [Message] XML => return : STMICRO_TABLET
D/FactoryTestApp( 9953): [Class] Support , [Method] Values.getString , [Message] id=SENSOR_NAME_MAGNETIC, value=AK8975
D/FactoryTestApp( 9953): [Class] SensorDeviceInfo , [Method] getSensorName , [Message] XML => return : AK8975
D/FactoryTestApp( 9953): [Class] SensorCalculator , [Method] initialize
D/FactoryTestApp( 9953): [Class] Support , [Method] Values.getString , [Message] id=SENSOR_NAME_ACCELEROMETER, value=
D/FactoryTestApp( 9953): [Class] SensorDeviceInfo , [Method] getSensorName , [Message] XML => return : 
D/FactoryTestApp( 9953): [Class] SensorSpec , [Method] SensorSpec , [Message] mFeature_Accelerometer : 
E/FactoryTestApp( 9953): [Class] SensorSpec , [Method] setSpecAccel , [Message] feature : Unknown => return null
D/FactoryTestApp( 9953): [Class] SensorDeviceInfo , [Method] getSensorName , [Message] XML => return : AK8975
D/FactoryTestApp( 9953): [Class] SensorSpec , [Method] SensorSpec , [Message] mFeature_Magnetic : AK8975
D/FactoryTestApp( 9953): [Class] SensorCalculator , [Method] specLog , [Message] <AccelSelf> null
D/FactoryTestApp( 9953): [Class] SensorCalculator , [Method] specLog , [Message] <MagneticDAC> null
D/FactoryTestApp( 9953): [Class] SensorCalculator , [Method] specLog , [Message] <MagneticADC> X(-2000,2000) , Y(-2000,2000) , Z(-2000,2000)
D/FactoryTestApp( 9953): [Class] SensorCalculator , [Method] specLog , [Message] <MagneticADC2> null
D/FactoryTestApp( 9953): [Class] SensorCalculator , [Method] specLog , [Message] <MagneticSelf> X(-100,100) , Y(-100,100) , Z(-1000,-300)
I/FactoryTestApp( 9953): [Class] ModuleTouchScreen , [Method] ModuleTouchScreen
I/FactoryTestApp( 9953): [Class] ModuleTouchScreen , [Method] setTSPInfo
D/FactoryTestApp( 9953): [Class] Support , [Method] Values.getString , [Message] id=TSP_MANUFACTURE, value=MELFAS
D/FactoryTestApp( 9953): [Class] Support , [Method] Values.getString , [Message] id=PANEL_TYPE, value=OCTA
D/FactoryTestApp( 9953): [Class] Support , [Method] Values.getString , [Message] id=DEVICE_TYPE, value=phone
D/FactoryTestApp( 9953): [Class] ModuleTouchScreen , [Method] setTSPInfo , [Message] mTSPVendorName : MELFAS
D/FactoryTestApp( 9953): [Class] ModuleTouchScreen , [Method] setTSPInfo , [Message] mTSPPanelType : OCTA
D/FactoryTestApp( 9953): [Class] ModuleTouchScreen , [Method] setTSPInfo , [Message] mTSPDeviceType : phone
I/FactoryTestApp( 9953): [Class] ModuleTouchScreen , [Method] setTSPConnectionSpec
D/FactoryTestApp( 9953): [Class] Support , [Method] Values.getInt , [Message] id=TSP_SELFTEST_MIN, value=160
D/FactoryTestApp( 9953): [Class] Support , [Method] Values.getInt , [Message] id=TSP_SELFTEST_MAX, value=410
D/FactoryTestApp( 9953): [Class] Support , [Method] Values.getBoolean , [Message] id=FACTORY_TEST_APO, value=false
D/FactoryTestApp( 9953): [Class] Support , [Method] Values.getString , [Message] id=FACTORY_TEST_PROTOCOL, value=NEW_AT
D/FactoryTestApp( 9953): [Class] Support , [Method] Values.getBoolean , [Message] id=FACTORY_TEST_APO, value=false
D/FactoryTestApp( 9953): [Class] Support , [Method] Values.getString , [Message] id=CHIPSET_NAME, value=Pegasus
D/FactoryTestApp( 9953): [Class] Support , [Method] Values.getString , [Message] id=CHIPSET_NAME, value=Pegasus
D/FactoryTestApp( 9953): [Class] Support , [Method] Values.getString , [Message] id=CHIPSET_NAME, value=Pegasus
D/FactoryTestApp( 9953): [Class] Support , [Method] Values.getString , [Message] id=CHIPSET_NAME, value=Pegasus
D/FactoryTestApp( 9953): [Class] Support , [Method] Values.getString , [Message] id=CHIPSET_NAME, value=Pegasus
D/FactoryTestApp( 9953): [Class] Support , [Method] Values.getString , [Message] id=CHIPSET_NAME_CP, value=#DEFAULT
D/FactoryTestApp( 9953): [Class] Support , [Method] Values.getString , [Message] id=EFS_HW_PATH, value=/efs/FactoryApp/hw_ver
D/FactoryTestApp( 9953): [Class] AtVersname , [Method] AtVersname , [Message] EFS_HW_PATHis already existed...
D/FactoryTestApp( 9953): [Class] Support , [Method] Values.getString , [Message] id=CHIPSET_NAME, value=Pegasus
D/FactoryTestApp( 9953): [Class] Support , [Method] Values.getString , [Message] id=CHIPSET_NAME, value=Pegasus
D/FactoryTestApp( 9953): [Class] Support , [Method] Values.getString , [Message] id=CHIPSET_NAME, value=Pegasus
D/FactoryTestApp( 9953): [Class] Support , [Method] Values.getString , [Message] id=CHIPSET_NAME, value=Pegasus
D/dalvikvm( 9953): GC_CONCURRENT freed 594K, 10% free 12516K/13767K, paused 15ms+2ms, total 38ms
D/dalvikvm( 9953): WAIT_FOR_CONCURRENT_GC blocked 4ms
D/FactoryTestApp( 9953): [Class] SensorDeviceInfo , [Method] getSensorName , [Message] XML => return : AK8975
D/FactoryTestApp( 9953): [Class] Support , [Method] Values.getString , [Message] id=SERIAL_NO, value=/efs/FactoryApp/serial_no
D/FactoryTestApp( 9953): [Class] Support , [Method] Values.getString , [Message] id=BATTERY_VOLT_ADC_CAL, value=/sys/class/power_supply/battery/batt_vol_adc_cal
D/FactoryTestApp( 9953): [Class] Support , [Method] Values.getString , [Message] id=BATTERY_VOLT_ADC_CAL, value=/sys/class/power_supply/battery/batt_vol_adc_cal
D/FactoryTestApp( 9953): [Class] Support , [Method] Kernel.read , [Message] path=/sys/class/power_supply/battery/batt_vol_adc_cal, value=N/A
I/FactoryTestApp( 9953): [Class] ModulePower , [Method] readBatteryCal , [Message] cal=N/A
I/FactoryTestApp( 9953): [Class] ModulePower , [Method] writeBatteryAdcCal , [Message] value=N/A
D/FactoryTestApp( 9953): [Class] Support , [Method] Values.getString , [Message] id=BATTERY_VOLT_ADC_CAL, value=/sys/class/power_supply/battery/batt_vol_adc_cal
W/FactoryTestApp( 9953): WARNNING: java.io.IOException: write failed: EINVAL (Invalid argument)
W/FactoryTestApp( 9953): WARNNING:     libcore.io.IoBridge.write(IoBridge.java:462)
W/FactoryTestApp( 9953): WARNNING:     java.io.FileOutputStream.write(FileOutputStream.java:187)
W/FactoryTestApp( 9953): WARNNING:     java.io.OutputStreamWriter.flushBytes(OutputStreamWriter.java:167)
W/FactoryTestApp( 9953): WARNNING:     java.io.OutputStreamWriter.flush(OutputStreamWriter.java:158)
W/FactoryTestApp( 9953): WARNNING:     com.sec.factory.support.Support$Kernel.write(Support.java:828)
W/FactoryTestApp( 9953): WARNNING:     com.sec.factory.modules.ModulePower.writeBatteryAdcCal(ModulePower.java:387)
W/FactoryTestApp( 9953): WARNNING:     com.sec.factory.aporiented.athandler.AtBattcali.setCalibrationOnBoot(AtBattcali.java:21)
W/FactoryTestApp( 9953): WARNNING:     com.sec.factory.aporiented.athandler.AtBattcali.<init>(AtBattcali.java:14)
W/FactoryTestApp( 9953): WARNNING:     com.sec.factory.cporiented.AtParserCPO.registerAllHandler(AtParserCPO.java:163)
W/FactoryTestApp( 9953): WARNNING:     com.sec.factory.cporiented.FtClientCPO.createResponseWriter(FtClientCPO.java:125)
W/FactoryTestApp( 9953): WARNNING:     com.sec.factory.cporiented.FtClientCPO$1.onServiceConnected(FtClientCPO.java:136)
W/FactoryTestApp( 9953): WARNNING:     android.app.LoadedApk$ServiceDispatcher.doConnected(LoadedApk.java:1097)
W/FactoryTestApp( 9953): WARNNING:     android.app.LoadedApk$ServiceDispatcher$RunConnection.run(LoadedApk.java:1114)
W/FactoryTestApp( 9953): WARNNING:     android.os.Handler.handleCallback(Handler.java:615)
W/FactoryTestApp( 9953): WARNNING:     android.os.Handler.dispatchMessage(Handler.java:92)
W/FactoryTestApp( 9953): WARNNING:     android.os.Looper.loop(Looper.java:137)
W/FactoryTestApp( 9953): WARNNING:     android.app.ActivityThread.main(ActivityThread.java:4898)
W/FactoryTestApp( 9953): WARNNING:     java.lang.reflect.Method.invokeNative(Native Method)
W/FactoryTestApp( 9953): WARNNING:     java.lang.reflect.Method.invoke(Method.java:511)
W/FactoryTestApp( 9953): WARNNING:     com.android.internal.os.ZygoteInit$MethodAndArgsCaller.run(ZygoteInit.java:1006)
W/FactoryTestApp( 9953): WARNNING:     com.android.internal.os.ZygoteInit.main(ZygoteInit.java:773)
W/FactoryTestApp( 9953): WARNNING:     dalvik.system.NativeStart.main(Native Method)
D/FactoryTestApp( 9953): [Class] Support , [Method] Kernel.write , [Message] path=/sys/class/power_supply/battery/batt_vol_adc_cal, value=N/A
D/FactoryTestApp( 9953): [Class] SensorDeviceInfo , [Method] getSensorName , [Message] XML => return : STMICRO_TABLET
E/MtpService( 5459): In MTPAPP onReceive:android.intent.action.BATTERY_CHANGED
E/MtpService( 5459): battPlugged Type : 2
D/SensorService( 2283): info.rates.add, set DEFAULT_EVENTS_PERIOD
D/SensorService( 2283): SensorDevice::activate  (enable 1, disable 0) = 1
D/SensorService( 2283): activating sensor enable handle=3 
D/SensorService( 2283): activating sensor enable, Done!
D/SensorService( 2283): SensorDevice::activating sensor handle=3 ns=200000000 
I/SensorService( 2283): info.selectDelay() ns=200000000  
D/SensorService( 2283): SensorDevice::setDelay, Return(true 1, false 0) =  1
D/SensorManager( 2283): registerListener :: handle = 3  name= CM36651 Light sensor delay= 200000 Listener= com.android.server.LightsService$4@42c4ed28
D/FactoryTestApp( 9953): [Class] Support , [Method] Values.getString , [Message] id=FACTORY_MODE, value=/efs/FactoryApp/factorymode
D/FactoryTestApp( 9953): [Class] AtKstringb , [Method] AtKstringb , [Message] FACTORY_MODEis already existed...
D/FactoryTestApp( 9953): [Class] Support , [Method] Values.getString , [Message] id=KEYSTRING_BLOCK, value=/efs/FactoryApp/keystr
D/FactoryTestApp( 9953): [Class] AtKstringb , [Method] AtKstringb , [Message] KEYSTRING_BLOCKis already existed...
D/FactoryTestApp( 9953): [Class] Support , [Method] Values.getBoolean , [Message] id=IS_TSP_STANDARD, value=false
D/FactoryTestApp( 9953): [Class] Support , [Method] Values.getString , [Message] id=TSP_MANUFACTURE, value=MELFAS
D/FactoryTestApp( 9953): [Class] Support , [Method] Values.getString , [Message] id=BAROMETE_DELTA, value=/efs/FactoryApp/baro_delta
D/FactoryTestApp( 9953): [Class] AtBaromete , [Method] AtBaromete , [Message] BAROMETE_DELTAis already existed...
D/SensorManager( 2283): unregisterListener::  Listener= com.android.server.LightsService$4@42c4ed28
D/SensorService( 2283): SensorDevice::activate  (enable 1, disable 0) = 0
D/SensorService( 2283): activating sensor disable handle=3 
D/SensorService( 2283): activating sensor disable, Done!
D/SensorService( 2283): SensorDevice::activating sensor handle=3 ns=200000000 
D/lights  ( 2283): write pattern : g_led_info = 8
D/lights  ( 2283): led_pattern : 1 +
D/lights  ( 2283): led_pattern : 1 -
W/IdleConnectionHandler( 3847): Removing a connection that never existed!
W/SignalStrength( 2596): getGsmLevel=3
W/SignalStrength( 2596): getLevel=3 (SignalStrength: 11 -1 -1 -1 -1 -1 -1 -1 -1 -1 -1 -1 gsm|lte 3)
W/SignalStrength( 2596): getGsmLevel=3
W/SignalStrength( 2596): getLevel=3 (SignalStrength: 11 -1 -1 -1 -1 -1 -1 -1 -1 -1 -1 -1 gsm|lte 3)
W/SignalStrength( 2283): getGsmLevel=3
W/SignalStrength( 2283): getLevel=3 (SignalStrength: 11 -1 -1 -1 -1 -1 -1 -1 -1 -1 -1 -1 gsm|lte 3)
W/SignalStrength( 2283): getGsmDbm=-91
W/SignalStrength( 2283): getDbm=-91
W/SignalStrength( 2283): getGsmAsuLevel=11
W/SignalStrength( 2283): getAsuLevel=11
E/Watchdog( 2283): !@Sync 122
D/ClockWidget( 2283): refreshTime()
D/ClockAlarmWidgetService( 9580): [ClockAlarmWidgetService] onReceive: action = android.intent.action.TIME_TICK
D/ClockWidget( 2283): TTS Message = Sono le 10:49, Luned, Ottobre 28
E/ClockAlarmWidget( 9580): [AlarmWidgetIdManager] getListItem() : itemIndex=0, widgetID:1
E/ClockAlarmWidget( 9580): [AlarmWidgetIdManager] getListItem() : ItemIndex exceed ListItemCount. itemIndex=1
E/ClockAlarmWidget( 9580): [AlarmWidgetIdManager] getListItem() : itemIndex=1, widgetID:1
D/ClockAlarmDataProvider( 9580): getAlarm() - too many same ID alarm data. nCount: 0
D/dalvikvm( 3847): GC_CONCURRENT freed 1932K, 18% free 20049K/24327K, paused 47ms+10ms, total 193ms
D/dalvikvm( 9929): GC_CONCURRENT freed 637K, 8% free 14891K/16135K, paused 28ms+6ms, total 207ms
E/MtpService( 5459): In MTPAPP onReceive:android.intent.action.BATTERY_CHANGED
E/MtpService( 5459): battPlugged Type : 2
D/SensorService( 2283): info.rates.add, set DEFAULT_EVENTS_PERIOD
D/SensorService( 2283): SensorDevice::activate  (enable 1, disable 0) = 1
D/SensorService( 2283): activating sensor enable handle=3 
D/SensorService( 2283): activating sensor enable, Done!
D/SensorService( 2283): SensorDevice::activating sensor handle=3 ns=200000000 
I/SensorService( 2283): info.selectDelay() ns=200000000  
D/SensorService( 2283): SensorDevice::setDelay, Return(true 1, false 0) =  1
D/SensorManager( 2283): registerListener :: handle = 3  name= CM36651 Light sensor delay= 200000 Listener= com.android.server.LightsService$4@42c4ed28
D/SensorManager( 2283): unregisterListener::  Listener= com.android.server.LightsService$4@42c4ed28
D/SensorService( 2283): SensorDevice::activate  (enable 1, disable 0) = 0
D/SensorService( 2283): activating sensor disable handle=3 
D/SensorService( 2283): activating sensor disable, Done!
D/SensorService( 2283): SensorDevice::activating sensor handle=3 ns=200000000 
D/lights  ( 2283): write pattern : g_led_info = 8
D/lights  ( 2283): led_pattern : 1 +
D/lights  ( 2283): led_pattern : 1 -
E/Watchdog( 2283): !@Sync 123
E/MtpService( 5459): In MTPAPP onReceive:android.intent.action.BATTERY_CHANGED
E/MtpService( 5459): battPlugged Type : 2
D/CircleLockScreen( 2283): onRefreshBatteryInfo() showPatteryInfo: true pluggedIn: true batteryLevel: 27
D/SensorService( 2283): info.rates.add, set DEFAULT_EVENTS_PERIOD
D/SensorService( 2283): SensorDevice::activate  (enable 1, disable 0) = 1
D/SensorService( 2283): activating sensor enable handle=3 
D/SensorService( 2283): activating sensor enable, Done!
D/SensorService( 2283): SensorDevice::activating sensor handle=3 ns=200000000 
I/SensorService( 2283): info.selectDelay() ns=200000000  
D/SensorService( 2283): SensorDevice::setDelay, Return(true 1, false 0) =  1
D/SensorManager( 2283): registerListener :: handle = 3  name= CM36651 Light sensor delay= 200000 Listener= com.android.server.LightsService$4@42c4ed28
D/SensorManager( 2283): unregisterListener::  Listener= com.android.server.LightsService$4@42c4ed28
D/SensorService( 2283): SensorDevice::activate  (enable 1, disable 0) = 0
D/SensorService( 2283): activating sensor disable handle=3 
D/SensorService( 2283): activating sensor disable, Done!
D/SensorService( 2283): SensorDevice::activating sensor handle=3 ns=200000000 
D/lights  ( 2283): write pattern : g_led_info = 8
D/lights  ( 2283): led_pattern : 1 +
D/lights  ( 2283): led_pattern : 1 -
E/Watchdog( 2283): !@Sync 124
D/ClockWidget( 2283): refreshTime()
D/ClockAlarmWidgetService( 9580): [ClockAlarmWidgetService] onReceive: action = android.intent.action.TIME_TICK
D/ClockWidget( 2283): TTS Message = Sono le 10:50, Luned, Ottobre 28
E/ClockAlarmWidget( 9580): [AlarmWidgetIdManager] getListItem() : itemIndex=0, widgetID:1
E/ClockAlarmWidget( 9580): [AlarmWidgetIdManager] getListItem() : ItemIndex exceed ListItemCount. itemIndex=1
E/ClockAlarmWidget( 9580): [AlarmWidgetIdManager] getListItem() : itemIndex=1, widgetID:1
D/ClockAlarmDataProvider( 9580): getAlarm() - too many same ID alarm data. nCount: 0
E/MtpService( 5459): In MTPAPP onReceive:android.intent.action.BATTERY_CHANGED
E/MtpService( 5459): battPlugged Type : 2
D/SensorService( 2283): info.rates.add, set DEFAULT_EVENTS_PERIOD
D/SensorService( 2283): SensorDevice::activate  (enable 1, disable 0) = 1
D/SensorService( 2283): activating sensor enable handle=3 
D/SensorService( 2283): activating sensor enable, Done!
D/SensorService( 2283): SensorDevice::activating sensor handle=3 ns=200000000 
I/SensorService( 2283): info.selectDelay() ns=200000000  
D/SensorService( 2283): SensorDevice::setDelay, Return(true 1, false 0) =  1
D/SensorManager( 2283): registerListener :: handle = 3  name= CM36651 Light sensor delay= 200000 Listener= com.android.server.LightsService$4@42c4ed28
D/SensorManager( 2283): unregisterListener::  Listener= com.android.server.LightsService$4@42c4ed28
D/SensorService( 2283): SensorDevice::activate  (enable 1, disable 0) = 0
D/SensorService( 2283): activating sensor disable handle=3 
D/SensorService( 2283): activating sensor disable, Done!
D/SensorService( 2283): SensorDevice::activating sensor handle=3 ns=200000000 
D/lights  ( 2283): write pattern : g_led_info = 8
D/lights  ( 2283): led_pattern : 1 +
D/lights  ( 2283): led_pattern : 1 -
I/dalvikvm( 9975): Turning on JNI app bug workarounds for target SDK version 10...
E/Trace   ( 9975): error opening trace file: No such file or directory (2)
D/dalvikvm( 9975): GC_CONCURRENT freed 168K, 6% free 12445K/13191K, paused 23ms+3ms, total 63ms
D/dalvikvm( 9975): WAIT_FOR_CONCURRENT_GC blocked 17ms
D/ACRA    ( 9975): ACRA is enabled for com.facebook.orca, intializing...
D/dalvikvm( 9975): GC_CONCURRENT freed 157K, 6% free 12797K/13575K, paused 13ms+27ms, total 106ms
D/ACRA    ( 9975): Looking for error files in /data/data/com.facebook.orca/app_acra-reports
D/ACRA    ( 9975): Looking for error files in /data/data/com.facebook.orca/app_minidumps
D/dalvikvm( 9975): Trying to load lib /data/data/com.facebook.orca/lib/libfb_stl_shared.so 0x425424c0
D/dalvikvm( 9975): Added shared lib /data/data/com.facebook.orca/lib/libfb_stl_shared.so 0x425424c0
D/dalvikvm( 9975): No JNI_OnLoad found in /data/data/com.facebook.orca/lib/libfb_stl_shared.so 0x425424c0, skipping init
D/dalvikvm( 9975): Trying to load lib /data/data/com.facebook.orca/lib/libfb_breakpad_client.so 0x425424c0
D/dalvikvm( 9975): Added shared lib /data/data/com.facebook.orca/lib/libfb_breakpad_client.so 0x425424c0
W/OrcaGuiceModule( 9975): Sig: ijxLJi1yGs1JpL-X1SExmchvork
V/DexLibLoader( 9975): Dex already copied
V/DexLibLoader( 9975): Creating class loader
V/DexLibLoader( 9975): Finished creating class loader
V/DexLibLoader( 9975): Dex already copied
V/DexLibLoader( 9975): Creating class loader
V/DexLibLoader( 9975): Finished creating class loader
V/DexLibLoader( 9975): Dex already copied
D/dalvikvm( 9975): GC_CONCURRENT freed 418K, 8% free 12817K/13831K, paused 11ms+2ms, total 41ms
V/DexLibLoader( 9975): Creating class loader
V/DexLibLoader( 9975): Finished creating class loader
V/DexLibLoader( 9975): Dex already copied
V/DexLibLoader( 9975): Creating class loader
V/DexLibLoader( 9975): Finished creating class loader
V/DexLibLoader( 9975): Dex already copied
V/DexLibLoader( 9975): Creating class loader
V/DexLibLoader( 9975): Finished creating class loader
V/DexLibLoader( 9975): Dex already copied
V/DexLibLoader( 9975): Creating class loader
V/DexLibLoader( 9975): Finished creating class loader
V/DexLibLoader( 9975): Dex already copied
V/DexLibLoader( 9975): Creating class loader
V/DexLibLoader( 9975): Finished creating class loader
V/DexLibLoader( 9975): Preparing secondary program dexes.
V/DexLibLoader( 9975): No metadata found.
D/DexLibLoader( 9975): DexLibLoader.ensureDexLoaded took 120 ms
I/ActivityThread( 9975): Pub com.facebook.orca.notify.MessengerForegroundProvider: com.facebook.orca.notify.MessengerForegroundProvider
I/ActivityThread( 9975): Pub com.facebook.orca.properties: com.facebook.messenger.providers.DbPropertiesContentProvider
I/ActivityThread( 9975): Pub com.facebook.orca.cleaner: com.facebook.messenger.providers.DbCleanerContentProvider
I/ActivityThread( 9975): Pub com.facebook.orca.messages: com.facebook.messenger.providers.MessagesDbContentProvider
I/ActivityThread( 9975): Pub com.facebook.orca.notify.MessengerLoggedInUserProvider: com.facebook.orca.notify.MessengerLoggedInUserProvider
D/dalvikvm( 9975): GC_CONCURRENT freed 323K, 7% free 12956K/13895K, paused 11ms+13ms, total 48ms
I/ActivityThread( 9975): Pub com.facebook.orca.contacts: com.facebook.messenger.providers.FbContactsContentProvider
I/ActivityThread( 9975): Pub com.facebook.orca.prefs: com.facebook.prefs.shared.FbSharedPreferencesContentProvider
I/ActivityThread( 9975): Pub com.facebook.orca.experiments: com.facebook.orca.abtest.QuickExperimentContentProvider
D/dalvikvm( 9975): GC_CONCURRENT freed 265K, 7% free 13241K/14087K, paused 11ms+19ms, total 53ms
D/dalvikvm( 9975): GC_CONCURRENT freed 212K, 6% free 13540K/14343K, paused 12ms+13ms, total 61ms
D/dalvikvm( 9975): GC_CONCURRENT freed 208K, 6% free 13877K/14663K, paused 12ms+16ms, total 66ms
D/dalvikvm( 9975): WAIT_FOR_CONCURRENT_GC blocked 2ms
D/dalvikvm( 9975): GC_CONCURRENT freed 243K, 6% free 14158K/14983K, paused 12ms+7ms, total 63ms
D/dalvikvm( 9975): GC_CONCURRENT freed 344K, 6% free 14509K/15431K, paused 13ms+3ms, total 79ms
D/dalvikvm( 9975): WAIT_FOR_CONCURRENT_GC blocked 12ms
D/dalvikvm( 9975): GC_CONCURRENT freed 496K, 7% free 14870K/15943K, paused 12ms+3ms, total 82ms
D/dalvikvm( 9975): WAIT_FOR_CONCURRENT_GC blocked 25ms
D/dalvikvm( 9975): WAIT_FOR_CONCURRENT_GC blocked 30ms
D/dalvikvm( 9975): WAIT_FOR_CONCURRENT_GC blocked 28ms
D/dalvikvm( 9975): WAIT_FOR_CONCURRENT_GC blocked 25ms
E/Watchdog( 2283): !@Sync 125
E/MtpService( 5459): In MTPAPP onReceive:android.intent.action.BATTERY_CHANGED
E/MtpService( 5459): battPlugged Type : 2
D/SensorService( 2283): info.rates.add, set DEFAULT_EVENTS_PERIOD
D/SensorService( 2283): SensorDevice::activate  (enable 1, disable 0) = 1
D/SensorService( 2283): activating sensor enable handle=3 
D/SensorService( 2283): activating sensor enable, Done!
D/SensorService( 2283): SensorDevice::activating sensor handle=3 ns=200000000 
I/SensorService( 2283): info.selectDelay() ns=200000000  
D/SensorService( 2283): SensorDevice::setDelay, Return(true 1, false 0) =  1
D/SensorManager( 2283): registerListener :: handle = 3  name= CM36651 Light sensor delay= 200000 Listener= com.android.server.LightsService$4@42c4ed28
D/SensorManager( 2283): unregisterListener::  Listener= com.android.server.LightsService$4@42c4ed28
D/SensorService( 2283): SensorDevice::activate  (enable 1, disable 0) = 0
D/SensorService( 2283): activating sensor disable handle=3 
D/SensorService( 2283): activating sensor disable, Done!
D/SensorService( 2283): SensorDevice::activating sensor handle=3 ns=200000000 
D/lights  ( 2283): write pattern : g_led_info = 8
D/lights  ( 2283): led_pattern : 1 +
D/lights  ( 2283): led_pattern : 1 -
E/msgr(:<default>):MmsConfig( 9975): MmsConfig.loadMmsSettings mms_config.xml missing uaProfUrl setting
E/Watchdog( 2283): !@Sync 126
D/ClockWidget( 2283): refreshTime()
D/ClockWidget( 2283): TTS Message = Sono le 10:51, Luned, Ottobre 28
D/ClockAlarmWidgetService( 9580): [ClockAlarmWidgetService] onReceive: action = android.intent.action.TIME_TICK
E/ClockAlarmWidget( 9580): [AlarmWidgetIdManager] getListItem() : itemIndex=0, widgetID:1
E/ClockAlarmWidget( 9580): [AlarmWidgetIdManager] getListItem() : ItemIndex exceed ListItemCount. itemIndex=1
E/ClockAlarmWidget( 9580): [AlarmWidgetIdManager] getListItem() : itemIndex=1, widgetID:1
D/ClockAlarmDataProvider( 9580): getAlarm() - too many same ID alarm data. nCount: 0
W/SignalStrength( 2596): getGsmLevel=3
W/SignalStrength( 2596): getLevel=3 (SignalStrength: 10 -1 -1 -1 -1 -1 -1 -1 -1 -1 -1 -1 gsm|lte 3)
W/SignalStrength( 2596): getGsmLevel=3
W/SignalStrength( 2596): getLevel=3 (SignalStrength: 10 -1 -1 -1 -1 -1 -1 -1 -1 -1 -1 -1 gsm|lte 3)
W/SignalStrength( 2283): getGsmLevel=3
W/SignalStrength( 2283): getLevel=3 (SignalStrength: 10 -1 -1 -1 -1 -1 -1 -1 -1 -1 -1 -1 gsm|lte 3)
W/SignalStrength( 2283): getGsmDbm=-93
W/SignalStrength( 2283): getDbm=-93
W/SignalStrength( 2283): getGsmAsuLevel=10
W/SignalStrength( 2283): getAsuLevel=10
E/MtpService( 5459): In MTPAPP onReceive:android.intent.action.BATTERY_CHANGED
E/MtpService( 5459): battPlugged Type : 2
D/CircleLockScreen( 2283): onRefreshBatteryInfo() showPatteryInfo: true pluggedIn: true batteryLevel: 28
D/SensorService( 2283): info.rates.add, set DEFAULT_EVENTS_PERIOD
D/SensorService( 2283): SensorDevice::activate  (enable 1, disable 0) = 1
D/SensorService( 2283): activating sensor enable handle=3 
D/SensorService( 2283): activating sensor enable, Done!
D/SensorService( 2283): SensorDevice::activating sensor handle=3 ns=200000000 
I/SensorService( 2283): info.selectDelay() ns=200000000  
D/SensorService( 2283): SensorDevice::setDelay, Return(true 1, false 0) =  1
D/SensorManager( 2283): registerListener :: handle = 3  name= CM36651 Light sensor delay= 200000 Listener= com.android.server.LightsService$4@42c4ed28
D/SensorManager( 2283): unregisterListener::  Listener= com.android.server.LightsService$4@42c4ed28
D/SensorService( 2283): SensorDevice::activate  (enable 1, disable 0) = 0
D/SensorService( 2283): activating sensor disable handle=3 
D/SensorService( 2283): activating sensor disable, Done!
D/SensorService( 2283): SensorDevice::activating sensor handle=3 ns=200000000 
D/lights  ( 2283): write pattern : g_led_info = 8
D/lights  ( 2283): led_pattern : 1 +
D/lights  ( 2283): led_pattern : 1 -
D/dalvikvm( 2283): GC_CONCURRENT freed 1690K, 40% free 30731K/50439K, paused 36ms+28ms, total 304ms
E/Watchdog( 2283): !@Sync 127
E/MtpService( 5459): In MTPAPP onReceive:android.intent.action.BATTERY_CHANGED
E/MtpService( 5459): battPlugged Type : 2
D/SensorService( 2283): info.rates.add, set DEFAULT_EVENTS_PERIOD
D/SensorService( 2283): SensorDevice::activate  (enable 1, disable 0) = 1
D/SensorService( 2283): activating sensor enable handle=3 
D/SensorService( 2283): activating sensor enable, Done!
D/SensorService( 2283): SensorDevice::activating sensor handle=3 ns=200000000 
I/SensorService( 2283): info.selectDelay() ns=200000000  
D/SensorService( 2283): SensorDevice::setDelay, Return(true 1, false 0) =  1
D/SensorManager( 2283): registerListener :: handle = 3  name= CM36651 Light sensor delay= 200000 Listener= com.android.server.LightsService$4@42c4ed28
D/SensorManager( 2283): unregisterListener::  Listener= com.android.server.LightsService$4@42c4ed28
D/SensorService( 2283): SensorDevice::activate  (enable 1, disable 0) = 0
D/SensorService( 2283): activating sensor disable handle=3 
D/SensorService( 2283): activating sensor disable, Done!
D/SensorService( 2283): SensorDevice::activating sensor handle=3 ns=200000000 
D/lights  ( 2283): write pattern : g_led_info = 8
D/lights  ( 2283): led_pattern : 1 +
D/lights  ( 2283): led_pattern : 1 -
E/Watchdog( 2283): !@Sync 128
D/ClockWidget( 2283): refreshTime()
D/ClockAlarmWidgetService( 9580): [ClockAlarmWidgetService] onReceive: action = android.intent.action.TIME_TICK
D/ClockWidget( 2283): TTS Message = Sono le 10:52, Luned, Ottobre 28
E/ClockAlarmWidget( 9580): [AlarmWidgetIdManager] getListItem() : itemIndex=0, widgetID:1
E/ClockAlarmWidget( 9580): [AlarmWidgetIdManager] getListItem() : ItemIndex exceed ListItemCount. itemIndex=1
E/ClockAlarmWidget( 9580): [AlarmWidgetIdManager] getListItem() : itemIndex=1, widgetID:1
D/ClockAlarmDataProvider( 9580): getAlarm() - too many same ID alarm data. nCount: 0
W/SignalStrength( 2596): getGsmLevel=3
W/SignalStrength( 2596): getLevel=3 (SignalStrength: 11 -1 -1 -1 -1 -1 -1 -1 -1 -1 -1 -1 gsm|lte 3)
W/SignalStrength( 2596): getGsmLevel=3
W/SignalStrength( 2596): getLevel=3 (SignalStrength: 11 -1 -1 -1 -1 -1 -1 -1 -1 -1 -1 -1 gsm|lte 3)
W/SignalStrength( 2283): getGsmLevel=3
W/SignalStrength( 2283): getLevel=3 (SignalStrength: 11 -1 -1 -1 -1 -1 -1 -1 -1 -1 -1 -1 gsm|lte 3)
W/SignalStrength( 2283): getGsmDbm=-91
W/SignalStrength( 2283): getDbm=-91
W/SignalStrength( 2283): getGsmAsuLevel=11
W/SignalStrength( 2283): getAsuLevel=11
E/MtpService( 5459): In MTPAPP onReceive:android.intent.action.BATTERY_CHANGED
E/MtpService( 5459): battPlugged Type : 2
D/SensorService( 2283): info.rates.add, set DEFAULT_EVENTS_PERIOD
D/SensorService( 2283): SensorDevice::activate  (enable 1, disable 0) = 1
D/SensorService( 2283): activating sensor enable handle=3 
D/SensorService( 2283): activating sensor enable, Done!
D/SensorService( 2283): SensorDevice::activating sensor handle=3 ns=200000000 
I/SensorService( 2283): info.selectDelay() ns=200000000  
D/SensorService( 2283): SensorDevice::setDelay, Return(true 1, false 0) =  1
D/SensorManager( 2283): registerListener :: handle = 3  name= CM36651 Light sensor delay= 200000 Listener= com.android.server.LightsService$4@42c4ed28
D/SensorManager( 2283): unregisterListener::  Listener= com.android.server.LightsService$4@42c4ed28
D/SensorService( 2283): SensorDevice::activate  (enable 1, disable 0) = 0
D/SensorService( 2283): activating sensor disable handle=3 
D/SensorService( 2283): activating sensor disable, Done!
D/SensorService( 2283): SensorDevice::activating sensor handle=3 ns=200000000 
D/lights  ( 2283): write pattern : g_led_info = 8
D/lights  ( 2283): led_pattern : 1 +
D/lights  ( 2283): led_pattern : 1 -
E/Watchdog( 2283): !@Sync 129
E/MtpService( 5459): In MTPAPP onReceive:android.intent.action.BATTERY_CHANGED
E/MtpService( 5459): battPlugged Type : 2
D/CircleLockScreen( 2283): onRefreshBatteryInfo() showPatteryInfo: true pluggedIn: true batteryLevel: 29
D/SensorService( 2283): info.rates.add, set DEFAULT_EVENTS_PERIOD
D/SensorService( 2283): SensorDevice::activate  (enable 1, disable 0) = 1
D/SensorService( 2283): activating sensor enable handle=3 
D/SensorService( 2283): activating sensor enable, Done!
D/SensorService( 2283): SensorDevice::activating sensor handle=3 ns=200000000 
I/SensorService( 2283): info.selectDelay() ns=200000000  
D/SensorService( 2283): SensorDevice::setDelay, Return(true 1, false 0) =  1
D/SensorManager( 2283): registerListener :: handle = 3  name= CM36651 Light sensor delay= 200000 Listener= com.android.server.LightsService$4@42c4ed28
D/SensorManager( 2283): unregisterListener::  Listener= com.android.server.LightsService$4@42c4ed28
D/SensorService( 2283): SensorDevice::activate  (enable 1, disable 0) = 0
D/SensorService( 2283): activating sensor disable handle=3 
D/SensorService( 2283): activating sensor disable, Done!
D/SensorService( 2283): SensorDevice::activating sensor handle=3 ns=200000000 
D/lights  ( 2283): write pattern : g_led_info = 8
D/lights  ( 2283): led_pattern : 1 +
D/lights  ( 2283): led_pattern : 1 -
E/Watchdog( 2283): !@Sync 130
D/ClockWidget( 2283): refreshTime()
D/ClockAlarmWidgetService( 9580): [ClockAlarmWidgetService] onReceive: action = android.intent.action.TIME_TICK
D/ClockWidget( 2283): TTS Message = Sono le 10:53, Luned, Ottobre 28
E/ClockAlarmWidget( 9580): [AlarmWidgetIdManager] getListItem() : itemIndex=0, widgetID:1
E/ClockAlarmWidget( 9580): [AlarmWidgetIdManager] getListItem() : ItemIndex exceed ListItemCount. itemIndex=1
E/ClockAlarmWidget( 9580): [AlarmWidgetIdManager] getListItem() : itemIndex=1, widgetID:1
D/ClockAlarmDataProvider( 9580): getAlarm() - too many same ID alarm data. nCount: 0
E/MtpService( 5459): In MTPAPP onReceive:android.intent.action.BATTERY_CHANGED
E/MtpService( 5459): battPlugged Type : 2
D/SensorService( 2283): info.rates.add, set DEFAULT_EVENTS_PERIOD
D/SensorService( 2283): SensorDevice::activate  (enable 1, disable 0) = 1
D/SensorService( 2283): activating sensor enable handle=3 
D/SensorService( 2283): activating sensor enable, Done!
D/SensorService( 2283): SensorDevice::activating sensor handle=3 ns=200000000 
I/SensorService( 2283): info.selectDelay() ns=200000000  
D/SensorService( 2283): SensorDevice::setDelay, Return(true 1, false 0) =  1
D/SensorManager( 2283): registerListener :: handle = 3  name= CM36651 Light sensor delay= 200000 Listener= com.android.server.LightsService$4@42c4ed28
D/SensorManager( 2283): unregisterListener::  Listener= com.android.server.LightsService$4@42c4ed28
D/SensorService( 2283): SensorDevice::activate  (enable 1, disable 0) = 0
D/SensorService( 2283): activating sensor disable handle=3 
D/SensorService( 2283): activating sensor disable, Done!
D/SensorService( 2283): SensorDevice::activating sensor handle=3 ns=200000000 
D/lights  ( 2283): write pattern : g_led_info = 8
D/lights  ( 2283): led_pattern : 1 +
D/lights  ( 2283): led_pattern : 1 -
W/SignalStrength( 2596): getGsmLevel=3
W/SignalStrength( 2596): getLevel=3 (SignalStrength: 10 -1 -1 -1 -1 -1 -1 -1 -1 -1 -1 -1 gsm|lte 3)
W/SignalStrength( 2596): getGsmLevel=3
W/SignalStrength( 2596): getLevel=3 (SignalStrength: 10 -1 -1 -1 -1 -1 -1 -1 -1 -1 -1 -1 gsm|lte 3)
W/SignalStrength( 2283): getGsmLevel=3
W/SignalStrength( 2283): getLevel=3 (SignalStrength: 10 -1 -1 -1 -1 -1 -1 -1 -1 -1 -1 -1 gsm|lte 3)
W/SignalStrength( 2283): getGsmDbm=-93
