D/SensorService( 2283): activating sensor disable, Done!
D/SensorService( 2283): SensorDevice::activating sensor handle=3 ns=200000000 
D/lights  ( 2283): write pattern : g_led_info = 8
D/lights  ( 2283): led_pattern : 1 +
D/lights  ( 2283): led_pattern : 1 -
E/Watchdog( 2283): !@Sync 105
E/MtpService( 5459): In MTPAPP onReceive:android.intent.action.BATTERY_CHANGED
E/MtpService( 5459): battPlugged Type : 2
D/SensorService( 2283): info.rates.add, set DEFAULT_EVENTS_PERIOD
D/SensorService( 2283): SensorDevice::activate  (enable 1, disable 0) = 1
D/SensorService( 2283): activating sensor enable handle=3 
D/SensorService( 2283): activating sensor enable, Done!
D/SensorService( 2283): SensorDevice::activating sensor handle=3 ns=200000000 
I/SensorService( 2283): info.selectDelay() ns=200000000  
D/SensorService( 2283): SensorDevice::setDelay, Return(true 1, false 0) =  1
D/SensorManager( 2283): registerListener :: handle = 3  name= CM36651 Light sensor delay= 200000 Listener= com.android.server.LightsService$4@42c4ed28
D/SensorManager( 2283): unregisterListener::  Listener= com.android.server.LightsService$4@42c4ed28
D/SensorService( 2283): SensorDevice::activate  (enable 1, disable 0) = 0
D/SensorService( 2283): activating sensor disable handle=3 
D/SensorService( 2283): activating sensor disable, Done!
D/SensorService( 2283): SensorDevice::activating sensor handle=3 ns=200000000 
D/lights  ( 2283): write pattern : g_led_info = 8
D/lights  ( 2283): led_pattern : 1 +
D/lights  ( 2283): led_pattern : 1 -
E/Watchdog( 2283): !@Sync 106
D/ClockWidget( 2283): refreshTime()
D/ClockWidget( 2283): TTS Message = Sono le 10:41, Luned, Ottobre 28
D/ClockAlarmWidgetService( 9580): [ClockAlarmWidgetService] onReceive: action = android.intent.action.TIME_TICK
E/ClockAlarmWidget( 9580): [AlarmWidgetIdManager] getListItem() : itemIndex=0, widgetID:1
E/ClockAlarmWidget( 9580): [AlarmWidgetIdManager] getListItem() : ItemIndex exceed ListItemCount. itemIndex=1
E/ClockAlarmWidget( 9580): [AlarmWidgetIdManager] getListItem() : itemIndex=1, widgetID:1
D/ClockAlarmDataProvider( 9580): getAlarm() - too many same ID alarm data. nCount: 0
E/MtpService( 5459): In MTPAPP onReceive:android.intent.action.BATTERY_CHANGED
E/MtpService( 5459): battPlugged Type : 2
D/SensorService( 2283): info.rates.add, set DEFAULT_EVENTS_PERIOD
D/SensorService( 2283): SensorDevice::activate  (enable 1, disable 0) = 1
D/SensorService( 2283): activating sensor enable handle=3 
D/SensorService( 2283): activating sensor enable, Done!
D/SensorService( 2283): SensorDevice::activating sensor handle=3 ns=200000000 
I/SensorService( 2283): info.selectDelay() ns=200000000  
D/SensorService( 2283): SensorDevice::setDelay, Return(true 1, false 0) =  1
D/SensorManager( 2283): registerListener :: handle = 3  name= CM36651 Light sensor delay= 200000 Listener= com.android.server.LightsService$4@42c4ed28
D/SensorManager( 2283): unregisterListener::  Listener= com.android.server.LightsService$4@42c4ed28
D/SensorService( 2283): SensorDevice::activate  (enable 1, disable 0) = 0
D/SensorService( 2283): activating sensor disable handle=3 
D/SensorService( 2283): activating sensor disable, Done!
D/SensorService( 2283): SensorDevice::activating sensor handle=3 ns=200000000 
D/lights  ( 2283): write pattern : g_led_info = 8
D/lights  ( 2283): led_pattern : 1 +
D/lights  ( 2283): led_pattern : 1 -
F/libc    ( 9837): Fatal signal 11 (SIGSEGV) at 0x00000000 (code=1), thread 9837 (hijack)
I/DEBUG   ( 1898): *** *** *** *** *** *** *** *** *** *** *** *** *** *** *** ***
I/DEBUG   ( 1898): Build fingerprint: 'samsung/m0xx/m0:4.1.1/JRO03C/I9300XXDLJ4:user/release-keys'
I/DEBUG   ( 1898): pid: 9837, tid: 9837, name: hijack  >>> /data/local/tmp/hijack <<<
I/DEBUG   ( 1898): signal 11 (SIGSEGV), code 1 (SEGV_MAPERR), fault addr 00000000
I/DEBUG   ( 1898):     r0 00000000  r1 0171a038  r2 fffffff6  r3 00000000
I/DEBUG   ( 1898):     r4 7461642f  r5 6f6c2f61  r6 2f6c6163  r7 2f706d74
I/DEBUG   ( 1898):     r8 be910ad8  r9 0171a028  sl be910a88  fp 0000d000
I/DEBUG   ( 1898):     ip 60000000  sp be977948  lr 00009df4  pc 4007226c  cpsr 20000010
I/DEBUG   ( 1898):     d0  bfde0ac010a96f49  d1  0000000000000000
I/DEBUG   ( 1898):     d2  0000000000000000  d3  0000000000000000
I/DEBUG   ( 1898):     d4  0000000000000000  d5  0000000000000000
I/DEBUG   ( 1898):     d6  0000000000000000  d7  bfe24eb400000000
I/DEBUG   ( 1898):     d8  0000000000000000  d9  0000000000000000
I/DEBUG   ( 1898):     d10 0000000000000000  d11 0000000000000000
I/DEBUG   ( 1898):     d12 0000000000000000  d13 0000000000000000
I/DEBUG   ( 1898):     d14 0000000000000000  d15 0000000000000000
I/DEBUG   ( 1898):     d16 c1d0076c531e24dd  d17 3f50624dd2f1a9fc
I/DEBUG   ( 1898):     d18 41b0a96f49000000  d19 0000000000000000
I/DEBUG   ( 1898):     d20 0000000000000000  d21 0000000000000000
I/DEBUG   ( 1898):     d22 0000000000000000  d23 0000000000000000
I/DEBUG   ( 1898):     d24 0000000000000000  d25 0000000000000000
I/DEBUG   ( 1898):     d26 0000000000000000  d27 0000000000000000
I/DEBUG   ( 1898):     d28 0000000000000000  d29 0000000000000000
I/DEBUG   ( 1898):     d30 0000000000000000  d31 0000000000000000
I/DEBUG   ( 1898):     scr 00000010
I/DEBUG   ( 1898): 
I/DEBUG   ( 1898): backtrace:
I/DEBUG   ( 1898):     #00  pc 0000e26c  /system/lib/libc.so (memcpy+208)
I/DEBUG   ( 1898):     #01  pc 00001df0  /data/local/tmp/hijack
I/DEBUG   ( 1898): 
I/DEBUG   ( 1898): stack:
I/DEBUG   ( 1898):          be977908  00000000  
I/DEBUG   ( 1898):          be97790c  00000000  
I/DEBUG   ( 1898):          be977910  00000000  
I/DEBUG   ( 1898):          be977914  400a86c4  /system/lib/libc.so
I/DEBUG   ( 1898):          be977918  400ae658  
I/DEBUG   ( 1898):          be97791c  be977964  [stack]
I/DEBUG   ( 1898):          be977920  0000bb10  /data/local/tmp/hijack
I/DEBUG   ( 1898):          be977924  be910ad8  
I/DEBUG   ( 1898):          be977928  0171a028  [heap]
I/DEBUG   ( 1898):          be97792c  be910a88  
I/DEBUG   ( 1898):          be977930  0000d000  /data/local/tmp/hijack
I/DEBUG   ( 1898):          be977934  40082511  /system/lib/libc.so (vfprintf+32)
I/DEBUG   ( 1898):          be977938  00000002  
I/DEBUG   ( 1898):          be97793c  400e2000  /data/local/tmp/libt.so
I/DEBUG   ( 1898):          be977940  df0027ad  
I/DEBUG   ( 1898):          be977944  00000000  
I/DEBUG   ( 1898):     #00  be977948  0000f5c7  
I/DEBUG   ( 1898):          be97794c  00000000  
I/DEBUG   ( 1898):          be977950  00000000  
I/DEBUG   ( 1898):          be977954  be910ad8  
I/DEBUG   ( 1898):          be977958  0171a028  [heap]
I/DEBUG   ( 1898):          be97795c  be910a88  
I/DEBUG   ( 1898):          be977960  0000d000  /data/local/tmp/hijack
I/DEBUG   ( 1898):          be977964  00000000  
I/DEBUG   ( 1898):          be977968  400e2000  /data/local/tmp/libt.so
I/DEBUG   ( 1898):          be97796c  00009df4  /data/local/tmp/hijack
I/DEBUG   ( 1898):     #01  be977970  00000004  
I/DEBUG   ( 1898):          be977974  00000000  
I/DEBUG   ( 1898):          be977978  be977bb8  [stack]
I/DEBUG   ( 1898):          be97797c  400b4a6c  
I/DEBUG   ( 1898):          be977980  0171a008  [heap]
I/DEBUG   ( 1898):          be977984  0000d054  /data/local/tmp/hijack
I/DEBUG   ( 1898):          be977988  0000d05c  /data/local/tmp/hijack
I/DEBUG   ( 1898):          be97798c  ffffffe8  
I/DEBUG   ( 1898):          be977990  40155afc  
I/DEBUG   ( 1898):          be977994  40037000  /system/bin/linker
I/DEBUG   ( 1898):          be977998  4019f000  
I/DEBUG   ( 1898):          be97799c  be8f0000  
I/DEBUG   ( 1898):          be9779a0  00021000  
I/DEBUG   ( 1898):          be9779a4  00000007  
I/DEBUG   ( 1898):          be9779a8  be910af4  
I/DEBUG   ( 1898):          be9779ac  41d76450  
I/DEBUG   ( 1898): 
I/DEBUG   ( 1898): memory near r1:
I/DEBUG   ( 1898):     0171a018 7462696c 006f732e 00000000 00000023  libt.so.....#...
I/DEBUG   ( 1898):     0171a028 7461642f 6f6c2f61 2f6c6163 2f706d74  /data/local/tmp/
I/DEBUG   ( 1898):     0171a038 706d7564 0000002f 00000000 00000013  dump/...........
I/DEBUG   ( 1898):     0171a048 00000000 0171a4c8 00000000 0000040b  ......q.........
I/DEBUG   ( 1898):     0171a058 6f662009 20646e75 30207461 202c3078  . found at 0x0, 
I/DEBUG   ( 1898): 
I/DEBUG   ( 1898): memory near r4:
I/DEBUG   ( 1898):     7461640c ffffffff ffffffff ffffffff ffffffff  ................
I/DEBUG   ( 1898):     7461641c ffffffff ffffffff ffffffff ffffffff  ................
I/DEBUG   ( 1898):     7461642c ffffffff ffffffff ffffffff ffffffff  ................
I/DEBUG   ( 1898):     7461643c ffffffff ffffffff ffffffff ffffffff  ................
I/DEBUG   ( 1898):     7461644c ffffffff ffffffff ffffffff ffffffff  ................
I/DEBUG   ( 1898): 
I/DEBUG   ( 1898): memory near r5:
I/DEBUG   ( 1898):     6f6c2f40 ffffffff ffffffff ffffffff ffffffff  ................
I/DEBUG   ( 1898):     6f6c2f50 ffffffff ffffffff ffffffff ffffffff  ................
I/DEBUG   ( 1898):     6f6c2f60 ffffffff ffffffff ffffffff ffffffff  ................
I/DEBUG   ( 1898):     6f6c2f70 ffffffff ffffffff ffffffff ffffffff  ................
I/DEBUG   ( 1898):     6f6c2f80 ffffffff ffffffff ffffffff ffffffff  ................
I/DEBUG   ( 1898): 
I/DEBUG   ( 1898): memory near r6:
I/DEBUG   ( 1898):     2f6c6140 ffffffff ffffffff ffffffff ffffffff  ................
I/DEBUG   ( 1898):     2f6c6150 ffffffff ffffffff ffffffff ffffffff  ................
I/DEBUG   ( 1898):     2f6c6160 ffffffff ffffffff ffffffff ffffffff  ................
I/DEBUG   ( 1898):     2f6c6170 ffffffff ffffffff ffffffff ffffffff  ................
I/DEBUG   ( 1898):     2f6c6180 ffffffff ffffffff ffffffff ffffffff  ................
I/DEBUG   ( 1898): 
I/DEBUG   ( 1898): memory near r7:
I/DEBUG   ( 1898):     2f706d54 ffffffff ffffffff ffffffff ffffffff  ................
I/DEBUG   ( 1898):     2f706d64 ffffffff ffffffff ffffffff ffffffff  ................
I/DEBUG   ( 1898):     2f706d74 ffffffff ffffffff ffffffff ffffffff  ................
I/DEBUG   ( 1898):     2f706d84 ffffffff ffffffff ffffffff ffffffff  ................
I/DEBUG   ( 1898):     2f706d94 ffffffff ffffffff ffffffff ffffffff  ................
I/DEBUG   ( 1898): 
I/DEBUG   ( 1898): memory near r8:
I/DEBUG   ( 1898):     be910ab8 00000000 00000000 00000000 00000000  ................
I/DEBUG   ( 1898):     be910ac8 00000000 00000000 00000000 00000000  ................
I/DEBUG   ( 1898):     be910ad8 00000000 00000000 00000000 00000000  ................
I/DEBUG   ( 1898):     be910ae8 00000000 00000000 00000000 00000000  ................
I/DEBUG   ( 1898):     be910af8 00000000 00000000 00000000 00000000  ................
I/DEBUG   ( 1898): 
I/DEBUG   ( 1898): memory near r9:
I/DEBUG   ( 1898):     0171a008 7461642f 6f6c2f61 2f6c6163 2f706d74  /data/local/tmp/
I/DEBUG   ( 1898):     0171a018 7462696c 006f732e 00000000 00000023  libt.so.....#...
I/DEBUG   ( 1898):     0171a028 7461642f 6f6c2f61 2f6c6163 2f706d74  /data/local/tmp/
I/DEBUG   ( 1898):     0171a038 706d7564 0000002f 00000000 00000013  dump/...........
I/DEBUG   ( 1898):     0171a048 00000000 0171a4c8 00000000 0000040b  ......q.........
I/DEBUG   ( 1898): 
I/DEBUG   ( 1898): memory near sl:
I/DEBUG   ( 1898):     be910a68 00000000 00000000 00000000 00000000  ................
I/DEBUG   ( 1898):     be910a78 00000000 00000000 00000000 00000000  ................
I/DEBUG   ( 1898):     be910a88 00000000 00000000 00000000 00000000  ................
I/DEBUG   ( 1898):     be910a98 00000000 00000000 00000000 00000000  ................
I/DEBUG   ( 1898):     be910aa8 00000000 00000000 00000000 00000000  ................
I/DEBUG   ( 1898): 
I/DEBUG   ( 1898): memory near fp:
I/DEBUG   ( 1898):     0000cfe0 4007d907 400868f3 40077969 40086b01  ...@.h.@iy.@.k.@
I/DEBUG   ( 1898):     0000cff0 400775e5 40071c00 00000000 00000000  .u.@...@........
I/DEBUG   ( 1898):     0000d000 e59f0040 e3a01000 e1a0e00f e59ff038  @...........8...
I/DEBUG   ( 1898):     0000d010 e59fd02c e59f0010 e59f1010 e59f2010  ,............ ..
I/DEBUG   ( 1898):     0000d020 e59f3010 e59fe010 e59ff010 00000003  .0..............
I/DEBUG   ( 1898): 
I/DEBUG   ( 1898): memory near ip:
I/DEBUG   ( 1898):     5fffffe0 ffffffff ffffffff ffffffff ffffffff  ................
I/DEBUG   ( 1898):     5ffffff0 ffffffff ffffffff ffffffff ffffffff  ................
I/DEBUG   ( 1898):     60000000 ffffffff ffffffff ffffffff ffffffff  ................
I/DEBUG   ( 1898):     60000010 ffffffff ffffffff ffffffff ffffffff  ................
I/DEBUG   ( 1898):     60000020 ffffffff ffffffff ffffffff ffffffff  ................
I/DEBUG   ( 1898): 
I/DEBUG   ( 1898): memory near sp:
I/DEBUG   ( 1898):     be977928 0171a028 be910a88 0000d000 40082511  (.q..........%.@
I/DEBUG   ( 1898):     be977938 00000002 400e2000 df0027ad 00000000  ..... .@.'......
I/DEBUG   ( 1898):     be977948 0000f5c7 00000000 00000000 be910ad8  ................
I/DEBUG   ( 1898):     be977958 0171a028 be910a88 0000d000 00000000  (.q.............
I/DEBUG   ( 1898):     be977968 400e2000 00009df4 00000004 00000000  . .@............
I/DEBUG   ( 1898): 
I/DEBUG   ( 1898): code around pc:
I/DEBUG   ( 1898):     4007224c e8a00ff0 2afffff9 e2822020 e312001f  .......*  ......
I/DEBUG   ( 1898):     4007225c 0a00000c e1b0ce02 28b100f0 48b10300  ...........(...H
I/DEBUG   ( 1898):     4007226c 28a000f0 48a00300 e1b0cf02 24913004  ...(...H.....0.$
I/DEBUG   ( 1898):     4007227c 40d140b2 24803004 40c040b2 e3120001  .@.@.0.$.@.@....
I/DEBUG   ( 1898):     4007228c 15d13000 15c03000 e8bd0fe0 e8bd4011  .0...0.......@..
I/DEBUG   ( 1898): 
I/DEBUG   ( 1898): code around lr:
I/DEBUG   ( 1898):     00009dd4 e08f0000 ebfffb0b e1a00009 ebfffb1b  ................
I/DEBUG   ( 1898):     00009de4 e1a01009 e2802001 e1a00006 ebfffb02  ..... ..........
I/DEBUG   ( 1898):     00009df4 e1a00009 ebfffb15 e1a02009 e1a03000  ......... ...0..
I/DEBUG   ( 1898):     00009e04 e1a01005 e1a00004 ebfffb3a e1a01000  ........:.......
I/DEBUG   ( 1898):     00009e14 e59f022c e08f0000 ebfffafa e59dc00c  ,...............
I/DEBUG   ( 1898): !@dumpstate -k -t -z -d -o /data/log/dumpstate_app_native -m 9837
I/dumpstate( 9839): begin
E/Watchdog( 2283): !@Sync 107
I/dumpstate( 9839): done
E/MtpService( 5459): In MTPAPP onReceive:android.intent.action.BATTERY_CHANGED
E/MtpService( 5459): battPlugged Type : 2
D/SensorService( 2283): info.rates.add, set DEFAULT_EVENTS_PERIOD
D/SensorService( 2283): SensorDevice::activate  (enable 1, disable 0) = 1
D/SensorService( 2283): activating sensor enable handle=3 
D/SensorService( 2283): activating sensor enable, Done!
D/SensorService( 2283): SensorDevice::activating sensor handle=3 ns=200000000 
I/SensorService( 2283): info.selectDelay() ns=200000000  
D/SensorService( 2283): SensorDevice::setDelay, Return(true 1, false 0) =  1
D/SensorManager( 2283): registerListener :: handle = 3  name= CM36651 Light sensor delay= 200000 Listener= com.android.server.LightsService$4@42c4ed28
D/SensorManager( 2283): unregisterListener::  Listener= com.android.server.LightsService$4@42c4ed28
D/SensorService( 2283): SensorDevice::activate  (enable 1, disable 0) = 0
D/SensorService( 2283): activating sensor disable handle=3 
D/SensorService( 2283): activating sensor disable, Done!
D/SensorService( 2283): SensorDevice::activating sensor handle=3 ns=200000000 
D/lights  ( 2283): write pattern : g_led_info = 8
D/lights  ( 2283): led_pattern : 1 +
D/lights  ( 2283): led_pattern : 1 -
E/Watchdog( 2283): !@Sync 108
D/ClockWidget( 2283): refreshTime()
D/ClockAlarmWidgetService( 9580): [ClockAlarmWidgetService] onReceive: action = android.intent.action.TIME_TICK
D/ClockWidget( 2283): TTS Message = Sono le 10:42, Luned, Ottobre 28
E/ClockAlarmWidget( 9580): [AlarmWidgetIdManager] getListItem() : itemIndex=0, widgetID:1
E/ClockAlarmWidget( 9580): [AlarmWidgetIdManager] getListItem() : ItemIndex exceed ListItemCount. itemIndex=1
E/ClockAlarmWidget( 9580): [AlarmWidgetIdManager] getListItem() : itemIndex=1, widgetID:1
D/ClockAlarmDataProvider( 9580): getAlarm() - too many same ID alarm data. nCount: 0
E/MtpService( 5459): In MTPAPP onReceive:android.intent.action.BATTERY_CHANGED
E/MtpService( 5459): battPlugged Type : 2
D/CircleLockScreen( 2283): onRefreshBatteryInfo() showPatteryInfo: true pluggedIn: true batteryLevel: 24
D/SensorService( 2283): info.rates.add, set DEFAULT_EVENTS_PERIOD
D/SensorService( 2283): SensorDevice::activate  (enable 1, disable 0) = 1
D/SensorService( 2283): activating sensor enable handle=3 
D/SensorService( 2283): activating sensor enable, Done!
D/SensorService( 2283): SensorDevice::activating sensor handle=3 ns=200000000 
I/SensorService( 2283): info.selectDelay() ns=200000000  
D/SensorService( 2283): SensorDevice::setDelay, Return(true 1, false 0) =  1
D/SensorManager( 2283): registerListener :: handle = 3  name= CM36651 Light sensor delay= 200000 Listener= com.android.server.LightsService$4@42c4ed28
D/SensorManager( 2283): unregisterListener::  Listener= com.android.server.LightsService$4@42c4ed28
D/SensorService( 2283): SensorDevice::activate  (enable 1, disable 0) = 0
D/SensorService( 2283): activating sensor disable handle=3 
D/SensorService( 2283): activating sensor disable, Done!
D/SensorService( 2283): SensorDevice::activating sensor handle=3 ns=200000000 
D/lights  ( 2283): write pattern : g_led_info = 8
D/lights  ( 2283): led_pattern : 1 +
D/lights  ( 2283): led_pattern : 1 -
E/Watchdog( 2283): !@Sync 109
E/MtpService( 5459): In MTPAPP onReceive:android.intent.action.BATTERY_CHANGED
E/MtpService( 5459): battPlugged Type : 2
D/SensorService( 2283): info.rates.add, set DEFAULT_EVENTS_PERIOD
D/SensorService( 2283): SensorDevice::activate  (enable 1, disable 0) = 1
D/SensorService( 2283): activating sensor enable handle=3 
D/SensorService( 2283): activating sensor enable, Done!
D/SensorService( 2283): SensorDevice::activating sensor handle=3 ns=200000000 
I/SensorService( 2283): info.selectDelay() ns=200000000  
D/SensorService( 2283): SensorDevice::setDelay, Return(true 1, false 0) =  1
D/SensorManager( 2283): registerListener :: handle = 3  name= CM36651 Light sensor delay= 200000 Listener= com.android.server.LightsService$4@42c4ed28
D/SensorManager( 2283): unregisterListener::  Listener= com.android.server.LightsService$4@42c4ed28
D/SensorService( 2283): SensorDevice::activate  (enable 1, disable 0) = 0
D/SensorService( 2283): activating sensor disable handle=3 
D/SensorService( 2283): activating sensor disable, Done!
D/SensorService( 2283): SensorDevice::activating sensor handle=3 ns=200000000 
D/lights  ( 2283): write pattern : g_led_info = 8
D/lights  ( 2283): led_pattern : 1 +
D/lights  ( 2283): led_pattern : 1 -
W/SignalStrength( 2596): getGsmLevel=3
W/SignalStrength( 2596): getLevel=3 (SignalStrength: 10 -1 -1 -1 -1 -1 -1 -1 -1 -1 -1 -1 gsm|lte 3)
W/SignalStrength( 2596): getGsmLevel=3
W/SignalStrength( 2596): getLevel=3 (SignalStrength: 10 -1 -1 -1 -1 -1 -1 -1 -1 -1 -1 -1 gsm|lte 3)
W/SignalStrength( 2283): getGsmLevel=3
W/SignalStrength( 2283): getLevel=3 (SignalStrength: 10 -1 -1 -1 -1 -1 -1 -1 -1 -1 -1 -1 gsm|lte 3)
W/SignalStrength( 2283): getGsmDbm=-93
W/SignalStrength( 2283): getDbm=-93
W/SignalStrength( 2283): getGsmAsuLevel=10
W/SignalStrength( 2283): getAsuLevel=10
E/Watchdog( 2283): !@Sync 110
D/ClockWidget( 2283): refreshTime()
D/ClockWidget( 2283): TTS Message = Sono le 10:43, Luned, Ottobre 28
D/ClockAlarmWidgetService( 9580): [ClockAlarmWidgetService] onReceive: action = android.intent.action.TIME_TICK
E/ClockAlarmWidget( 9580): [AlarmWidgetIdManager] getListItem() : itemIndex=0, widgetID:1
E/ClockAlarmWidget( 9580): [AlarmWidgetIdManager] getListItem() : ItemIndex exceed ListItemCount. itemIndex=1
E/ClockAlarmWidget( 9580): [AlarmWidgetIdManager] getListItem() : itemIndex=1, widgetID:1
D/ClockAlarmDataProvider( 9580): getAlarm() - too many same ID alarm data. nCount: 0
E/MtpService( 5459): In MTPAPP onReceive:android.intent.action.BATTERY_CHANGED
E/MtpService( 5459): battPlugged Type : 2
D/SensorService( 2283): info.rates.add, set DEFAULT_EVENTS_PERIOD
D/SensorService( 2283): SensorDevice::activate  (enable 1, disable 0) = 1
D/SensorService( 2283): activating sensor enable handle=3 
D/SensorService( 2283): activating sensor enable, Done!
D/SensorService( 2283): SensorDevice::activating sensor handle=3 ns=200000000 
I/SensorService( 2283): info.selectDelay() ns=200000000  
D/SensorService( 2283): SensorDevice::setDelay, Return(true 1, false 0) =  1
D/SensorManager( 2283): registerListener :: handle = 3  name= CM36651 Light sensor delay= 200000 Listener= com.android.server.LightsService$4@42c4ed28
D/SensorManager( 2283): unregisterListener::  Listener= com.android.server.LightsService$4@42c4ed28
D/SensorService( 2283): SensorDevice::activate  (enable 1, disable 0) = 0
D/SensorService( 2283): activating sensor disable handle=3 
D/SensorService( 2283): activating sensor disable, Done!
D/SensorService( 2283): SensorDevice::activating sensor handle=3 ns=200000000 
D/lights  ( 2283): write pattern : g_led_info = 8
D/lights  ( 2283): led_pattern : 1 +
D/lights  ( 2283): led_pattern : 1 -
E/Watchdog( 2283): !@Sync 111
E/MtpService( 5459): In MTPAPP onReceive:android.intent.action.BATTERY_CHANGED
E/MtpService( 5459): battPlugged Type : 2
D/SensorService( 2283): info.rates.add, set DEFAULT_EVENTS_PERIOD
D/SensorService( 2283): SensorDevice::activate  (enable 1, disable 0) = 1
D/SensorService( 2283): activating sensor enable handle=3 
D/SensorService( 2283): activating sensor enable, Done!
D/SensorService( 2283): SensorDevice::activating sensor handle=3 ns=200000000 
I/SensorService( 2283): info.selectDelay() ns=200000000  
D/SensorService( 2283): SensorDevice::setDelay, Return(true 1, false 0) =  1
D/SensorManager( 2283): registerListener :: handle = 3  name= CM36651 Light sensor delay= 200000 Listener= com.android.server.LightsService$4@42c4ed28
D/SensorManager( 2283): unregisterListener::  Listener= com.android.server.LightsService$4@42c4ed28
D/SensorService( 2283): SensorDevice::activate  (enable 1, disable 0) = 0
D/SensorService( 2283): activating sensor disable handle=3 
D/SensorService( 2283): activating sensor disable, Done!
D/SensorService( 2283): SensorDevice::activating sensor handle=3 ns=200000000 
D/lights  ( 2283): write pattern : g_led_info = 8
D/lights  ( 2283): led_pattern : 1 +
D/lights  ( 2283): led_pattern : 1 -
E/Watchdog( 2283): !@Sync 112
D/ClockWidget( 2283): refreshTime()
D/ClockAlarmWidgetService( 9580): [ClockAlarmWidgetService] onReceive: action = android.intent.action.TIME_TICK
D/ClockWidget( 2283): TTS Message = Sono le 10:44, Luned, Ottobre 28
E/ClockAlarmWidget( 9580): [AlarmWidgetIdManager] getListItem() : itemIndex=0, widgetID:1
E/ClockAlarmWidget( 9580): [AlarmWidgetIdManager] getListItem() : ItemIndex exceed ListItemCount. itemIndex=1
E/ClockAlarmWidget( 9580): [AlarmWidgetIdManager] getListItem() : itemIndex=1, widgetID:1
D/ClockAlarmDataProvider( 9580): getAlarm() - too many same ID alarm data. nCount: 0
E/MtpService( 5459): In MTPAPP onReceive:android.intent.action.BATTERY_CHANGED
E/MtpService( 5459): battPlugged Type : 2
D/SensorService( 2283): info.rates.add, set DEFAULT_EVENTS_PERIOD
D/SensorService( 2283): SensorDevice::activate  (enable 1, disable 0) = 1
D/SensorService( 2283): activating sensor enable handle=3 
D/SensorService( 2283): activating sensor enable, Done!
D/SensorService( 2283): SensorDevice::activating sensor handle=3 ns=200000000 
I/SensorService( 2283): info.selectDelay() ns=200000000  
D/SensorService( 2283): SensorDevice::setDelay, Return(true 1, false 0) =  1
D/SensorManager( 2283): registerListener :: handle = 3  name= CM36651 Light sensor delay= 200000 Listener= com.android.server.LightsService$4@42c4ed28
D/SensorManager( 2283): unregisterListener::  Listener= com.android.server.LightsService$4@42c4ed28
D/SensorService( 2283): SensorDevice::activate  (enable 1, disable 0) = 0
D/SensorService( 2283): activating sensor disable handle=3 
D/SensorService( 2283): activating sensor disable, Done!
D/SensorService( 2283): SensorDevice::activating sensor handle=3 ns=200000000 
D/lights  ( 2283): write pattern : g_led_info = 8
D/lights  ( 2283): led_pattern : 1 +
D/lights  ( 2283): led_pattern : 1 -
W/SignalStrength( 2596): getGsmLevel=3
W/SignalStrength( 2596): getLevel=3 (SignalStrength: 11 -1 -1 -1 -1 -1 -1 -1 -1 -1 -1 -1 gsm|lte 3)
W/SignalStrength( 2596): getGsmLevel=3
W/SignalStrength( 2596): getLevel=3 (SignalStrength: 11 -1 -1 -1 -1 -1 -1 -1 -1 -1 -1 -1 gsm|lte 3)
W/SignalStrength( 2283): getGsmLevel=3
W/SignalStrength( 2283): getLevel=3 (SignalStrength: 11 -1 -1 -1 -1 -1 -1 -1 -1 -1 -1 -1 gsm|lte 3)
W/SignalStrength( 2283): getGsmDbm=-91
W/SignalStrength( 2283): getDbm=-91
W/SignalStrength( 2283): getGsmAsuLevel=11
W/SignalStrength( 2283): getAsuLevel=11
E/Watchdog( 2283): !@Sync 113
E/MtpService( 5459): In MTPAPP onReceive:android.intent.action.BATTERY_CHANGED
E/MtpService( 5459): battPlugged Type : 2
D/SensorService( 2283): info.rates.add, set DEFAULT_EVENTS_PERIOD
D/SensorService( 2283): SensorDevice::activate  (enable 1, disable 0) = 1
D/SensorService( 2283): activating sensor enable handle=3 
D/SensorService( 2283): activating sensor enable, Done!
D/SensorService( 2283): SensorDevice::activating sensor handle=3 ns=200000000 
I/SensorService( 2283): info.selectDelay() ns=200000000  
D/SensorService( 2283): SensorDevice::setDelay, Return(true 1, false 0) =  1
D/SensorManager( 2283): registerListener :: handle = 3  name= CM36651 Light sensor delay= 200000 Listener= com.android.server.LightsService$4@42c4ed28
D/SensorManager( 2283): unregisterListener::  Listener= com.android.server.LightsService$4@42c4ed28
D/SensorService( 2283): SensorDevice::activate  (enable 1, disable 0) = 0
D/SensorService( 2283): activating sensor disable handle=3 
D/SensorService( 2283): activating sensor disable, Done!
D/SensorService( 2283): SensorDevice::activating sensor handle=3 ns=200000000 
D/lights  ( 2283): write pattern : g_led_info = 8
D/lights  ( 2283): led_pattern : 1 +
D/lights  ( 2283): led_pattern : 1 -
E/Watchdog( 2283): !@Sync 114
D/ClockWidget( 2283): refreshTime()
D/ClockAlarmWidgetService( 9580): [ClockAlarmWidgetService] onReceive: action = android.intent.action.TIME_TICK
D/ClockWidget( 2283): TTS Message = Sono le 10:45, Luned, Ottobre 28
E/ClockAlarmWidget( 9580): [AlarmWidgetIdManager] getListItem() : itemIndex=0, widgetID:1
E/ClockAlarmWidget( 9580): [AlarmWidgetIdManager] getListItem() : ItemIndex exceed ListItemCount. itemIndex=1
E/ClockAlarmWidget( 9580): [AlarmWidgetIdManager] getListItem() : itemIndex=1, widgetID:1
D/dalvikvm( 2283): WAIT_FOR_CONCURRENT_GC blocked 0ms
D/dalvikvm( 2283): GC_EXPLICIT freed 1692K, 40% free 30626K/50439K, paused 9ms+17ms, total 224ms
D/ClockAlarmDataProvider( 9580): getAlarm() - too many same ID alarm data. nCount: 0
E/MtpService( 5459): In MTPAPP onReceive:android.intent.action.BATTERY_CHANGED
E/MtpService( 5459): battPlugged Type : 2
D/SensorService( 2283): info.rates.add, set DEFAULT_EVENTS_PERIOD
D/SensorService( 2283): SensorDevice::activate  (enable 1, disable 0) = 1
D/SensorService( 2283): activating sensor enable handle=3 
D/SensorService( 2283): activating sensor enable, Done!
D/SensorService( 2283): SensorDevice::activating sensor handle=3 ns=200000000 
I/SensorService( 2283): info.selectDelay() ns=200000000  
D/SensorService( 2283): SensorDevice::setDelay, Return(true 1, false 0) =  1
D/SensorManager( 2283): registerListener :: handle = 3  name= CM36651 Light sensor delay= 200000 Listener= com.android.server.LightsService$4@42c4ed28
D/SensorManager( 2283): unregisterListener::  Listener= com.android.server.LightsService$4@42c4ed28
D/SensorService( 2283): SensorDevice::activate  (enable 1, disable 0) = 0
D/SensorService( 2283): activating sensor disable handle=3 
D/SensorService( 2283): activating sensor disable, Done!
D/SensorService( 2283): SensorDevice::activating sensor handle=3 ns=200000000 
D/lights  ( 2283): write pattern : g_led_info = 8
D/lights  ( 2283): led_pattern : 1 +
D/lights  ( 2283): led_pattern : 1 -
D/dalvikvm( 5902): GC_CONCURRENT freed 406K, 8% free 12720K/13767K, paused 8ms+9ms, total 82ms
E/Watchdog( 2283): !@Sync 115
E/MtpService( 5459): In MTPAPP onReceive:android.intent.action.BATTERY_CHANGED
E/MtpService( 5459): battPlugged Type : 2
D/CircleLockScreen( 2283): onRefreshBatteryInfo() showPatteryInfo: true pluggedIn: true batteryLevel: 25
D/SensorService( 2283): info.rates.add, set DEFAULT_EVENTS_PERIOD
D/SensorService( 2283): SensorDevice::activate  (enable 1, disable 0) = 1
D/SensorService( 2283): activating sensor enable handle=3 
D/SensorService( 2283): activating sensor enable, Done!
D/SensorService( 2283): SensorDevice::activating sensor handle=3 ns=200000000 
I/SensorService( 2283): info.selectDelay() ns=200000000  
D/SensorService( 2283): SensorDevice::setDelay, Return(true 1, false 0) =  1
D/SensorManager( 2283): registerListener :: handle = 3  name= CM36651 Light sensor delay= 200000 Listener= com.android.server.LightsService$4@42c4ed28
D/SensorManager( 2283): unregisterListener::  Listener= com.android.server.LightsService$4@42c4ed28
D/SensorService( 2283): SensorDevice::activate  (enable 1, disable 0) = 0
D/SensorService( 2283): activating sensor disable handle=3 
D/SensorService( 2283): activating sensor disable, Done!
D/SensorService( 2283): SensorDevice::activating sensor handle=3 ns=200000000 
D/lights  ( 2283): write pattern : g_led_info = 8
D/lights  ( 2283): led_pattern : 1 +
D/lights  ( 2283): led_pattern : 1 -
E/MtpService( 5459): In MTPAPP onReceive:android.intent.action.BATTERY_CHANGED
E/MtpService( 5459): battPlugged Type : 2
D/SensorService( 2283): info.rates.add, set DEFAULT_EVENTS_PERIOD
D/SensorService( 2283): SensorDevice::activate  (enable 1, disable 0) = 1
D/SensorService( 2283): activating sensor enable handle=3 
D/SensorService( 2283): activating sensor enable, Done!
D/SensorService( 2283): SensorDevice::activating sensor handle=3 ns=200000000 
I/SensorService( 2283): info.selectDelay() ns=200000000  
D/SensorService( 2283): SensorDevice::setDelay, Return(true 1, false 0) =  1
D/SensorManager( 2283): registerListener :: handle = 3  name= CM36651 Light sensor delay= 200000 Listener= com.android.server.LightsService$4@42c4ed28
D/SensorManager( 2283): unregisterListener::  Listener= com.android.server.LightsService$4@42c4ed28
D/SensorService( 2283): SensorDevice::activate  (enable 1, disable 0) = 0
D/SensorService( 2283): activating sensor disable handle=3 
D/SensorService( 2283): activating sensor disable, Done!
D/SensorService( 2283): SensorDevice::activating sensor handle=3 ns=200000000 
D/lights  ( 2283): write pattern : g_led_info = 8
D/lights  ( 2283): led_pattern : 1 +
D/lights  ( 2283): led_pattern : 1 -
E/Watchdog( 2283): !@Sync 116
D/ClockWidget( 2283): refreshTime()
D/ClockWidget( 2283): TTS Message = Sono le 10:46, Luned, Ottobre 28
D/ClockAlarmWidgetService( 9580): [ClockAlarmWidgetService] onReceive: action = android.intent.action.TIME_TICK
E/ClockAlarmWidget( 9580): [AlarmWidgetIdManager] getListItem() : itemIndex=0, widgetID:1
E/ClockAlarmWidget( 9580): [AlarmWidgetIdManager] getListItem() : ItemIndex exceed ListItemCount. itemIndex=1
E/ClockAlarmWidget( 9580): [AlarmWidgetIdManager] getListItem() : itemIndex=1, widgetID:1
D/ClockAlarmDataProvider( 9580): getAlarm() - too many same ID alarm data. nCount: 0
D/dalvikvm( 9580): GC_CONCURRENT freed 329K, 8% free 12227K/13191K, paused 19ms+5ms, total 79ms
W/SignalStrength( 2596): getGsmLevel=4
W/SignalStrength( 2596): getLevel=4 (SignalStrength: 11 -1 -1 -1 -1 -1 -1 -1 -1 -1 -1 -1 gsm|lte 4)
W/SignalStrength( 2596): getGsmLevel=4
W/SignalStrength( 2596): getLevel=4 (SignalStrength: 11 -1 -1 -1 -1 -1 -1 -1 -1 -1 -1 -1 gsm|lte 4)
W/SignalStrength( 2283): getGsmLevel=4
W/SignalStrength( 2283): getLevel=4 (SignalStrength: 11 -1 -1 -1 -1 -1 -1 -1 -1 -1 -1 -1 gsm|lte 4)
W/SignalStrength( 2283): getGsmDbm=-91
W/SignalStrength( 2283): getDbm=-91
W/SignalStrength( 2283): getGsmAsuLevel=11
W/SignalStrength( 2283): getAsuLevel=11
E/MtpService( 5459): In MTPAPP onReceive:android.intent.action.BATTERY_CHANGED
E/MtpService( 5459): battPlugged Type : 2
D/SensorService( 2283): info.rates.add, set DEFAULT_EVENTS_PERIOD
D/SensorService( 2283): SensorDevice::activate  (enable 1, disable 0) = 1
D/SensorService( 2283): activating sensor enable handle=3 
D/SensorService( 2283): activating sensor enable, Done!
D/SensorService( 2283): SensorDevice::activating sensor handle=3 ns=200000000 
I/SensorService( 2283): info.selectDelay() ns=200000000  
D/SensorService( 2283): SensorDevice::setDelay, Return(true 1, false 0) =  1
D/SensorManager( 2283): registerListener :: handle = 3  name= CM36651 Light sensor delay= 200000 Listener= com.android.server.LightsService$4@42c4ed28
D/SensorManager( 2283): unregisterListener::  Listener= com.android.server.LightsService$4@42c4ed28
D/SensorService( 2283): SensorDevice::activate  (enable 1, disable 0) = 0
D/SensorService( 2283): activating sensor disable handle=3 
D/SensorService( 2283): activating sensor disable, Done!
D/SensorService( 2283): SensorDevice::activating sensor handle=3 ns=200000000 
D/lights  ( 2283): write pattern : g_led_info = 8
D/lights  ( 2283): led_pattern : 1 +
D/lights  ( 2283): led_pattern : 1 -
E/Watchdog( 2283): !@Sync 117
E/MtpService( 5459): In MTPAPP onReceive:android.intent.action.BATTERY_CHANGED
E/MtpService( 5459): battPlugged Type : 2
D/CircleLockScreen( 2283): onRefreshBatteryInfo() showPatteryInfo: true pluggedIn: true batteryLevel: 26
D/SensorService( 2283): info.rates.add, set DEFAULT_EVENTS_PERIOD
D/SensorService( 2283): SensorDevice::activate  (enable 1, disable 0) = 1
D/SensorService( 2283): activating sensor enable handle=3 
D/SensorService( 2283): activating sensor enable, Done!
D/SensorService( 2283): SensorDevice::activating sensor handle=3 ns=200000000 
I/SensorService( 2283): info.selectDelay() ns=200000000  
D/SensorService( 2283): SensorDevice::setDelay, Return(true 1, false 0) =  1
D/SensorManager( 2283): registerListener :: handle = 3  name= CM36651 Light sensor delay= 200000 Listener= com.android.server.LightsService$4@42c4ed28
D/SensorManager( 2283): unregisterListener::  Listener= com.android.server.LightsService$4@42c4ed28
D/SensorService( 2283): SensorDevice::activate  (enable 1, disable 0) = 0
D/SensorService( 2283): activating sensor disable handle=3 
D/SensorService( 2283): activating sensor disable, Done!
D/SensorService( 2283): SensorDevice::activating sensor handle=3 ns=200000000 
D/lights  ( 2283): write pattern : g_led_info = 8
D/lights  ( 2283): led_pattern : 1 +
D/lights  ( 2283): led_pattern : 1 -
E/Watchdog( 2283): !@Sync 118
D/ClockWidget( 2283): refreshTime()
D/ClockAlarmWidgetService( 9580): [ClockAlarmWidgetService] onReceive: action = android.intent.action.TIME_TICK
D/ClockWidget( 2283): TTS Message = Sono le 10:47, Luned, Ottobre 28
E/ClockAlarmWidget( 9580): [AlarmWidgetIdManager] getListItem() : itemIndex=0, widgetID:1
E/ClockAlarmWidget( 9580): [AlarmWidgetIdManager] getListItem() : ItemIndex exceed ListItemCount. itemIndex=1
E/ClockAlarmWidget( 9580): [AlarmWidgetIdManager] getListItem() : itemIndex=1, widgetID:1
D/ClockAlarmDataProvider( 9580): getAlarm() - too many same ID alarm data. nCount: 0
W/SignalStrength( 2596): getGsmLevel=3
W/SignalStrength( 2596): getLevel=3 (SignalStrength: 11 -1 -1 -1 -1 -1 -1 -1 -1 -1 -1 -1 gsm|lte 3)
W/SignalStrength( 2596): getGsmLevel=3
W/SignalStrength( 2596): getLevel=3 (SignalStrength: 11 -1 -1 -1 -1 -1 -1 -1 -1 -1 -1 -1 gsm|lte 3)
W/SignalStrength( 2283): getGsmLevel=3
W/SignalStrength( 2283): getLevel=3 (SignalStrength: 11 -1 -1 -1 -1 -1 -1 -1 -1 -1 -1 -1 gsm|lte 3)
W/SignalStrength( 2283): getGsmDbm=-91
W/SignalStrength( 2283): getDbm=-91
W/SignalStrength( 2283): getGsmAsuLevel=11
W/SignalStrength( 2283): getAsuLevel=11
E/MtpService( 5459): In MTPAPP onReceive:android.intent.action.BATTERY_CHANGED
E/MtpService( 5459): battPlugged Type : 2
D/SensorService( 2283): info.rates.add, set DEFAULT_EVENTS_PERIOD
D/SensorService( 2283): SensorDevice::activate  (enable 1, disable 0) = 1
D/SensorService( 2283): activating sensor enable handle=3 
D/SensorService( 2283): activating sensor enable, Done!
D/SensorService( 2283): SensorDevice::activating sensor handle=3 ns=200000000 
I/SensorService( 2283): info.selectDelay() ns=200000000  
D/SensorService( 2283): SensorDevice::setDelay, Return(true 1, false 0) =  1
D/SensorManager( 2283): registerListener :: handle = 3  name= CM36651 Light sensor delay= 200000 Listener= com.android.server.LightsService$4@42c4ed28
D/SensorManager( 2283): unregisterListener::  Listener= com.android.server.LightsService$4@42c4ed28
D/SensorService( 2283): SensorDevice::activate  (enable 1, disable 0) = 0
D/SensorService( 2283): activating sensor disable handle=3 
D/SensorService( 2283): activating sensor disable, Done!
D/SensorService( 2283): SensorDevice::activating sensor handle=3 ns=200000000 
D/lights  ( 2283): write pattern : g_led_info = 8
D/lights  ( 2283): led_pattern : 1 +
D/lights  ( 2283): led_pattern : 1 -
E/Watchdog( 2283): !@Sync 119
W/SignalStrength( 2596): getGsmLevel=4
W/SignalStrength( 2596): getLevel=4 (SignalStrength: 11 -1 -1 -1 -1 -1 -1 -1 -1 -1 -1 -1 gsm|lte 4)
W/SignalStrength( 2596): getGsmLevel=4
W/SignalStrength( 2596): getLevel=4 (SignalStrength: 11 -1 -1 -1 -1 -1 -1 -1 -1 -1 -1 -1 gsm|lte 4)
W/SignalStrength( 2283): getGsmLevel=4
W/SignalStrength( 2283): getLevel=4 (SignalStrength: 11 -1 -1 -1 -1 -1 -1 -1 -1 -1 -1 -1 gsm|lte 4)
W/SignalStrength( 2283): getGsmDbm=-91
W/SignalStrength( 2283): getDbm=-91
W/SignalStrength( 2283): getGsmAsuLevel=11
W/SignalStrength( 2283): getAsuLevel=11
E/MtpService( 5459): In MTPAPP onReceive:android.intent.action.BATTERY_CHANGED
E/MtpService( 5459): battPlugged Type : 2
D/SensorService( 2283): info.rates.add, set DEFAULT_EVENTS_PERIOD
D/SensorService( 2283): SensorDevice::activate  (enable 1, disable 0) = 1
D/SensorService( 2283): activating sensor enable handle=3 
D/SensorService( 2283): activating sensor enable, Done!
D/SensorService( 2283): SensorDevice::activating sensor handle=3 ns=200000000 
I/SensorService( 2283): info.selectDelay() ns=200000000  
D/SensorService( 2283): SensorDevice::setDelay, Return(true 1, false 0) =  1
D/SensorManager( 2283): registerListener :: handle = 3  name= CM36651 Light sensor delay= 200000 Listener= com.android.server.LightsService$4@42c4ed28
D/SensorManager( 2283): unregisterListener::  Listener= com.android.server.LightsService$4@42c4ed28
D/SensorService( 2283): SensorDevice::activate  (enable 1, disable 0) = 0
D/SensorService( 2283): activating sensor disable handle=3 
D/SensorService( 2283): activating sensor disable, Done!
D/SensorService( 2283): SensorDevice::activating sensor handle=3 ns=200000000 
D/lights  ( 2283): write pattern : g_led_info = 8
D/lights  ( 2283): led_pattern : 1 +
D/lights  ( 2283): led_pattern : 1 -
E/Watchdog( 2283): !@Sync 120
D/ClockWidget( 2283): refreshTime()
D/ClockAlarmWidgetService( 9580): [ClockAlarmWidgetService] onReceive: action = android.intent.action.TIME_TICK
D/ClockWidget( 2283): TTS Message = Sono le 10:48, Luned, Ottobre 28
E/ClockAlarmWidget( 9580): [AlarmWidgetIdManager] getListItem() : itemIndex=0, widgetID:1
E/ClockAlarmWidget( 9580): [AlarmWidgetIdManager] getListItem() : ItemIndex exceed ListItemCount. itemIndex=1
E/ClockAlarmWidget( 9580): [AlarmWidgetIdManager] getListItem() : itemIndex=1, widgetID:1
D/ClockAlarmDataProvider( 9580): getAlarm() - too many same ID alarm data. nCount: 0
W/SignalStrength( 2596): getGsmLevel=3
W/SignalStrength( 2596): getLevel=3 (SignalStrength: 11 -1 -1 -1 -1 -1 -1 -1 -1 -1 -1 -1 gsm|lte 3)
W/SignalStrength( 2596): getGsmLevel=3
W/SignalStrength( 2283): getGsmLevel=3
W/SignalStrength( 2283): getLevel=3 (SignalStrength: 11 -1 -1 -1 -1 -1 -1 -1 -1 -1 -1 -1 gsm|lte 3)
W/SignalStrength( 2283): getGsmDbm=-91
W/SignalStrength( 2283): getDbm=-91
W/SignalStrength( 2283): getGsmAsuLevel=11
W/SignalStrength( 2283): getAsuLevel=11
W/SignalStrength( 2596): getLevel=3 (SignalStrength: 11 -1 -1 -1 -1 -1 -1 -1 -1 -1 -1 -1 gsm|lte 3)
D/dalvikvm( 2596): GC_CONCURRENT freed 1942K, 11% free 22815K/25607K, paused 28ms+17ms, total 152ms
I/EventLogService( 2826): Aggregate from 1382951897298 (log), 1382951897298 (data)
D/dalvikvm( 2826): GC_CONCURRENT freed 417K, 8% free 13508K/14599K, paused 45ms+6ms, total 117ms
D/CircleShortcutWidget( 2283): badge data changed!!
E/MtpService( 5459): In MTPAPP onReceive:android.intent.action.BATTERY_CHANGED
E/MtpService( 5459): battPlugged Type : 2
D/SensorService( 2283): info.rates.add, set DEFAULT_EVENTS_PERIOD
D/SensorService( 2283): SensorDevice::activate  (enable 1, disable 0) = 1
D/SensorService( 2283): activating sensor enable handle=3 
D/SensorService( 2283): activating sensor enable, Done!
D/SensorService( 2283): SensorDevice::activating sensor handle=3 ns=200000000 
I/SensorService( 2283): info.selectDelay() ns=200000000  
D/SensorService( 2283): SensorDevice::setDelay, Return(true 1, false 0) =  1
D/SensorManager( 2283): registerListener :: handle = 3  name= CM36651 Light sensor delay= 200000 Listener= com.android.server.LightsService$4@42c4ed28
D/SensorManager( 2283): unregisterListener::  Listener= com.android.server.LightsService$4@42c4ed28
D/SensorService( 2283): SensorDevice::activate  (enable 1, disable 0) = 0
D/SensorService( 2283): activating sensor disable handle=3 
D/SensorService( 2283): activating sensor disable, Done!
D/SensorService( 2283): SensorDevice::activating sensor handle=3 ns=200000000 
D/lights  ( 2283): write pattern : g_led_info = 8
D/lights  ( 2283): led_pattern : 1 +
D/lights  ( 2283): led_pattern : 1 -
E/Watchdog( 2283): !@Sync 121
W/SignalStrength( 2596): getGsmLevel=4
W/SignalStrength( 2596): getLevel=4 (SignalStrength: 11 -1 -1 -1 -1 -1 -1 -1 -1 -1 -1 -1 gsm|lte 4)
W/SignalStrength( 2596): getGsmLevel=4
W/SignalStrength( 2596): getLevel=4 (SignalStrength: 11 -1 -1 -1 -1 -1 -1 -1 -1 -1 -1 -1 gsm|lte 4)
W/SignalStrength( 2283): getGsmLevel=4
W/SignalStrength( 2283): getLevel=4 (SignalStrength: 11 -1 -1 -1 -1 -1 -1 -1 -1 -1 -1 -1 gsm|lte 4)
W/SignalStrength( 2283): getGsmDbm=-91
W/SignalStrength( 2283): getDbm=-91
W/SignalStrength( 2283): getGsmAsuLevel=11
W/SignalStrength( 2283): getAsuLevel=11
D/GCM     ( 2826): Ignoring attempt to send heartbeat on dead connection.
I/syncContacts( 6123): thread: 1, onChange
D/Mms/Contact( 4295): sContactsObserver.onChange(),selfUpdate=false
I/SeniorFavoriteWidgetProviderSmall( 9787): onChange() selfChange = false
D/dalvikvm( 3153): GC_CONCURRENT freed 300K, 8% free 12640K/13703K, paused 25ms+2ms, total 48ms
W/IdleConnectionHandler( 3847): Removing a connection that never existed!
D/CircleShortcutWidget( 2283): badge data changed!!
D/dalvikvm( 6433): WAIT_FOR_CONCURRENT_GC blocked 0ms
D/dalvikvm( 6433): GC_EXPLICIT freed 146K, 7% free 12217K/12999K, paused 4ms+10ms, total 80ms
D/dalvikvm( 2283): GC_CONCURRENT freed 1933K, 40% free 30629K/50439K, paused 32ms+12ms, total 283ms
E/Trace   ( 9929): error opening trace file: No such file or directory (2)
D/dalvikvm( 9929): GC_CONCURRENT freed 165K, 6% free 12448K/13191K, paused 19ms+5ms, total 84ms
D/dalvikvm( 9929): WAIT_FOR_CONCURRENT_GC blocked 44ms
D/dalvikvm( 9929): GC_CONCURRENT freed 154K, 6% free 12832K/13575K, paused 20ms+1ms, total 47ms
D/dalvikvm( 9929): WAIT_FOR_CONCURRENT_GC blocked 11ms
D/dalvikvm( 9929): GC_CONCURRENT freed 155K, 6% free 13204K/13959K, paused 11ms+1ms, total 35ms
D/dalvikvm( 9929): WAIT_FOR_CONCURRENT_GC blocked 11ms
D/CatchMeIfYouCan( 9929): Process (providers) ca: '/data/user/0/com.facebook.katana/app_cmiyc/69AD98E9426D8B4FCD1648AF8345610C885D4AC501'
D/CatchMeIfYouCan( 9929): Process (providers) fc: '/data/user/0/com.facebook.katana/app_cmiyc/69AD98E9426D8B4FCD1648AF8345610C885D4AC502'
D/CatchMeIfYouCan( 9929): Process (providers) cp: '('default', 3, 120000, silent [true], restart [false], logout [false])'
D/ACRA    ( 9929): ACRA is enabled for com.facebook.katana, intializing...
D/ACRA    ( 9929): Looking for error files in /data/user/0/com.facebook.katana/app_acra-reports
D/ACRA    ( 9929): Looking for error files in /data/user/0/com.facebook.katana/app_minidumps
D/dalvikvm( 9929): Trying to load lib /data/data/com.facebook.katana/lib/libfb_stl_shared.so 0x4253dca8
D/dalvikvm( 9929): Added shared lib /data/data/com.facebook.katana/lib/libfb_stl_shared.so 0x4253dca8
D/dalvikvm( 9929): No JNI_OnLoad found in /data/data/com.facebook.katana/lib/libfb_stl_shared.so 0x4253dca8, skipping init
D/dalvikvm( 9929): Trying to load lib /data/data/com.facebook.katana/lib/libfb_breakpad_client.so 0x4253dca8
D/dalvikvm( 9929): Added shared lib /data/data/com.facebook.katana/lib/libfb_breakpad_client.so 0x4253dca8
D/DexLibLoader( 9929): Deleting old version: /data/user/0/com.facebook.katana/app_dex/guava-10.0.1-fork.dex.0.jar
D/DexLibLoader( 9929): Deleting old version: /data/user/0/com.facebook.katana/app_dex/guava-10.0.1-fork.dex.1.jar
D/DexLibLoader( 9929): Deleting old version: /data/user/0/com.facebook.katana/app_dex/jackson-core-2.0.5.dex.0.jar
D/DexLibLoader( 9929): Deleting old version: /data/user/0/com.facebook.katana/app_dex/jackson-core-2.0.5.dex.1.jar
D/DexLibLoader( 9929): Deleting old version: /data/user/0/com.facebook.katana/app_dex/jackson-core-2.0.5.dex.2.jar
D/DexLibLoader( 9929): Deleting old version: /data/user/0/com.facebook.katana/app_dex/jackson-databind-2.0.5.dex.0.jar
D/DexLibLoader( 9929): Deleting old version: /data/user/0/com.facebook.katana/app_dex/jackson-databind-2.0.5.dex.1.jar
D/DexLibLoader( 9929): Deleting old version: /data/user/0/com.facebook.katana/app_dex/jackson-databind-2.0.5.dex.2.jar
D/DexLibLoader( 9929): Deleting old version: /data/user/0/com.facebook.katana/app_dex/jackson-databind-2.0.5.dex.3.jar
D/DexLibLoader( 9929): Deleting old version: /data/user/0/com.facebook.katana/app_dex/jackson-datatype-guava-2.0.4.dex.0.jar
D/DexLibLoader( 9929): Deleting old version: /data/user/0/com.facebook.katana/app_dex/jackson-datatype-guava-2.0.4.dex.1.jar
D/DexLibLoader( 9929): Deleting old version: /data/user/0/com.facebook.katana/app_dex/jackson-datatype-guava-2.0.4.dex.2.jar
D/DexLibLoader( 9929): Deleting old version: /data/user/0/com.facebook.katana/app_dex/diffutils-1.2.1.dex.0.jar
D/DexLibLoader( 9929): Deleting old version: /data/user/0/com.facebook.katana/app_dex/diffutils-1.2.1.dex.1.jar
D/DexLibLoader( 9929): Deleting old version: /data/user/0/com.facebook.katana/app_dex/nine_old_androids.dex.0.jar
D/DexLibLoader( 9929): Deleting old version: /data/user/0/com.facebook.katana/app_dex/nine_old_androids.dex.1.jar
D/DexLibLoader( 9929): Deleting old version: /data/user/0/com.facebook.katana/app_dex/nine_old_androids.dex.2.jar
D/DexLibLoader( 9929): Deleting old version: /data/user/0/com.facebook.katana/app_dex/nine_old_androids.dex.3.jar
V/DexLibLoader( 9929): Dex already copied
V/DexLibLoader( 9929): Creating class loader
V/DexLibLoader( 9929): Finished creating class loader
V/DexLibLoader( 9929): Preparing secondary program dexes.
V/DexLibLoader( 9929): Loaded 3 raw lines of metadata.
V/DexLibLoader( 9929): Secondary program dex metadata: secondary-1.dex.jar.xz c0ee4a681e3a40d17df851fb6ef5a80691032872 secondary.dex01.Canary
V/DexLibLoader( 9929): Secondary program dex metadata: secondary-2.dex.jar.xz cba14b81f7e741108eb8718540871503eaff5ae1 secondary.dex02.Canary
V/DexLibLoader( 9929): Secondary program dex metadata: secondary-3.dex.jar.xz 2347a1ffec03d26b0a7367737faff046b1b6c23e secondary.dex03.Canary
W/DexLibLoader( 9929): Unexpected file in program dex directory: /data/user/0/com.facebook.katana/app_secondary_program_dex/temp_dex_lock
V/DexLibLoader( 9929): Preparing to extract secondary-1.dex.jar.xz to /data/user/0/com.facebook.katana/app_secondary_program_dex/program-c0ee4a681e3a40d17df851fb6ef5a806910328724f8ba580.dex.jar
V/DexLibLoader( 9929): Dex already copied
V/DexLibLoader( 9929): Creating class loader
V/DexLibLoader( 9929): Finished creating class loader
V/DexLibLoader( 9929): Preparing to extract secondary-2.dex.jar.xz to /data/user/0/com.facebook.katana/app_secondary_program_dex/program-cba14b81f7e741108eb8718540871503eaff5ae14f8ba580.dex.jar
V/DexLibLoader( 9929): Dex already copied
V/DexLibLoader( 9929): Creating class loader
V/DexLibLoader( 9929): Finished creating class loader
V/DexLibLoader( 9929): Preparing to extract secondary-3.dex.jar.xz to /data/user/0/com.facebook.katana/app_secondary_program_dex/program-2347a1ffec03d26b0a7367737faff046b1b6c23e4f8ba580.dex.jar
V/DexLibLoader( 9929): Dex already copied
V/DexLibLoader( 9929): Creating class loader
V/DexLibLoader( 9929): Finished creating class loader
V/DexLibLoader( 9929): Verifying classes from secondary dexes.
D/DexLibLoader( 9929): DexLibLoader.ensureDexLoaded took 49 ms
D/dalvikvm( 9929): GC_CONCURRENT freed 343K, 7% free 13416K/14343K, paused 11ms+5ms, total 39ms
D/dalvikvm( 9929): WAIT_FOR_CONCURRENT_GC blocked 2ms
I/ActivityThread( 9929): Pub com.facebook.katana.provider.GraphQLNotificationsProvider: com.facebook.katana.provider.GraphQLNotificationsContentProvider
I/ActivityThread( 9929): Pub com.facebook.katana.provider.CacheAccessProvider: com.facebook.katana.provider.CacheAccessProvider
I/ActivityThread( 9929): Pub com.facebook.katana.provider.FbSharedPrefsProvider_providers_process: com.facebook.prefs.multiprocess.katana.ExperimentalFbSharedPreferencesContentProvider
D/dalvikvm( 9929): GC_CONCURRENT freed 324K, 7% free 13592K/14535K, paused 12ms+16ms, total 54ms
D/dalvikvm( 9929): GC_CONCURRENT freed 207K, 6% free 13942K/14727K, paused 12ms+2ms, total 48ms
D/dalvikvm( 9929): WAIT_FOR_CONCURRENT_GC blocked 7ms
D/dalvikvm( 9929): GC_CONCURRENT freed 240K, 6% free 14303K/15175K, paused 13ms+21ms, total 74ms
W/IdleConnectionHandler( 3847): Removing a connection that never existed!
D/dalvikvm( 3847): WAIT_FOR_CONCURRENT_GC blocked 0ms
