I/ActivityThread( 9478): Pub com.mfluent.asp.provider.ASPMedia: com.mfluent.asp.datamodel.ASPMediaStoreProvider
I/dalvikvm( 9478): Could not find method android.os.UserManager.supportsMultipleUsers, referenced from method com.mfluent.asp.util.m.a
W/dalvikvm( 9478): VFY: unable to resolve static method 837: Landroid/os/UserManager;.supportsMultipleUsers ()Z
D/dalvikvm( 9478): VFY: replacing opcode 0x71 at 0x0001
E/dalvikvm( 9478): Could not find class 'android.os.UserManager', referenced from method com.mfluent.asp.util.m.b
W/dalvikvm( 9478): VFY: unable to resolve check-cast 171 (Landroid/os/UserManager;) in Lcom/mfluent/asp/util/m;
D/dalvikvm( 9478): VFY: replacing opcode 0x1f at 0x0007
E/Trace   ( 9495): error opening trace file: No such file or directory (2)
V/MediaPlayer-JNI( 9478): native_setup
V/MediaPlayer( 9478): constructor
V/MediaPlayer( 9478): setListener
I/ActivityThread( 9495): Pub com.osp.contentprovider.ospcontentprovider: com.osp.contentprovider.OSPContentProvider
I/ActivityThread( 9495): Pub com.msc.contentprovider.provider.samsungServiceProvider: com.msc.contentprovider.SamsungServiceProvider
D/dalvikvm( 9478): GC_CONCURRENT freed 281K, 7% free 12668K/13575K, paused 15ms+17ms, total 64ms
E/MtpService( 5459): In MTPAPP onReceive:android.intent.action.BATTERY_CHANGED
E/MtpService( 5459): battPlugged Type : 2
E/Trace   ( 9518): error opening trace file: No such file or directory (2)
D/GCM     ( 2826): Ignoring attempt to send heartbeat on dead connection.
I/ActivityThread( 9518): Pub com.wssyncmldm.ContentProvider: com.wssyncmldm.db.sql.XDMDbContentProvider
I/DBG_DM  ( 9518): [][Line:67][onCreate] 
I/DBG_DM  ( 9518): [v5_1208_5_1][Line:685][xdmGetCheckWifiOnlyModel] isWifiOnly : false
I/DBG_DM  ( 9518): [v5_1208_5_1][Line:700][xdmGetCheckDataOnly] Voice : true
I/DBG_DM  ( 9518): [v5_1208_5_1][Line:701][xdmGetCheckDataOnly] SMS : true
I/DBG_DM  ( 9518): [v5_1208_5_1][Line:708][xdmGetCheckDataOnly] isDataOnly : false
I/DBG_DM  ( 9518): [v5_1208_5_1][Line:31][xdmInitialize] UYqn6vq3qTH35L66pR9dB6ZrOQhtHCYbjdszx6nYrjFYzeVOvvlPUzE67GnQVups
I/DBG_DM  ( 9518): [v5_1208_5_1][Line:32][xdmInitialize] AgVOOqV7UpXFblBk29Ld3aZrOQhtHCYbjdszx6nYrjFYzeVOvvlPUzE67GnQVups
I/DBG_DM  ( 9518): [v5_1208_5_1][Line:33][xdmInitialize] AgVOOqV7UpXFblBk29Ld3WQvEpsHE7t6/Nl1XTy+HilJTAKQBHXXIrZAqqe5iIKy
I/DBG_DM  ( 9518): [v5_1208_5_1][Line:34][xdmInitialize] UPYFtLwxCHS3lNqWPdA1ZfFi5leCdIuw7PoRnmoHceQtbKhaYDnGqoOsz4oQwUZB
I/DBG_DM  ( 9518): [v5_1208_5_1][Line:60][xdmSecProductFeatureGetLog] vE0cvFFC8r6MNPaauiCihsZQN6icZhYOvOq6i7rBqv0=
I/DBG_DM  ( 9518): [v5_1208_5_1][Line:61][xdmSecProductFeatureGetLog] C1eti8kk2CAZnmeZ40lPViPcd3mbW5E4AuTjexJUKrHGUDeonGYWDrzquou6war9
I/DBG_DM  ( 9518): [v5_1208_5_1][Line:62][xdmSecProductFeatureGetLog] haosshTrj1Jx3tDR5F1jfcSW3+YSPVA7k2U13IidACon1bibKMnQb4SkoywwC2ux
I/DBG_DM  ( 9518): [v5_1208_5_1][Line:63][xdmSecProductFeatureGetLog] omTO+pFaVoGNp8HT83HHf8BvAnwejg9FwOa6cTgYa/0n1bibKMnQb4SkoywwC2ux
I/DBG_DM  ( 9518): [v5_1208_5_1][Line:64][xdmSecProductFeatureGetLog] omTO+pFaVoGNp8HT83HHf7HXYIMlo8OET+obEpnadlKyydMr7Do3XlIYMUxGKx3w
I/DBG_DM  ( 9518): [v5_1208_5_1][Line:65][xdmSecProductFeatureGetLog] c8aaBoNX+zCI65M7gVNTej45+K/MzxjqVpKd5x0FMtd3o63nokSujfTEanrHiU41
I/DBG_DM  ( 9518): [v5_1208_5_1][Line:66][xdmSecProductFeatureGetLog] i1IJ8WLonHACeb9fvg7QltxfEYw+XEg20l0aafrTYVIfP6oNRCH3Y3/CtYyij5pf
I/DBG_DM  ( 9518): [v5_1208_5_1][Line:67][xdmSecProductFeatureGetLog] uStltyLdJgcCEZJSDeyzm7DfGJsqFhqNoXpzvGnofAM=
I/DBG_DM  ( 9518): [v5_1208_5_1][Line:68][xdmSecProductFeatureGetLog] TE1OTxNWMfqCX3p6u3JUgfktEeDT+AxHG6vYDELQwE8=
I/DBG_DM  ( 9518): [v5_1208_5_1][Line:69][xdmSecProductFeatureGetLog] q1USXGCsh/QJtC7xbY0NvZEZtQUdQsxWMpCLRV4kl1rOr8tb7PoZdsaMXtwZ9yJv
I/DBG_DM  ( 9518): [v5_1208_5_1][Line:70][xdmSecProductFeatureGetLog] bHcxwtAWX7BKWyN52jH3wgPTfNjelGwS3dPgkxHcNc8U7gsGuDiqC2vFRX3h6j+Q
I/DBG_DM  ( 9518): [v5_1208_5_1][Line:71][xdmSecProductFeatureGetLog] bHcxwtAWX7BKWyN52jH3wpFW4BplYmDDKIf87GINH4Y8Gkt6a82MXbzpyiwnPPKp
I/DBG_DM  ( 9518): [v5_1208_5_1][Line:72][xdmSecProductFeatureGetLog] ugtJiRYJ2qJYCdcfZhzqY3oAdjK4XCveAvs3XzrZ0cMYDC3Ukn8F5BseYBqqetyj
I/DBG_DM  ( 9518): [v5_1208_5_1][Line:73][xdmSecProductFeatureGetLog] c5uDLkQ1NrJkPYsXdmXX2plTstvCNmbHeWQ4y2fXgIc=
I/DBG_DM  ( 9518): [v5_1208_5_1][Line:74][xdmSecProductFeatureGetLog] n1o4q7KwFXL+AhQI4wvYIXc0WN8q8rVgDinP14xNizA=
I/DBG_DM  ( 9518): [v5_1208_5_1][Line:3501][xdbGetFotaStartStatus] MIHms8gTL9QFz4xKbDrPXQ==
I/DBG_DM  ( 9518): [v5_1208_5_1][Line:52][onCreate] DMApplication Start !
I/DBG_DM  ( 9518): [v5_1208_5_1][Line:1775][xdmGetRootingPrefValue] 0
I/DBG_DM  ( 9518): [v5_1208_5_1][Line:85][xdmGetRootingFeature] Default : false
I/DBG_DM  ( 9518): [v5_1208_5_1][Line:172][xdmAgentTaskHandler] XEVENT_OS_INITIALIZED
I/DBG_DM  ( 9518): [v5_1208_5_1][Line:148][xdmAgentSetSyncMode] nSync = 0
D/SensorService( 2283): info.rates.add, set DEFAULT_EVENTS_PERIOD
D/SensorService( 2283): SensorDevice::activate  (enable 1, disable 0) = 1
D/SensorService( 2283): activating sensor enable handle=3 
D/SensorService( 2283): activating sensor enable, Done!
D/SensorService( 2283): SensorDevice::activating sensor handle=3 ns=200000000 
I/SensorService( 2283): info.selectDelay() ns=200000000  
D/SensorService( 2283): SensorDevice::setDelay, Return(true 1, false 0) =  1
D/SensorManager( 2283): registerListener :: handle = 3  name= CM36651 Light sensor delay= 200000 Listener= com.android.server.LightsService$4@42c4ed28
I/DBG_DM  ( 9518): [v5_1208_5_1][Line:541][xdmGetEnableLiveDemoFromCSCFeature] enable LiveDemo : false
I/DBG_DM  ( 9518): [v5_1208_5_1][Line:371][xdmInitExternalStorageState] 
I/DBG_DM  ( 9518): [v5_1208_5_1][Line:421][xdmInitExternalStorageState] Yoxw0nRUMlKEf2h1yuo5HqRfjxgCWRvzbNV7NgD+HJo=
D/dalvikvm( 9518): GC_CONCURRENT freed 362K, 8% free 12251K/13191K, paused 45ms+3ms, total 88ms
D/dalvikvm( 9518): WAIT_FOR_CONCURRENT_GC blocked 32ms
I/DBG_DM  ( 9518): [v5_1208_5_1][Line:422][xdmInitExternalStorageState] ngm+RmS8DZk5kqxNuOJLHifNyWE67V1g5WAFZmH8wCQ=
I/DBG_DM  ( 9518): [v5_1208_5_1][Line:423][xdmInitExternalStorageState] Aw/vNMBOfgVBQ1gAh3oHdGfwlGL2K/0T47oOzkSHYAxWRho70J/lQ7s935vFTn7b
I/DBG_DM  ( 9518): [v5_1208_5_1][Line:424][xdmInitExternalStorageState] LTS9dMaRHfvtid43+9rUBTsBljSltGL2GLhuKIO4w/jKmBXTu5F21jir8KLzescN
I/DBG_DM  ( 9518): [v5_1208_5_1][Line:426][xdmInitExternalStorageState] bExternalStorageAvailable [true]
I/DBG_DM  ( 9518): [v5_1208_5_1][Line:427][xdmInitExternalStorageState] bExternalSDStorageAvailable [true]
D/dalvikvm( 9518): WAIT_FOR_CONCURRENT_GC blocked 37ms
D/dalvikvm( 9518): WAIT_FOR_CONCURRENT_GC blocked 34ms
I/DBG_DM  ( 9518): [v5_1208_5_1][Line:1822][xdbDMffs_Init] xdbDMffs_Init
I/DBG_DM  ( 9518): [v5_1208_5_1][Line:1077][onCallStateChanged] >>>>>>>>>>> onCallStateChanged
I/DBG_DM  ( 9518): [v5_1208_5_1][Line:1097][onCallStateChanged] >>>>>>>>>>> CALL_STATE_IDLE
I/DBG_DM  ( 9518): [v5_1208_5_1][Line:1582][xdmProtoIsWIFIConnected] WiFi Connected
I/DBG_DM  ( 9518): [v5_1208_5_1][Line:1582][xdmProtoIsWIFIConnected] WiFi Connected
I/DBG_DM  ( 9518): [v5_1208_5_1][Line:182][xdmAgentTaskHandler] XEVENT_PHONEBOOK_INITIALIZED
D/SensorManager( 2283): unregisterListener::  Listener= com.android.server.LightsService$4@42c4ed28
D/SensorService( 2283): SensorDevice::activate  (enable 1, disable 0) = 0
D/SensorService( 2283): activating sensor disable handle=3 
D/SensorService( 2283): activating sensor disable, Done!
D/SensorService( 2283): SensorDevice::activating sensor handle=3 ns=200000000 
D/lights  ( 2283): write pattern : g_led_info = 8
D/lights  ( 2283): led_pattern : 1 +
D/lights  ( 2283): led_pattern : 1 -
E/Trace   ( 9537): error opening trace file: No such file or directory (2)
D/dalvikvm( 9537): WAIT_FOR_CONCURRENT_GC blocked 0ms
D/GpsLocationProvider( 2283): GPS status listener died
D/dalvikvm( 9537): GC_CONCURRENT freed 209K, 6% free 12404K/13191K, paused 17ms+3ms, total 54ms
D/dalvikvm( 9537): WAIT_FOR_CONCURRENT_GC blocked 17ms
I/ActivityThread( 9537): Pub com.vlingo.client.vlingoconfigprovider: com.vlingo.midas.provider.VlingoConfigProvider
I/VlingoApplication( 9537): VlingoApplication appVersion ='4.7.11749'
D/dalvikvm( 9537): GC_CONCURRENT freed 217K, 7% free 12613K/13447K, paused 12ms+3ms, total 48ms
I/DBG_DM  ( 9518): [v5_1208_5_1][Line:417][xdmInitAdpWaitBearerSetting] waits 13 sec
I/DBG_DM  ( 9518): [v5_1208_5_1][Line:3306][xdbGetFUMOStatus] xdbGetFUMOStatus : 0
I/DBG_DM  ( 9518): [v5_1208_5_1][Line:1755][xdmGetUpdateReport] wssGetUpdateReport : 0
I/DBG_DM  ( 9518): [v5_1208_5_1][Line:207][xdmAgentTaskHandler] XEVENT_DM_INIT
I/SysScopeVerifier( 9518): SHA1-Digest :eLkfqIF9EUEp54fR2nzgWbL2L1s=
I/SysScopeVerifier( 9518): SHA1-Digest :MqtHJr/par3LL1huEuNvd7lYic0=
I/SysScopeVerifier( 9518): classes.dexMqtHJr/par3LL1huEuNvd7lYic0=
I/SysScopeVerifier( 9518): lib/armeabi/libcordon.soeLkfqIF9EUEp54fR2nzgWbL2L1s=
E/DBG_DM  ( 9518): Warning!!! [v5_1208_5_1][Line:1804][xdmCheckSystemRooting] Device is modified. can not use wssyncmldm
I/DBG_DM  ( 9518): [v5_1208_5_1][Line:425][xdmInitAdpWaitSystemRootingCheck] Check completed.
I/DBG_DM  ( 9518): [v5_1208_5_1][Line:1582][xdmProtoIsWIFIConnected] WiFi Connected
I/DBG_DM  ( 9518): [v5_1208_5_1][Line:976][xdmGetTopActivityName] TopActivity : com.android.launcher2.Launcher
I/DBG_DM  ( 9518): [v5_1208_5_1][Line:39][xdmFeatureGetBearerSettingFromCSCFotaDataBase] 
I/DBG_DM  ( 9518): [v5_1208_5_1][Line:3461][xdbGetFotaBearerStatus] mBx7mVxoIsllXXAhedT9QA==
I/DBG_DM  ( 9518): [v5_1208_5_1][Line:52][xdmFeatureGetBearerSettingFromCSCFotaDataBase] UYqn6vq3qTH35L66pR9dB6ZrOQhtHCYbjdszx6nYrjFYzeVOvvlPUzE67GnQVups
I/DBG_DM  ( 9518): [v5_1208_5_1][Line:53][xdmFeatureGetBearerSettingFromCSCFotaDataBase] AgVOOqV7UpXFblBk29Ld3aZrOQhtHCYbjdszx6nYrjFYzeVOvvlPUzE67GnQVups
I/DBG_DM  ( 9518): [v5_1208_5_1][Line:54][xdmFeatureGetBearerSettingFromCSCFotaDataBase] AgVOOqV7UpXFblBk29Ld3WQvEpsHE7t6/Nl1XTy+HilJTAKQBHXXIrZAqqe5iIKy
I/DBG_DM  ( 9518): [v5_1208_5_1][Line:55][xdmFeatureGetBearerSettingFromCSCFotaDataBase] UPYFtLwxCHS3lNqWPdA1ZfFi5leCdIuw7PoRnmoHceQtbKhaYDnGqoOsz4oQwUZB
I/DBG_DM  ( 9518): [v5_1208_5_1][Line:3306][xdbGetFUMOStatus] xdbGetFUMOStatus : 0
I/DBG_DM  ( 9518): [v5_1208_5_1][Line:4144][xdbGetDownloadPostponeStatus] Download Postpone status : 0
I/DBG_DM  ( 9518): [v5_1208_5_1][Line:197][xdmInitAdpEXTInit] nStatus [0]
I/DBG_DM  ( 9518): [v5_1208_5_1][Line:833][xdmUIEvent] XUI_DM_IDLE_STATE :true
I/DBG_DM  ( 9518): [v5_1208_5_1][Line:3306][xdbGetFUMOStatus] xdbGetFUMOStatus : 0
I/DBG_DM  ( 9518): [v5_1208_5_1][Line:261][xdmAgentTaskHandler] XEVENT_DM_INIT : Initialized
I/DBG_DM  ( 9518): [v5_1208_5_1][Line:1462][xdmAgentCheckResumeNoti] 
I/DBG_DM  ( 9518): [v5_1208_5_1][Line:1582][xdmProtoIsWIFIConnected] WiFi Connected
I/DBG_DM  ( 9518): [v5_1208_5_1][Line:979][xnotiPushAdpExcuteResumeNoti] nSessionSaveState:0
I/DBG_DM  ( 9518): [v5_1208_5_1][Line:980][xnotiPushAdpExcuteResumeNoti] nNotiUiEvent:0
I/DBG_DM  ( 9518): [v5_1208_5_1][Line:981][xnotiPushAdpExcuteResumeNoti] nNotiRetryCount:0
I/DBG_DM  ( 9518): [v5_1208_5_1][Line:1051][xnotiPushAdpExcuteResumeNoti] Current NOTI NOT SAVED State. EXIT. EXIT.
I/DBG_DM  ( 9518): [v5_1208_5_1][Line:792][xnotiPushAdpClearSessionStatus] 
I/DBG_DM  ( 9518): [v5_1208_5_1][Line:4324][xdbGetSessionSaveStatus] nSessionSaveState [0], nNotiUiEvent [0]
I/DBG_DM  ( 9518): [v5_1208_5_1][Line:4372][xdbSetBackUpServerUrl] 
D/dalvikvm( 9518): GC_CONCURRENT freed 373K, 8% free 12378K/13383K, paused 19ms+10ms, total 96ms
I/DBG_DM  ( 9518): [v5_1208_5_1][Line:2454][xdbSetChangedProtocol] lSsyJ4YI5B39xVbBgvbRitMVIDkvXSARt01dUI8PilU=
I/DBG_DM  ( 9518): [v5_1208_5_1][Line:3317][xdbSetFUMOStatus] xdbSetFUMOStatus : 0
I/DBG_DM  ( 9518): [v5_1208_5_1][Line:1541][xdmStopAlarm] thfyXa0LWyyABN+7CaaWes4COPJzjOeBDqIPWMXCIyEuwY+NxOitYqVCC8SFFWd8
I/DBG_DM  ( 9518): [v5_1208_5_1][Line:4713][xdbSetFUMOInitiatedType] Initiated Type: 0
I/DBG_DM  ( 9518): [v5_1208_5_1][Line:4127][xdbSetDownloadPostponeStatus] Set Download Postpone status : 0
I/DBG_DM  ( 9518): [v5_1208_5_1][Line:41][xdbNotiExistInfo] false
E/Watchdog( 2283): !@Sync 62
D/ClockWidget( 2283): refreshTime()
D/ClockWidget( 2283): TTS Message = Sono le 10:19, Luned, Ottobre 28
E/Trace   ( 9552): error opening trace file: No such file or directory (2)
D/dalvikvm( 9552): GC_CONCURRENT freed 182K, 6% free 12432K/13191K, paused 20ms+4ms, total 67ms
D/dalvikvm( 9552): WAIT_FOR_CONCURRENT_GC blocked 21ms
I/ActivityThread( 9552): Pub com.android.settings.reverb.params: com.android.settings.autohaptic.ReverbContentProvider
I/ActivityThread( 9552): Pub com.android.settings.personalvibration.PersonalVibrationProvider: com.android.settings.personalvibration.PersonalVibrationProvider
I/WifiTimer( 9552): Starting #2
E/Trace   ( 9567): error opening trace file: No such file or directory (2)
E/MtpService( 5459): In MTPAPP onReceive:android.intent.action.BATTERY_CHANGED
E/MtpService( 5459): battPlugged Type : 2
D/SensorService( 2283): info.rates.add, set DEFAULT_EVENTS_PERIOD
D/SensorService( 2283): SensorDevice::activate  (enable 1, disable 0) = 1
D/SensorService( 2283): activating sensor enable handle=3 
D/SensorService( 2283): activating sensor enable, Done!
D/SensorService( 2283): SensorDevice::activating sensor handle=3 ns=200000000 
I/SensorService( 2283): info.selectDelay() ns=200000000  
D/SensorService( 2283): SensorDevice::setDelay, Return(true 1, false 0) =  1
D/SensorManager( 2283): registerListener :: handle = 3  name= CM36651 Light sensor delay= 200000 Listener= com.android.server.LightsService$4@42c4ed28
I/ActivityThread( 9567): Pub com.samsung.avrcp: com.samsung.avrcp.AudioProvider
D/AvrcpProxy( 9567): startAvrcp()
D/AvrcpStubService( 2283): startAvrcp()
D/jniAvrcpService( 2283): Starting avrcp native service
D/jniAvrcpService( 2283): setUpService is called
E/jniAvrcpService( 2283): setUpService: D-Bus error: org.freedesktop.DBus.Error.ObjectPathInUse (A handler is already registered for /android/bluetooth/avrcp)
E/jniAvrcpService( 2283): setUpService return true
W/AvrcpService( 9567): parseIntent(): intent is null
D/AvrcpProxy( 9567): trackChangeEvent()
D/AvrcpStubService( 2283): trackChangeEvent()
D/AvrcpProxy( 9567): playbackStatusChangeEvent()
D/AvrcpStubService( 2283): playbackStatusChangeEvent()
D/AvrcpStubService( 2283): Playback statusChangeEvent setting mSelected to false
D/SensorManager( 2283): unregisterListener::  Listener= com.android.server.LightsService$4@42c4ed28
D/SensorService( 2283): SensorDevice::activate  (enable 1, disable 0) = 0
D/SensorService( 2283): activating sensor disable handle=3 
D/SensorService( 2283): activating sensor disable, Done!
D/SensorService( 2283): SensorDevice::activating sensor handle=3 ns=200000000 
D/lights  ( 2283): write pattern : g_led_info = 8
D/lights  ( 2283): led_pattern : 1 +
D/lights  ( 2283): led_pattern : 1 -
D/dalvikvm( 1906): WAIT_FOR_CONCURRENT_GC blocked 0ms
D/dalvikvm( 1906): GC_EXPLICIT freed 39K, 7% free 12108K/12931K, paused 14ms+14ms, total 145ms
D/dalvikvm( 1906): WAIT_FOR_CONCURRENT_GC blocked 0ms
D/dalvikvm( 1906): GC_EXPLICIT freed <1K, 7% free 12108K/12931K, paused 3ms+4ms, total 70ms
D/dalvikvm( 1906): WAIT_FOR_CONCURRENT_GC blocked 0ms
E/Trace   ( 9580): error opening trace file: No such file or directory (2)
D/dalvikvm( 1906): GC_EXPLICIT freed <1K, 7% free 12108K/12931K, paused 3ms+9ms, total 61ms
I/ActivityThread( 9580): Pub com.sec.android.widgetapp.alarmclock: com.sec.android.widgetapp.alarmclock.ClockAlarmDataProvider
E/ClockAlarmWidget( 9580): [AlarmWidgetIdManager] getListItem() : itemIndex=0, widgetID:1
E/ClockAlarmWidget( 9580): [AlarmWidgetIdManager] getListItem() : ItemIndex exceed ListItemCount. itemIndex=1
E/ClockAlarmWidget( 9580): [AlarmWidgetIdManager] getListItem() : itemIndex=1, widgetID:1
D/ClockAlarmDataProvider( 9580): getAlarm() - too many same ID alarm data. nCount: 0
E/Watchdog( 2283): !@Sync 63
E/Trace   ( 9594): error opening trace file: No such file or directory (2)
V/BluetoothSocket.cpp( 9594): initSocketNative
V/BluetoothSocket.cpp( 9594): ...fd 40 created (RFCOMM, lm = 4)
V/BluetoothSocket.cpp( 9594): initSocketFromFdNative
I/BluetoothPolicyService( 2283): getBluetoothDataTransferAllowed 
D/BluetoothPolicyService( 2283): MDM: isProfileEnabled = true
D/BluetoothUtils( 9594): isSocketAllowedBySecurityPolicy start : device null
D/BluetoothPolicyService( 2283): MDM: isProfileEnabled = true
V/BluetoothSocket.cpp( 9594): bindListenNative
V/BluetoothSocket.cpp( 9594): ...bindListenNative(40) success
V/BluetoothSocket.cpp( 9594): acceptNative
E/MtpService( 5459): In MTPAPP onReceive:android.intent.action.BATTERY_CHANGED
E/MtpService( 5459): battPlugged Type : 2
D/SensorService( 2283): info.rates.add, set DEFAULT_EVENTS_PERIOD
D/SensorService( 2283): SensorDevice::activate  (enable 1, disable 0) = 1
D/SensorService( 2283): activating sensor enable handle=3 
D/SensorService( 2283): activating sensor enable, Done!
D/SensorService( 2283): SensorDevice::activating sensor handle=3 ns=200000000 
I/SensorService( 2283): info.selectDelay() ns=200000000  
D/SensorService( 2283): SensorDevice::setDelay, Return(true 1, false 0) =  1
D/SensorManager( 2283): registerListener :: handle = 3  name= CM36651 Light sensor delay= 200000 Listener= com.android.server.LightsService$4@42c4ed28
D/SensorManager( 2283): unregisterListener::  Listener= com.android.server.LightsService$4@42c4ed28
D/SensorService( 2283): SensorDevice::activate  (enable 1, disable 0) = 0
D/SensorService( 2283): activating sensor disable handle=3 
D/SensorService( 2283): activating sensor disable, Done!
D/SensorService( 2283): SensorDevice::activating sensor handle=3 ns=200000000 
D/lights  ( 2283): write pattern : g_led_info = 8
D/lights  ( 2283): led_pattern : 1 +
D/lights  ( 2283): led_pattern : 1 -
E/Trace   ( 9608): error opening trace file: No such file or directory (2)
D/dalvikvm( 9608): GC_CONCURRENT freed 156K, 6% free 12457K/13191K, paused 22ms+4ms, total 67ms
D/dalvikvm( 9608): WAIT_FOR_CONCURRENT_GC blocked 26ms
I/ActivityThread( 9608): Pub com.whatsapp.provider.contact: com.whatsapp.contact.ContactProvider
I/ActivityThread( 9608): Pub com.whatsapp.provider.media: com.whatsapp.MediaProvider
D/dalvikvm( 9608): GC_CONCURRENT freed 155K, 6% free 12802K/13575K, paused 14ms+3ms, total 71ms
D/dalvikvm( 9608): GC_CONCURRENT freed 334K, 7% free 12974K/13895K, paused 14ms+5ms, total 60ms
D/dalvikvm( 9608): WAIT_FOR_CONCURRENT_GC blocked 17ms
D/dalvikvm( 9608): GC_CONCURRENT freed 333K, 7% free 13167K/14087K, paused 13ms+2ms, total 55ms
D/dalvikvm( 9608): WAIT_FOR_CONCURRENT_GC blocked 5ms
D/dalvikvm( 9608): GC_CONCURRENT freed 336K, 7% free 13353K/14279K, paused 12ms+6ms, total 52ms
D/dalvikvm( 9608): WAIT_FOR_CONCURRENT_GC blocked 3ms
D/dalvikvm( 9608): GC_CONCURRENT freed 298K, 7% free 13532K/14471K, paused 12ms+19ms, total 56ms
D/Finsky  ( 4463): [250] InAppBillingUtils.pickAccount: com.whatsapp: Account determined from installer data - [eNQeGlwhWseRvVGZr9UOqB5T5bE]
D/Finsky  ( 4463): [225] InAppBillingUtils.pickAccount: com.whatsapp: Account determined from installer data - [eNQeGlwhWseRvVGZr9UOqB5T5bE]
D/Finsky  ( 4463): [225] InAppBillingUtils.pickAccount: com.whatsapp: Account determined from installer data - [eNQeGlwhWseRvVGZr9UOqB5T5bE]
D/dalvikvm( 9608): GC_CONCURRENT freed 424K, 7% free 13650K/14663K, paused 16ms+128ms, total 1010ms
D/dalvikvm( 9608): WAIT_FOR_CONCURRENT_GC blocked 757ms
D/dalvikvm( 9608): WAIT_FOR_CONCURRENT_GC blocked 690ms
D/dalvikvm( 9608): WAIT_FOR_CONCURRENT_GC blocked 530ms
D/Finsky  ( 4463): [224] InAppBillingUtils.pickAccount: com.whatsapp: Account determined from installer data - [eNQeGlwhWseRvVGZr9UOqB5T5bE]
D/Finsky  ( 4463): [224] InAppBillingUtils.pickAccount: com.whatsapp: Account determined from installer data - [eNQeGlwhWseRvVGZr9UOqB5T5bE]
D/dalvikvm( 9608): GC_CONCURRENT freed 315K, 7% free 13788K/14727K, paused 14ms+16ms, total 63ms
E/Watchdog( 2283): !@Sync 64
D/ClockWidget( 2283): refreshTime()
D/ClockAlarmWidgetService( 9580): [ClockAlarmWidgetService] onReceive: action = android.intent.action.TIME_TICK
D/ClockWidget( 2283): TTS Message = Sono le 10:20, Luned, Ottobre 28
E/ClockAlarmWidget( 9580): [AlarmWidgetIdManager] getListItem() : itemIndex=0, widgetID:1
E/ClockAlarmWidget( 9580): [AlarmWidgetIdManager] getListItem() : ItemIndex exceed ListItemCount. itemIndex=1
E/ClockAlarmWidget( 9580): [AlarmWidgetIdManager] getListItem() : itemIndex=1, widgetID:1
D/ClockAlarmDataProvider( 9580): getAlarm() - too many same ID alarm data. nCount: 0
E/Trace   ( 9645): error opening trace file: No such file or directory (2)
I/ActivityThread( 9645): Pub com.google.android.location.reporting: com.google.android.location.reporting.service.ReportingContentProvider
I/ActivityThread( 9645): Pub com.google.android.location.internal: com.google.android.location.internal.LocationContentProvider
I/Recovery( 2993): Received: Intent { act=com.google.android.gms.INITIALIZE flg=0x10 pkg=com.google.android.gms cmp=com.google.android.gms/.auth.be.recovery.AccountRecoveryBackgroundService$Receiver }
D/GCM     ( 2826): GcmService start Intent { act=com.google.android.gms.INITIALIZE flg=0x10 pkg=com.google.android.gms cmp=com.google.android.gms/.gcm.GcmService } com.google.android.gms.INITIALIZE
D/dalvikvm( 9645): GC_CONCURRENT freed 210K, 6% free 12403K/13191K, paused 24ms+3ms, total 63ms
D/dalvikvm( 9645): WAIT_FOR_CONCURRENT_GC blocked 16ms
D/dalvikvm( 9645): GC_CONCURRENT freed 212K, 7% free 12695K/13511K, paused 12ms+1ms, total 30ms
D/dalvikvm( 9645): WAIT_FOR_CONCURRENT_GC blocked 10ms
D/dalvikvm( 9645): GC_CONCURRENT freed 468K, 8% free 12782K/13831K, paused 12ms+2ms, total 45ms
D/dalvikvm( 9645): WAIT_FOR_CONCURRENT_GC blocked 8ms
D/dalvikvm( 9645): GC_CONCURRENT freed 131K, 6% free 13182K/13895K, paused 12ms+20ms, total 65ms
D/dalvikvm( 9645): WAIT_FOR_CONCURRENT_GC blocked 0ms
E/dalvikvm( 9645): Could not find class 'android.os.UserManager', referenced from method xg.b
W/dalvikvm( 9645): VFY: unable to resolve check-cast 598 (Landroid/os/UserManager;) in Lxg;
D/dalvikvm( 9645): VFY: replacing opcode 0x1f at 0x000c
I/dalvikvm( 9645): Could not find method android.accounts.AccountManager.getAccountsByTypeForPackage, referenced from method xg.c
W/dalvikvm( 9645): VFY: unable to resolve virtual method 2421: Landroid/accounts/AccountManager;.getAccountsByTypeForPackage (Ljava/lang/String;Ljava/lang/String;)[Landroid/accounts/Account;
D/dalvikvm( 9645): VFY: replacing opcode 0x6e at 0x000c
E/dalvikvm( 9645): Could not find class 'android.os.UserManager', referenced from method xg.c
W/dalvikvm( 9645): VFY: unable to resolve check-cast 598 (Landroid/os/UserManager;) in Lxg;
D/dalvikvm( 9645): VFY: replacing opcode 0x1f at 0x000f
D/dalvikvm( 9645): GC_CONCURRENT freed 822K, 11% free 12775K/14215K, paused 11ms+2ms, total 48ms
I/dalvikvm( 9645): Could not find method android.location.Location.getElapsedRealtimeNanos, referenced from method ebw.b
W/dalvikvm( 9645): VFY: unable to resolve virtual method 3270: Landroid/location/Location;.getElapsedRealtimeNanos ()J
D/dalvikvm( 9645): VFY: replacing opcode 0x6e at 0x0037
I/dalvikvm( 9645): Could not find method android.location.Location.getElapsedRealtimeNanos, referenced from method ebu.a
W/dalvikvm( 9645): VFY: unable to resolve virtual method 3270: Landroid/location/Location;.getElapsedRealtimeNanos ()J
D/dalvikvm( 9645): VFY: replacing opcode 0x6e at 0x0009
I/dalvikvm( 9645): Could not find method android.location.Location.setElapsedRealtimeNanos, referenced from method ecb.a
W/dalvikvm( 9645): VFY: unable to resolve virtual method 3287: Landroid/location/Location;.setElapsedRealtimeNanos (J)V
D/dalvikvm( 9645): VFY: replacing opcode 0x6e at 0x0739
D/dalvikvm( 2283): WAIT_FOR_CONCURRENT_GC blocked 0ms
D/GeofencerStateMachine( 9645): Creating GeofencerStateMachine
W/dalvikvm( 9645): Unable to resolve superclass of Lees; (2294)
W/dalvikvm( 9645): Link of class 'Lees;' failed
W/dalvikvm( 9645): VFY: unable to find class referenced in signature (Lees;)
W/dalvikvm( 9645): Unable to resolve superclass of Lees; (2294)
W/dalvikvm( 9645): Link of class 'Lees;' failed
W/dalvikvm( 9645): VFY: unable to find class referenced in signature (Lees;)
W/dalvikvm( 9645): Unable to resolve superclass of Lees; (2294)
W/dalvikvm( 9645): Link of class 'Lees;' failed
W/dalvikvm( 9645): VFY: unable to find class referenced in signature (Lees;)
W/dalvikvm( 9645): Unable to resolve superclass of Lees; (2294)
W/dalvikvm( 9645): Link of class 'Lees;' failed
I/dalvikvm( 9645): Could not find method ees.a, referenced from method eeb.<init>
W/dalvikvm( 9645): VFY: unable to resolve static method 28237: Lees;.a ()Lees;
D/dalvikvm( 9645): VFY: replacing opcode 0x71 at 0x001a
W/dalvikvm( 9645): Unable to resolve superclass of Lees; (2294)
W/dalvikvm( 9645): Link of class 'Lees;' failed
W/dalvikvm( 9645): Unable to resolve superclass of Lees; (2294)
W/dalvikvm( 9645): Link of class 'Lees;' failed
W/dalvikvm( 9645): Unable to resolve superclass of Lees; (2294)
W/dalvikvm( 9645): Link of class 'Lees;' failed
W/dalvikvm( 9645): Unable to resolve superclass of Lees; (2294)
W/dalvikvm( 9645): Link of class 'Lees;' failed
W/dalvikvm( 9645): Unable to resolve superclass of Lees; (2294)
W/dalvikvm( 9645): Link of class 'Lees;' failed
I/dalvikvm( 9645): Could not find method ees.b, referenced from method eeb.e
W/dalvikvm( 9645): VFY: unable to resolve virtual method 28238: Lees;.b ()Ledx;
D/dalvikvm( 9645): VFY: replacing opcode 0x6e at 0x000d
I/GCoreUlr( 9645): Ensuring that reporting is stopped because of reasons: {account#13#=[InactiveReason{mVersionCode=0, mIdentifier=6, mName='ReportingNotSelected'}]}
D/GCoreFlp( 9645): Unknown pending intent to remove.
I/GCoreUlr( 9645): Unbound from all location providers
V/GeofencerHelper( 9645): Initializing geofence's system cache.
D/dalvikvm( 2283): GC_EXPLICIT freed 1668K, 40% free 30573K/50439K, paused 16ms+9ms, total 178ms
D/GeofenceStateCache( 9645): Recovered 0 geofences.
D/dalvikvm( 9645): GC_CONCURRENT freed 330K, 10% free 12859K/14215K, paused 16ms+1ms, total 107ms
D/CircleLockScreen( 2283): onRefreshBatteryInfo() showPatteryInfo: true pluggedIn: true batteryLevel: 14
E/MtpService( 5459): In MTPAPP onReceive:android.intent.action.BATTERY_CHANGED
E/MtpService( 5459): battPlugged Type : 2
D/SensorService( 2283): info.rates.add, set DEFAULT_EVENTS_PERIOD
D/SensorService( 2283): SensorDevice::activate  (enable 1, disable 0) = 1
D/SensorService( 2283): activating sensor enable handle=3 
D/SensorService( 2283): activating sensor enable, Done!
D/SensorService( 2283): SensorDevice::activating sensor handle=3 ns=200000000 
I/SensorService( 2283): info.selectDelay() ns=200000000  
D/SensorService( 2283): SensorDevice::setDelay, Return(true 1, false 0) =  1
D/SensorManager( 2283): registerListener :: handle = 3  name= CM36651 Light sensor delay= 200000 Listener= com.android.server.LightsService$4@42c4ed28
D/SensorManager( 2283): unregisterListener::  Listener= com.android.server.LightsService$4@42c4ed28
D/SensorService( 2283): SensorDevice::activate  (enable 1, disable 0) = 0
D/SensorService( 2283): activating sensor disable handle=3 
D/SensorService( 2283): activating sensor disable, Done!
D/SensorService( 2283): SensorDevice::activating sensor handle=3 ns=200000000 
D/lights  ( 2283): write pattern : g_led_info = 8
D/lights  ( 2283): led_pattern : 1 +
D/lights  ( 2283): led_pattern : 1 -
E/Watchdog( 2283): !@Sync 65
E/MtpService( 5459): In MTPAPP onReceive:android.intent.action.BATTERY_CHANGED
E/MtpService( 5459): battPlugged Type : 2
D/SensorService( 2283): info.rates.add, set DEFAULT_EVENTS_PERIOD
D/SensorService( 2283): SensorDevice::activate  (enable 1, disable 0) = 1
D/SensorService( 2283): activating sensor enable handle=3 
D/SensorService( 2283): activating sensor enable, Done!
D/SensorService( 2283): SensorDevice::activating sensor handle=3 ns=200000000 
I/SensorService( 2283): info.selectDelay() ns=200000000  
D/SensorService( 2283): SensorDevice::setDelay, Return(true 1, false 0) =  1
D/SensorManager( 2283): registerListener :: handle = 3  name= CM36651 Light sensor delay= 200000 Listener= com.android.server.LightsService$4@42c4ed28
D/SensorManager( 2283): unregisterListener::  Listener= com.android.server.LightsService$4@42c4ed28
D/SensorService( 2283): SensorDevice::activate  (enable 1, disable 0) = 0
D/SensorService( 2283): activating sensor disable handle=3 
D/SensorService( 2283): activating sensor disable, Done!
D/SensorService( 2283): SensorDevice::activating sensor handle=3 ns=200000000 
D/lights  ( 2283): write pattern : g_led_info = 8
D/lights  ( 2283): led_pattern : 1 +
D/lights  ( 2283): led_pattern : 1 -
E/Watchdog( 2283): !@Sync 66
D/ClockWidget( 2283): refreshTime()
D/ClockWidget( 2283): TTS Message = Sono le 10:21, Luned, Ottobre 28
D/ClockAlarmWidgetService( 9580): [ClockAlarmWidgetService] onReceive: action = android.intent.action.TIME_TICK
E/ClockAlarmWidget( 9580): [AlarmWidgetIdManager] getListItem() : itemIndex=0, widgetID:1
E/ClockAlarmWidget( 9580): [AlarmWidgetIdManager] getListItem() : ItemIndex exceed ListItemCount. itemIndex=1
E/ClockAlarmWidget( 9580): [AlarmWidgetIdManager] getListItem() : itemIndex=1, widgetID:1
D/ClockAlarmDataProvider( 9580): getAlarm() - too many same ID alarm data. nCount: 0
E/MtpService( 5459): In MTPAPP onReceive:android.intent.action.BATTERY_CHANGED
E/MtpService( 5459): battPlugged Type : 2
D/SensorService( 2283): info.rates.add, set DEFAULT_EVENTS_PERIOD
D/SensorService( 2283): SensorDevice::activate  (enable 1, disable 0) = 1
D/SensorService( 2283): activating sensor enable handle=3 
D/SensorService( 2283): activating sensor enable, Done!
D/SensorService( 2283): SensorDevice::activating sensor handle=3 ns=200000000 
I/SensorService( 2283): info.selectDelay() ns=200000000  
D/SensorService( 2283): SensorDevice::setDelay, Return(true 1, false 0) =  1
D/SensorManager( 2283): registerListener :: handle = 3  name= CM36651 Light sensor delay= 200000 Listener= com.android.server.LightsService$4@42c4ed28
D/SensorManager( 2283): unregisterListener::  Listener= com.android.server.LightsService$4@42c4ed28
D/SensorService( 2283): SensorDevice::activate  (enable 1, disable 0) = 0
D/SensorService( 2283): activating sensor disable handle=3 
D/SensorService( 2283): activating sensor disable, Done!
D/SensorService( 2283): SensorDevice::activating sensor handle=3 ns=200000000 
D/lights  ( 2283): write pattern : g_led_info = 8
D/lights  ( 2283): led_pattern : 1 +
D/lights  ( 2283): led_pattern : 1 -
E/Watchdog( 2283): !@Sync 67
E/MtpService( 5459): In MTPAPP onReceive:android.intent.action.BATTERY_CHANGED
E/MtpService( 5459): battPlugged Type : 2
D/SensorService( 2283): info.rates.add, set DEFAULT_EVENTS_PERIOD
D/SensorService( 2283): SensorDevice::activate  (enable 1, disable 0) = 1
D/SensorService( 2283): activating sensor enable handle=3 
D/SensorService( 2283): activating sensor enable, Done!
D/SensorService( 2283): SensorDevice::activating sensor handle=3 ns=200000000 
I/SensorService( 2283): info.selectDelay() ns=200000000  
D/SensorService( 2283): SensorDevice::setDelay, Return(true 1, false 0) =  1
D/SensorManager( 2283): registerListener :: handle = 3  name= CM36651 Light sensor delay= 200000 Listener= com.android.server.LightsService$4@42c4ed28
D/SensorManager( 2283): unregisterListener::  Listener= com.android.server.LightsService$4@42c4ed28
D/SensorService( 2283): SensorDevice::activate  (enable 1, disable 0) = 0
D/SensorService( 2283): activating sensor disable handle=3 
D/SensorService( 2283): activating sensor disable, Done!
D/SensorService( 2283): SensorDevice::activating sensor handle=3 ns=200000000 
D/lights  ( 2283): write pattern : g_led_info = 8
D/lights  ( 2283): led_pattern : 1 +
D/lights  ( 2283): led_pattern : 1 -
E/Watchdog( 2283): !@Sync 68
D/ClockWidget( 2283): refreshTime()
D/ClockWidget( 2283): TTS Message = Sono le 10:22, Luned, Ottobre 28
D/ClockAlarmWidgetService( 9580): [ClockAlarmWidgetService] onReceive: action = android.intent.action.TIME_TICK
E/ClockAlarmWidget( 9580): [AlarmWidgetIdManager] getListItem() : itemIndex=0, widgetID:1
E/ClockAlarmWidget( 9580): [AlarmWidgetIdManager] getListItem() : ItemIndex exceed ListItemCount. itemIndex=1
E/ClockAlarmWidget( 9580): [AlarmWidgetIdManager] getListItem() : itemIndex=1, widgetID:1
D/ClockAlarmDataProvider( 9580): getAlarm() - too many same ID alarm data. nCount: 0
W/wpa_supplicant( 3440): wlan0: WPA: Unsupported AES-WRAP len 34
E/MtpService( 5459): In MTPAPP onReceive:android.intent.action.BATTERY_CHANGED
E/MtpService( 5459): battPlugged Type : 2
D/SensorService( 2283): info.rates.add, set DEFAULT_EVENTS_PERIOD
D/SensorService( 2283): SensorDevice::activate  (enable 1, disable 0) = 1
D/SensorService( 2283): activating sensor enable handle=3 
D/SensorService( 2283): activating sensor enable, Done!
D/SensorService( 2283): SensorDevice::activating sensor handle=3 ns=200000000 
I/SensorService( 2283): info.selectDelay() ns=200000000  
D/SensorService( 2283): SensorDevice::setDelay, Return(true 1, false 0) =  1
D/SensorManager( 2283): registerListener :: handle = 3  name= CM36651 Light sensor delay= 200000 Listener= com.android.server.LightsService$4@42c4ed28
D/dalvikvm( 5459): GC_CONCURRENT freed 346K, 8% free 12200K/13127K, paused 60ms+3ms, total 110ms
D/SensorManager( 2283): unregisterListener::  Listener= com.android.server.LightsService$4@42c4ed28
D/SensorService( 2283): SensorDevice::activate  (enable 1, disable 0) = 0
D/SensorService( 2283): activating sensor disable handle=3 
D/SensorService( 2283): activating sensor disable, Done!
D/SensorService( 2283): SensorDevice::activating sensor handle=3 ns=200000000 
D/lights  ( 2283): write pattern : g_led_info = 8
D/lights  ( 2283): led_pattern : 1 +
D/lights  ( 2283): led_pattern : 1 -
E/Watchdog( 2283): !@Sync 69
E/MtpService( 5459): In MTPAPP onReceive:android.intent.action.BATTERY_CHANGED
E/MtpService( 5459): battPlugged Type : 2
D/CircleLockScreen( 2283): onRefreshBatteryInfo() showPatteryInfo: true pluggedIn: true batteryLevel: 15
D/SensorService( 2283): info.rates.add, set DEFAULT_EVENTS_PERIOD
D/SensorService( 2283): SensorDevice::activate  (enable 1, disable 0) = 1
D/SensorService( 2283): activating sensor enable handle=3 
D/SensorService( 2283): activating sensor enable, Done!
D/SensorService( 2283): SensorDevice::activating sensor handle=3 ns=200000000 
I/SensorService( 2283): info.selectDelay() ns=200000000  
D/SensorService( 2283): SensorDevice::setDelay, Return(true 1, false 0) =  1
D/SensorManager( 2283): registerListener :: handle = 3  name= CM36651 Light sensor delay= 200000 Listener= com.android.server.LightsService$4@42c4ed28
D/SensorManager( 2283): unregisterListener::  Listener= com.android.server.LightsService$4@42c4ed28
D/SensorService( 2283): SensorDevice::activate  (enable 1, disable 0) = 0
D/SensorService( 2283): activating sensor disable handle=3 
D/SensorService( 2283): activating sensor disable, Done!
D/SensorService( 2283): SensorDevice::activating sensor handle=3 ns=200000000 
D/lights  ( 2283): write pattern : g_led_info = 8
D/lights  ( 2283): led_pattern : 1 +
D/lights  ( 2283): led_pattern : 1 -
D/dalvikvm( 5902): GC_CONCURRENT freed 408K, 8% free 12718K/13767K, paused 8ms+9ms, total 84ms
E/Watchdog( 2283): !@Sync 70
D/ClockWidget( 2283): refreshTime()
D/ClockAlarmWidgetService( 9580): [ClockAlarmWidgetService] onReceive: action = android.intent.action.TIME_TICK
D/ClockWidget( 2283): TTS Message = Sono le 10:23, Luned, Ottobre 28
E/ClockAlarmWidget( 9580): [AlarmWidgetIdManager] getListItem() : itemIndex=0, widgetID:1
E/ClockAlarmWidget( 9580): [AlarmWidgetIdManager] getListItem() : ItemIndex exceed ListItemCount. itemIndex=1
E/ClockAlarmWidget( 9580): [AlarmWidgetIdManager] getListItem() : itemIndex=1, widgetID:1
D/ClockAlarmDataProvider( 9580): getAlarm() - too many same ID alarm data. nCount: 0
E/MtpService( 5459): In MTPAPP onReceive:android.intent.action.BATTERY_CHANGED
E/MtpService( 5459): battPlugged Type : 2
D/SensorService( 2283): info.rates.add, set DEFAULT_EVENTS_PERIOD
D/SensorService( 2283): SensorDevice::activate  (enable 1, disable 0) = 1
D/SensorService( 2283): activating sensor enable handle=3 
D/SensorService( 2283): activating sensor enable, Done!
D/SensorService( 2283): SensorDevice::activating sensor handle=3 ns=200000000 
I/SensorService( 2283): info.selectDelay() ns=200000000  
D/SensorService( 2283): SensorDevice::setDelay, Return(true 1, false 0) =  1
D/SensorManager( 2283): registerListener :: handle = 3  name= CM36651 Light sensor delay= 200000 Listener= com.android.server.LightsService$4@42c4ed28
D/SensorManager( 2283): unregisterListener::  Listener= com.android.server.LightsService$4@42c4ed28
D/SensorService( 2283): SensorDevice::activate  (enable 1, disable 0) = 0
D/SensorService( 2283): activating sensor disable handle=3 
D/SensorService( 2283): activating sensor disable, Done!
D/SensorService( 2283): SensorDevice::activating sensor handle=3 ns=200000000 
D/lights  ( 2283): write pattern : g_led_info = 8
D/lights  ( 2283): led_pattern : 1 +
D/lights  ( 2283): led_pattern : 1 -
E/Watchdog( 2283): !@Sync 71
E/MtpService( 5459): In MTPAPP onReceive:android.intent.action.BATTERY_CHANGED
E/MtpService( 5459): battPlugged Type : 2
D/SensorService( 2283): info.rates.add, set DEFAULT_EVENTS_PERIOD
D/SensorService( 2283): SensorDevice::activate  (enable 1, disable 0) = 1
D/SensorService( 2283): activating sensor enable handle=3 
D/SensorService( 2283): activating sensor enable, Done!
D/SensorService( 2283): SensorDevice::activating sensor handle=3 ns=200000000 
I/SensorService( 2283): info.selectDelay() ns=200000000  
D/SensorService( 2283): SensorDevice::setDelay, Return(true 1, false 0) =  1
D/SensorManager( 2283): registerListener :: handle = 3  name= CM36651 Light sensor delay= 200000 Listener= com.android.server.LightsService$4@42c4ed28
D/SensorManager( 2283): unregisterListener::  Listener= com.android.server.LightsService$4@42c4ed28
D/SensorService( 2283): SensorDevice::activate  (enable 1, disable 0) = 0
D/SensorService( 2283): activating sensor disable handle=3 
D/SensorService( 2283): activating sensor disable, Done!
D/SensorService( 2283): SensorDevice::activating sensor handle=3 ns=200000000 
D/lights  ( 2283): write pattern : g_led_info = 8
D/lights  ( 2283): led_pattern : 1 +
D/lights  ( 2283): led_pattern : 1 -
D/dalvikvm( 5114): GC_CONCURRENT freed 1793K, 11% free 20100K/22471K, paused 14ms+9ms, total 126ms
D/dalvikvm( 5114): WAIT_FOR_CONCURRENT_GC blocked 77ms
D/dalvikvm( 5114): GC_CONCURRENT freed 2418K, 14% free 19731K/22727K, paused 14ms+2ms, total 101ms
D/dalvikvm( 5114): WAIT_FOR_CONCURRENT_GC blocked 60ms
D/dalvikvm( 5114): GC_FOR_ALLOC freed 1264K, 12% free 20062K/22727K, paused 235ms, total 238ms
I/dalvikvm-heap( 5114): Grow heap (frag case) to 20.170MB for 16400-byte allocation
D/dalvikvm( 5114): GC_FOR_ALLOC freed 1K, 12% free 20076K/22791K, paused 116ms, total 116ms
E/Watchdog( 2283): !@Sync 72
D/ClockWidget( 2283): refreshTime()
D/ClockAlarmWidgetService( 9580): [ClockAlarmWidgetService] onReceive: action = android.intent.action.TIME_TICK
D/ClockWidget( 2283): TTS Message = Sono le 10:24, Luned, Ottobre 28
E/ClockAlarmWidget( 9580): [AlarmWidgetIdManager] getListItem() : itemIndex=0, widgetID:1
E/ClockAlarmWidget( 9580): [AlarmWidgetIdManager] getListItem() : ItemIndex exceed ListItemCount. itemIndex=1
E/ClockAlarmWidget( 9580): [AlarmWidgetIdManager] getListItem() : itemIndex=1, widgetID:1
D/ClockAlarmDataProvider( 9580): getAlarm() - too many same ID alarm data. nCount: 0
W/SignalStrength( 2596): getGsmLevel=3
W/SignalStrength( 2596): getLevel=3 (SignalStrength: 10 -1 -1 -1 -1 -1 -1 -1 -1 -1 -1 -1 gsm|lte 3)
W/SignalStrength( 2596): getGsmLevel=3
W/SignalStrength( 2596): getLevel=3 (SignalStrength: 10 -1 -1 -1 -1 -1 -1 -1 -1 -1 -1 -1 gsm|lte 3)
W/SignalStrength( 2283): getGsmLevel=3
W/SignalStrength( 2283): getLevel=3 (SignalStrength: 10 -1 -1 -1 -1 -1 -1 -1 -1 -1 -1 -1 gsm|lte 3)
W/SignalStrength( 2283): getGsmDbm=-93
W/SignalStrength( 2283): getDbm=-93
W/SignalStrength( 2283): getGsmAsuLevel=10
W/SignalStrength( 2283): getAsuLevel=10
E/MtpService( 5459): In MTPAPP onReceive:android.intent.action.BATTERY_CHANGED
E/MtpService( 5459): battPlugged Type : 2
D/SensorService( 2283): info.rates.add, set DEFAULT_EVENTS_PERIOD
D/SensorService( 2283): SensorDevice::activate  (enable 1, disable 0) = 1
D/SensorService( 2283): activating sensor enable handle=3 
D/SensorService( 2283): activating sensor enable, Done!
D/SensorService( 2283): SensorDevice::activating sensor handle=3 ns=200000000 
I/SensorService( 2283): info.selectDelay() ns=200000000  
D/SensorService( 2283): SensorDevice::setDelay, Return(true 1, false 0) =  1
D/SensorManager( 2283): registerListener :: handle = 3  name= CM36651 Light sensor delay= 200000 Listener= com.android.server.LightsService$4@42c4ed28
D/SensorManager( 2283): unregisterListener::  Listener= com.android.server.LightsService$4@42c4ed28
D/SensorService( 2283): SensorDevice::activate  (enable 1, disable 0) = 0
D/SensorService( 2283): activating sensor disable handle=3 
D/SensorService( 2283): activating sensor disable, Done!
D/SensorService( 2283): SensorDevice::activating sensor handle=3 ns=200000000 
D/lights  ( 2283): write pattern : g_led_info = 8
D/lights  ( 2283): led_pattern : 1 +
D/lights  ( 2283): led_pattern : 1 -
E/Watchdog( 2283): !@Sync 73
D/CircleLockScreen( 2283): onRefreshBatteryInfo() showPatteryInfo: true pluggedIn: true batteryLevel: 16
E/MtpService( 5459): In MTPAPP onReceive:android.intent.action.BATTERY_CHANGED
E/MtpService( 5459): battPlugged Type : 2
D/SensorService( 2283): info.rates.add, set DEFAULT_EVENTS_PERIOD
D/SensorService( 2283): SensorDevice::activate  (enable 1, disable 0) = 1
D/SensorService( 2283): activating sensor enable handle=3 
D/SensorService( 2283): activating sensor enable, Done!
D/SensorService( 2283): SensorDevice::activating sensor handle=3 ns=200000000 
I/SensorService( 2283): info.selectDelay() ns=200000000  
D/SensorService( 2283): SensorDevice::setDelay, Return(true 1, false 0) =  1
D/SensorManager( 2283): registerListener :: handle = 3  name= CM36651 Light sensor delay= 200000 Listener= com.android.server.LightsService$4@42c4ed28
E/SPPClientService( 5902): [PushClientService] onStartCommand. F:false, D:false, E:false, T:false, S:false, R:false
D/SensorManager( 2283): unregisterListener::  Listener= com.android.server.LightsService$4@42c4ed28
D/SensorService( 2283): SensorDevice::activate  (enable 1, disable 0) = 0
D/SensorService( 2283): activating sensor disable handle=3 
D/SensorService( 2283): activating sensor disable, Done!
D/SensorService( 2283): SensorDevice::activating sensor handle=3 ns=200000000 
D/lights  ( 2283): write pattern : g_led_info = 8
D/lights  ( 2283): led_pattern : 1 +
D/lights  ( 2283): led_pattern : 1 -
E/Watchdog( 2283): !@Sync 74
D/ClockWidget( 2283): refreshTime()
D/ClockAlarmWidgetService( 9580): [ClockAlarmWidgetService] onReceive: action = android.intent.action.TIME_TICK
D/ClockWidget( 2283): TTS Message = Sono le 10:25, Luned, Ottobre 28
E/ClockAlarmWidget( 9580): [AlarmWidgetIdManager] getListItem() : itemIndex=0, widgetID:1
E/ClockAlarmWidget( 9580): [AlarmWidgetIdManager] getListItem() : ItemIndex exceed ListItemCount. itemIndex=1
E/ClockAlarmWidget( 9580): [AlarmWidgetIdManager] getListItem() : itemIndex=1, widgetID:1
D/ClockAlarmDataProvider( 9580): getAlarm() - too many same ID alarm data. nCount: 0
E/MtpService( 5459): In MTPAPP onReceive:android.intent.action.BATTERY_CHANGED
E/MtpService( 5459): battPlugged Type : 2
D/SensorService( 2283): info.rates.add, set DEFAULT_EVENTS_PERIOD
D/SensorService( 2283): SensorDevice::activate  (enable 1, disable 0) = 1
D/SensorService( 2283): activating sensor enable handle=3 
D/SensorService( 2283): activating sensor enable, Done!
D/SensorService( 2283): SensorDevice::activating sensor handle=3 ns=200000000 
I/SensorService( 2283): info.selectDelay() ns=200000000  
D/SensorService( 2283): SensorDevice::setDelay, Return(true 1, false 0) =  1
D/SensorManager( 2283): registerListener :: handle = 3  name= CM36651 Light sensor delay= 200000 Listener= com.android.server.LightsService$4@42c4ed28
D/SensorManager( 2283): unregisterListener::  Listener= com.android.server.LightsService$4@42c4ed28
D/SensorService( 2283): SensorDevice::activate  (enable 1, disable 0) = 0
D/SensorService( 2283): activating sensor disable handle=3 
D/SensorService( 2283): activating sensor disable, Done!
D/SensorService( 2283): SensorDevice::activating sensor handle=3 ns=200000000 
D/lights  ( 2283): write pattern : g_led_info = 8
D/lights  ( 2283): led_pattern : 1 +
D/lights  ( 2283): led_pattern : 1 -
E/Watchdog( 2283): !@Sync 75
E/MtpService( 5459): In MTPAPP onReceive:android.intent.action.BATTERY_CHANGED
E/MtpService( 5459): battPlugged Type : 2
D/SensorService( 2283): info.rates.add, set DEFAULT_EVENTS_PERIOD
D/SensorService( 2283): SensorDevice::activate  (enable 1, disable 0) = 1
D/SensorService( 2283): activating sensor enable handle=3 
D/SensorService( 2283): activating sensor enable, Done!
D/SensorService( 2283): SensorDevice::activating sensor handle=3 ns=200000000 
I/SensorService( 2283): info.selectDelay() ns=200000000  
D/SensorService( 2283): SensorDevice::setDelay, Return(true 1, false 0) =  1
D/SensorManager( 2283): registerListener :: handle = 3  name= CM36651 Light sensor delay= 200000 Listener= com.android.server.LightsService$4@42c4ed28
D/SensorManager( 2283): unregisterListener::  Listener= com.android.server.LightsService$4@42c4ed28
D/SensorService( 2283): SensorDevice::activate  (enable 1, disable 0) = 0
D/SensorService( 2283): activating sensor disable handle=3 
D/SensorService( 2283): activating sensor disable, Done!
D/SensorService( 2283): SensorDevice::activating sensor handle=3 ns=200000000 
D/lights  ( 2283): write pattern : g_led_info = 8
D/lights  ( 2283): led_pattern : 1 +
D/lights  ( 2283): led_pattern : 1 -
E/Watchdog( 2283): !@Sync 76
D/ClockWidget( 2283): refreshTime()
D/ClockAlarmWidgetService( 9580): [ClockAlarmWidgetService] onReceive: action = android.intent.action.TIME_TICK
D/ClockWidget( 2283): TTS Message = Sono le 10:26, Luned, Ottobre 28
E/ClockAlarmWidget( 9580): [AlarmWidgetIdManager] getListItem() : itemIndex=0, widgetID:1
E/ClockAlarmWidget( 9580): [AlarmWidgetIdManager] getListItem() : ItemIndex exceed ListItemCount. itemIndex=1
E/ClockAlarmWidget( 9580): [AlarmWidgetIdManager] getListItem() : itemIndex=1, widgetID:1
D/ClockAlarmDataProvider( 9580): getAlarm() - too many same ID alarm data. nCount: 0
E/MtpService( 5459): In MTPAPP onReceive:android.intent.action.BATTERY_CHANGED
E/MtpService( 5459): battPlugged Type : 2
D/SensorService( 2283): info.rates.add, set DEFAULT_EVENTS_PERIOD
D/SensorService( 2283): SensorDevice::activate  (enable 1, disable 0) = 1
D/SensorService( 2283): activating sensor enable handle=3 
D/SensorService( 2283): activating sensor enable, Done!
D/SensorService( 2283): SensorDevice::activating sensor handle=3 ns=200000000 
I/SensorService( 2283): info.selectDelay() ns=200000000  
D/SensorService( 2283): SensorDevice::setDelay, Return(true 1, false 0) =  1
D/SensorManager( 2283): registerListener :: handle = 3  name= CM36651 Light sensor delay= 200000 Listener= com.android.server.LightsService$4@42c4ed28
D/SensorManager( 2283): unregisterListener::  Listener= com.android.server.LightsService$4@42c4ed28
D/SensorService( 2283): SensorDevice::activate  (enable 1, disable 0) = 0
D/SensorService( 2283): activating sensor disable handle=3 
D/SensorService( 2283): activating sensor disable, Done!
D/SensorService( 2283): SensorDevice::activating sensor handle=3 ns=200000000 
D/lights  ( 2283): write pattern : g_led_info = 8
D/lights  ( 2283): led_pattern : 1 +
D/lights  ( 2283): led_pattern : 1 -
E/Watchdog( 2283): !@Sync 77
W/SignalStrength( 2596): getGsmLevel=3
W/SignalStrength( 2596): getLevel=3 (SignalStrength: 9 -1 -1 -1 -1 -1 -1 -1 -1 -1 -1 -1 gsm|lte 3)
W/SignalStrength( 2596): getGsmLevel=3
W/SignalStrength( 2596): getLevel=3 (SignalStrength: 9 -1 -1 -1 -1 -1 -1 -1 -1 -1 -1 -1 gsm|lte 3)
W/SignalStrength( 2283): getGsmLevel=3
W/SignalStrength( 2283): getLevel=3 (SignalStrength: 9 -1 -1 -1 -1 -1 -1 -1 -1 -1 -1 -1 gsm|lte 3)
W/SignalStrength( 2283): getGsmDbm=-95
W/SignalStrength( 2283): getDbm=-95
W/SignalStrength( 2283): getGsmAsuLevel=9
W/SignalStrength( 2283): getAsuLevel=9
E/MtpService( 5459): In MTPAPP onReceive:android.intent.action.BATTERY_CHANGED
E/MtpService( 5459): battPlugged Type : 2
D/SensorService( 2283): info.rates.add, set DEFAULT_EVENTS_PERIOD
D/SensorService( 2283): SensorDevice::activate  (enable 1, disable 0) = 1
D/SensorService( 2283): activating sensor enable handle=3 
D/SensorService( 2283): activating sensor enable, Done!
D/SensorService( 2283): SensorDevice::activating sensor handle=3 ns=200000000 
I/SensorService( 2283): info.selectDelay() ns=200000000  
D/SensorService( 2283): SensorDevice::setDelay, Return(true 1, false 0) =  1
D/SensorManager( 2283): registerListener :: handle = 3  name= CM36651 Light sensor delay= 200000 Listener= com.android.server.LightsService$4@42c4ed28
D/SensorManager( 2283): unregisterListener::  Listener= com.android.server.LightsService$4@42c4ed28
D/SensorService( 2283): SensorDevice::activate  (enable 1, disable 0) = 0
D/SensorService( 2283): activating sensor disable handle=3 
D/SensorService( 2283): activating sensor disable, Done!
D/SensorService( 2283): SensorDevice::activating sensor handle=3 ns=200000000 
D/lights  ( 2283): write pattern : g_led_info = 8
D/lights  ( 2283): led_pattern : 1 +
D/lights  ( 2283): led_pattern : 1 -
E/Watchdog( 2283): !@Sync 78
D/ClockWidget( 2283): refreshTime()
D/ClockWidget( 2283): TTS Message = Sono le 10:27, Luned, Ottobre 28
D/ClockAlarmWidgetService( 9580): [ClockAlarmWidgetService] onReceive: action = android.intent.action.TIME_TICK
